******************************************************************************
                  TI ARM Linker PC v18.1.4                     
******************************************************************************
>> Linked Sat Jul 29 15:36:09 2023

OUTPUT FILE NAME:   <ASSIGMENT1B.out>
ENTRY POINT SYMBOL: "_c_int00_noargs"  address: 0000088d


MEMORY CONFIGURATION

         name            origin    length      used     unused   attr    fill
----------------------  --------  ---------  --------  --------  ----  --------
  FLASH                 00000000   00100000  0000095e  000ff6a2  R  X
  SRAM                  20000000   00040000  00000204  0003fdfc  RW X


SEGMENT ALLOCATION MAP

run origin  load origin   length   init length attrs members
----------  ----------- ---------- ----------- ----- -------
00000000    00000000    00000960   00000960    r-x
  00000000    00000000    00000208   00000208    r-- .intvecs
  00000208    00000208    0000073e   0000073e    r-x .text
  00000948    00000948    00000018   00000018    r-- .cinit
20000000    20000000    00000204   00000000    rw-
  20000000    20000000    00000200   00000000    rw- .stack
  20000200    20000200    00000004   00000000    rw- .data


SECTION ALLOCATION MAP

 output                                  attributes/
section   page    origin      length       input sections
--------  ----  ----------  ----------   ----------------
.intvecs   0    00000000    00000208     
                  00000000    00000208     tm4c129encpdt_startup_ccs.obj (.intvecs)

.text      0    00000208    0000073e     
                  00000208    000002d4     pinout.obj (.text)
                  000004dc    00000132     driverlib.lib : gpio.obj (.text:GPIOPadConfigSet)
                  0000060e    00000002     --HOLE-- [fill = 0]
                  00000610    000000bc     buttons.obj (.text)
                  000006cc    0000009c     rtsv7M4_T_le_v4SPD16_eabi.lib : memcpy_t2.asm.obj (.text)
                  00000768    00000078     main.obj (.text)
                  000007e0    00000068     rtsv7M4_T_le_v4SPD16_eabi.lib : copy_decompress_lzss.c.obj (.text:decompress:lzss:__TI_decompress_lzss)
                  00000848    00000044                                   : autoinit.c.obj (.text:__TI_auto_init_nobinit_nopinit:__TI_auto_init_nobinit_nopinit)
                  0000088c    00000038                                   : boot_cortex_m.c.obj (.text:_c_int00_noargs:_c_int00_noargs)
                  000008c4    0000002a     driverlib.lib : gpio.obj (.text:GPIODirModeSet)
                  000008ee    00000018                   : gpio.obj (.text:GPIOPinTypeGPIOOutput)
                  00000906    00000012                   : gpio.obj (.text:GPIOPinTypeEthernetLED)
                  00000918    0000000e     rtsv7M4_T_le_v4SPD16_eabi.lib : copy_decompress_none.c.obj (.text:decompress:none:__TI_decompress_none)
                  00000926    0000000c     tm4c129encpdt_startup_ccs.obj (.text)
                  00000932    00000006     driverlib.lib : gpio.obj (.text:GPIOPinRead)
                  00000938    00000006                   : gpio.obj (.text:GPIOPinWrite)
                  0000093e    00000004     rtsv7M4_T_le_v4SPD16_eabi.lib : pre_init.c.obj (.text:_system_pre_init)
                  00000942    00000004                                   : exit.c.obj (.text:abort:abort)

.cinit     0    00000948    00000018     
                  00000948    00000008     (.cinit..data.load) [load image, compression = lzss]
                  00000950    00000008     (__TI_handler_table)
                  00000958    00000008     (__TI_cinit_table)

.init_array 
*          0    00000000    00000000     UNINITIALIZED

.data      0    20000200    00000004     UNINITIALIZED
                  20000200    00000004     buttons.obj (.data:$O1$$)

.stack     0    20000000    00000200     UNINITIALIZED
                  20000000    00000004     rtsv7M4_T_le_v4SPD16_eabi.lib : boot_cortex_m.c.obj (.stack)
                  20000004    000001fc     --HOLE--

MODULE SUMMARY

       Module                          code   ro data   rw data
       ------                          ----   -------   -------
    .\
       tm4c129encpdt_startup_ccs.obj   12     520       0      
       main.obj                        120    0         0      
    +--+-------------------------------+------+---------+---------+
       Total:                          132    520       0      
                                                               
    .\driver\
       pinout.obj                      724    0         0      
       buttons.obj                     188    0         4      
    +--+-------------------------------+------+---------+---------+
       Total:                          912    0         4      
                                                               
    C:/ti/tivaware_c_series_2_1_4_178/driverlib/ccs/Debug/driverlib.lib
       gpio.obj                        402    0         0      
    +--+-------------------------------+------+---------+---------+
       Total:                          402    0         0      
                                                               
    C:\ti\ccsv8\tools\compiler\ti-cgt-arm_18.1.4.LTS\lib\rtsv7M4_T_le_v4SPD16_eabi.lib
       memcpy_t2.asm.obj               156    0         0      
       copy_decompress_lzss.c.obj      104    0         0      
       autoinit.c.obj                  68     0         0      
       boot_cortex_m.c.obj             56     0         0      
       copy_decompress_none.c.obj      14     0         0      
       exit.c.obj                      4      0         0      
       pre_init.c.obj                  4      0         0      
    +--+-------------------------------+------+---------+---------+
       Total:                          406    0         0      
                                                               
       Stack:                          0      0         512    
       Linker Generated:               0      24        0      
    +--+-------------------------------+------+---------+---------+
       Grand Total:                    1852   544       516    


LINKER GENERATED COPY TABLES

__TI_cinit_table @ 00000958 records: 1, size/record: 8, table size: 8
	.data: load addr=00000948, load size=00000008 bytes, run addr=20000200, run size=00000004 bytes, compression=lzss


LINKER GENERATED HANDLER TABLE

__TI_handler_table @ 00000950 records: 2, size/record: 4, table size: 8
	index: 0, handler: __TI_decompress_lzss
	index: 1, handler: __TI_decompress_none


GLOBAL SYMBOLS: SORTED ALPHABETICALLY BY Name 

address   name                          
-------   ----                          
0000067f  ButtonsInit                   
00000611  ButtonsPoll                   
00000943  C$$EXIT                       
000008c5  GPIODirModeSet                
000004dd  GPIOPadConfigSet              
00000933  GPIOPinRead                   
00000907  GPIOPinTypeEthernetLED        
000008ef  GPIOPinTypeGPIOOutput         
00000939  GPIOPinWrite                  
00000455  LEDRead                       
000003f1  LEDWrite                      
00000209  PinoutSet                     
00000927  ResetISR                      
20000200  __STACK_END                   
00000200  __STACK_SIZE                  
20000200  __STACK_TOP                   
00000958  __TI_CINIT_Base               
00000960  __TI_CINIT_Limit              
00000950  __TI_Handler_Table_Base       
00000958  __TI_Handler_Table_Limit      
00000849  __TI_auto_init_nobinit_nopinit
000007e1  __TI_decompress_lzss          
00000919  __TI_decompress_none          
ffffffff  __TI_pprof_out_hndl           
ffffffff  __TI_prof_data_size           
ffffffff  __TI_prof_data_start          
00000000  __TI_static_base__            
000006cd  __aeabi_memcpy                
000006cd  __aeabi_memcpy4               
000006cd  __aeabi_memcpy8               
ffffffff  __binit__                     
ffffffff  __c_args__                    
UNDEFED   __mpu_init                    
20000000  __stack                       
0000088d  _c_int00_noargs               
UNDEFED   _system_post_cinit            
0000093f  _system_pre_init              
00000943  abort                         
ffffffff  binit                         
00000000  g_pfnVectors                  
00000769  main                          
000006cd  memcpy                        


GLOBAL SYMBOLS: SORTED BY Symbol Address 

address   name                          
-------   ----                          
00000000  __TI_static_base__            
00000000  g_pfnVectors                  
00000200  __STACK_SIZE                  
00000209  PinoutSet                     
000003f1  LEDWrite                      
00000455  LEDRead                       
000004dd  GPIOPadConfigSet              
00000611  ButtonsPoll                   
0000067f  ButtonsInit                   
000006cd  __aeabi_memcpy                
000006cd  __aeabi_memcpy4               
000006cd  __aeabi_memcpy8               
000006cd  memcpy                        
00000769  main                          
000007e1  __TI_decompress_lzss          
00000849  __TI_auto_init_nobinit_nopinit
0000088d  _c_int00_noargs               
000008c5  GPIODirModeSet                
000008ef  GPIOPinTypeGPIOOutput         
00000907  GPIOPinTypeEthernetLED        
00000919  __TI_decompress_none          
00000927  ResetISR                      
00000933  GPIOPinRead                   
00000939  GPIOPinWrite                  
0000093f  _system_pre_init              
00000943  C$$EXIT                       
00000943  abort                         
00000950  __TI_Handler_Table_Base       
00000958  __TI_CINIT_Base               
00000958  __TI_Handler_Table_Limit      
00000960  __TI_CINIT_Limit              
20000000  __stack                       
20000200  __STACK_END                   
20000200  __STACK_TOP                   
ffffffff  __TI_pprof_out_hndl           
ffffffff  __TI_prof_data_size           
ffffffff  __TI_prof_data_start          
ffffffff  __binit__                     
ffffffff  __c_args__                    
ffffffff  binit                         
UNDEFED   __mpu_init                    
UNDEFED   _system_post_cinit            

[42 symbols]
