******************************************************************************
                  TI ARM Linker PC v18.1.4                     
******************************************************************************
>> Linked Sat Jul 29 15:36:20 2023

OUTPUT FILE NAME:   <LAB4B.out>
ENTRY POINT SYMBOL: "_c_int00_noargs"  address: 00000489


MEMORY CONFIGURATION

         name            origin    length      used     unused   attr    fill
----------------------  --------  ---------  --------  --------  ----  --------
  FLASH                 00000000   00100000  000004fa  000ffb06  R  X
  SRAM                  20000000   00040000  00000265  0003fd9b  RW X


SEGMENT ALLOCATION MAP

run origin  load origin   length   init length attrs members
----------  ----------- ---------- ----------- ----- -------
00000000    00000000    000004fc   000004fc    r-x
  00000000    00000000    00000208   00000208    r-- .intvecs
  00000208    00000208    000002de   000002de    r-x .text
  000004e8    000004e8    00000014   00000014    r-- .cinit
20000000    20000000    00000265   00000000    rw-
  20000000    20000000    00000200   00000000    rw- .stack
  20000200    20000200    00000065   00000000    rw- .bss


SECTION ALLOCATION MAP

 output                                  attributes/
section   page    origin      length       input sections
--------  ----  ----------  ----------   ----------------
.intvecs   0    00000000    00000208     
                  00000000    00000208     tm4c129encpdt_startup_ccs.obj (.intvecs)

.text      0    00000208    000002de     
                  00000208    00000150     Uart.obj (.text)
                  00000358    000000ec     LAB4.obj (.text)
                  00000444    00000044     rtsv7M4_T_le_v4SPD16_eabi.lib : autoinit.c.obj (.text:__TI_auto_init_nobinit_nopinit:__TI_auto_init_nobinit_nopinit)
                  00000488    00000038                                   : boot_cortex_m.c.obj (.text:_c_int00_noargs:_c_int00_noargs)
                  000004c0    00000012                                   : copy_zero_init.c.obj (.text:decompress:ZI:__TI_zero_init_nomemset:__TI_zero_init_nomemset)
                  000004d2    0000000c     tm4c129encpdt_startup_ccs.obj (.text)
                  000004de    00000004     rtsv7M4_T_le_v4SPD16_eabi.lib : pre_init.c.obj (.text:_system_pre_init)
                  000004e2    00000004                                   : exit.c.obj (.text:abort:abort)

.cinit     0    000004e8    00000014     
                  000004e8    00000008     (.cinit..bss.load) [load image, compression = zero_init]
                  000004f0    00000004     (__TI_handler_table)
                  000004f4    00000008     (__TI_cinit_table)

.init_array 
*          0    00000000    00000000     UNINITIALIZED

.bss       0    20000200    00000065     UNINITIALIZED
                  20000200    00000064     (.common:myString)
                  20000264    00000001     (.common:c)

.stack     0    20000000    00000200     UNINITIALIZED
                  20000000    00000004     rtsv7M4_T_le_v4SPD16_eabi.lib : boot_cortex_m.c.obj (.stack)
                  20000004    000001fc     --HOLE--

MODULE SUMMARY

       Module                          code   ro data   rw data
       ------                          ----   -------   -------
    .\
       tm4c129encpdt_startup_ccs.obj   12     520       0      
       LAB4.obj                        236    0         101    
    +--+-------------------------------+------+---------+---------+
       Total:                          248    520       101    
                                                               
    .\drivers\
       Uart.obj                        336    0         0      
    +--+-------------------------------+------+---------+---------+
       Total:                          336    0         0      
                                                               
    C:\ti\ccsv8\tools\compiler\ti-cgt-arm_18.1.4.LTS\lib\rtsv7M4_T_le_v4SPD16_eabi.lib
       autoinit.c.obj                  68     0         0      
       boot_cortex_m.c.obj             56     0         0      
       copy_zero_init.c.obj            18     0         0      
       exit.c.obj                      4      0         0      
       pre_init.c.obj                  4      0         0      
    +--+-------------------------------+------+---------+---------+
       Total:                          150    0         0      
                                                               
       Stack:                          0      0         512    
       Linker Generated:               0      20        0      
    +--+-------------------------------+------+---------+---------+
       Grand Total:                    734    540       613    


LINKER GENERATED COPY TABLES

__TI_cinit_table @ 000004f4 records: 1, size/record: 8, table size: 8
	.bss: load addr=000004e8, load size=00000008 bytes, run addr=20000200, run size=00000065 bytes, compression=zero_init


LINKER GENERATED HANDLER TABLE

__TI_handler_table @ 000004f0 records: 1, size/record: 4, table size: 4
	index: 0, handler: __TI_zero_init


GLOBAL SYMBOLS: SORTED ALPHABETICALLY BY Name 

address   name                          
-------   ----                          
000004e3  C$$EXIT                       
000004d3  ResetISR                      
000002f3  UART_Init                     
000002d3  USART_end                     
0000029f  USART_getChar                 
000002af  USART_getString               
0000027d  USART_putChar                 
0000028b  USART_putString               
00000209  USART_reset                   
20000200  __STACK_END                   
00000200  __STACK_SIZE                  
20000200  __STACK_TOP                   
000004f4  __TI_CINIT_Base               
000004fc  __TI_CINIT_Limit              
000004f0  __TI_Handler_Table_Base       
000004f4  __TI_Handler_Table_Limit      
00000445  __TI_auto_init_nobinit_nopinit
ffffffff  __TI_pprof_out_hndl           
ffffffff  __TI_prof_data_size           
ffffffff  __TI_prof_data_start          
00000000  __TI_static_base__            
000004c1  __TI_zero_init_nomemset       
ffffffff  __binit__                     
ffffffff  __c_args__                    
UNDEFED   __mpu_init                    
20000000  __stack                       
00000489  _c_int00_noargs               
UNDEFED   _system_post_cinit            
000004df  _system_pre_init              
000004e3  abort                         
ffffffff  binit                         
20000264  c                             
00000000  g_pfnVectors                  
00000359  main                          
20000200  myString                      


GLOBAL SYMBOLS: SORTED BY Symbol Address 

address   name                          
-------   ----                          
00000000  __TI_static_base__            
00000000  g_pfnVectors                  
00000200  __STACK_SIZE                  
00000209  USART_reset                   
0000027d  USART_putChar                 
0000028b  USART_putString               
0000029f  USART_getChar                 
000002af  USART_getString               
000002d3  USART_end                     
000002f3  UART_Init                     
00000359  main                          
00000445  __TI_auto_init_nobinit_nopinit
00000489  _c_int00_noargs               
000004c1  __TI_zero_init_nomemset       
000004d3  ResetISR                      
000004df  _system_pre_init              
000004e3  C$$EXIT                       
000004e3  abort                         
000004f0  __TI_Handler_Table_Base       
000004f4  __TI_CINIT_Base               
000004f4  __TI_Handler_Table_Limit      
000004fc  __TI_CINIT_Limit              
20000000  __stack                       
20000200  __STACK_END                   
20000200  __STACK_TOP                   
20000200  myString                      
20000264  c                             
ffffffff  __TI_pprof_out_hndl           
ffffffff  __TI_prof_data_size           
ffffffff  __TI_prof_data_start          
ffffffff  __binit__                     
ffffffff  __c_args__                    
ffffffff  binit                         
UNDEFED   __mpu_init                    
UNDEFED   _system_post_cinit            

[35 symbols]
