******************************************************************************
                  TI ARM Linker PC v20.2.7                     
******************************************************************************
>> Linked Thu Oct 26 21:54:29 2023

OUTPUT FILE NAME:   <LAB61.out>
ENTRY POINT SYMBOL: "_c_int00_noargs"  address: 00002979


MEMORY CONFIGURATION

         name            origin    length      used     unused   attr    fill
----------------------  --------  ---------  --------  --------  ----  --------
  FLASH                 00000000   00100000  00002da4  000fd25c  R  X
  SRAM                  20000000   00040000  0000c708  000338f8  RW X


SEGMENT ALLOCATION MAP

run origin  load origin   length   init length attrs members
----------  ----------- ---------- ----------- ----- -------
00000000    00000000    00002da8   00002da8    r-x
  00000000    00000000    00000208   00000208    r-- .intvecs
  00000208    00000208    0000287c   0000287c    r-x .text
  00002a84    00002a84    000002e8   000002e8    r-- .const
  00002d70    00002d70    00000038   00000038    r-- .cinit
20000000    20000000    0000c708   00000000    rw-
  20000000    20000000    0000c4b0   00000000    rw- .bss
  2000c4b0    2000c4b0    00000200   00000000    rw- .stack
  2000c6b0    2000c6b0    00000058   00000000    rw- .data


SECTION ALLOCATION MAP

 output                                  attributes/
section   page    origin      length       input sections
--------  ----  ----------  ----------   ----------------
.intvecs   0    00000000    00000208     
                  00000000    00000208     tm4c129encpdt_startup_ccs.obj (.intvecs)

.text      0    00000208    0000287c     
                  00000208    00001180     tasks.obj (.text)
                  00001388    000006c4     queue.obj (.text)
                  00001a4c    0000038c     timers.obj (.text)
                  00001dd8    0000024c     FreeRtos_Example.obj (.text)
                  00002024    00000200     driverlib.lib : sysctl.obj (.text:SysCtlClockFreqSet)
                  00002224    00000132                   : gpio.obj (.text:GPIOPadConfigSet)
                  00002356    00000002     --HOLE-- [fill = 0]
                  00002358    00000118     heap_2.obj (.text)
                  00002470    000000dc     port.obj (.text)
                  0000254c    000000d2     portasm.obj (.text)
                  0000261e    0000009c     rtsv7M4_T_le_v4SPD16_eabi.lib : memcpy_t2.asm.obj (.text)
                  000026ba    0000008c     list.obj (.text)
                  00002746    0000007a     rtsv7M4_T_le_v4SPD16_eabi.lib : memset_t2.asm.obj (.text)
                  000027c0    00000068                                   : copy_decompress_lzss.c.obj (.text:decompress:lzss:__TI_decompress_lzss)
                  00002828    00000048     driverlib.lib : gpio.obj (.text:GPIOPinConfigure)
                  00002870    00000048                   : sysctl.obj (.text:_SysCtlFrequencyGet)
                  000028b8    00000046                   : uart.obj (.text:UARTConfigSetExpClk)
                  000028fe    00000002     --HOLE-- [fill = 0]
                  00002900    00000044     rtsv7M4_T_le_v4SPD16_eabi.lib : autoinit.c.obj (.text:__TI_auto_init_nobinit_nopinit:__TI_auto_init_nobinit_nopinit)
                  00002944    00000034     driverlib.lib : sysctl.obj (.text:SysCtlPeripheralEnable)
                  00002978    00000034     rtsv7M4_T_le_v4SPD16_eabi.lib : boot_cortex_m.c.obj (.text:_c_int00_noargs:_c_int00_noargs)
                  000029ac    0000002a     driverlib.lib : gpio.obj (.text:GPIODirModeSet)
                  000029d6    00000002     --HOLE-- [fill = 0]
                  000029d8    00000020                   : uart.obj (.text:UARTDisable)
                  000029f8    00000020                   : sysctl.obj (.text:_SysCtlMemTimingGet)
                  00002a18    00000014                   : uart.obj (.text:UARTEnable)
                  00002a2c    00000012                   : gpio.obj (.text:GPIOPinTypeUART)
                  00002a3e    0000000e                   : uart.obj (.text:UARTCharPutNonBlocking)
                  00002a4c    0000000e     rtsv7M4_T_le_v4SPD16_eabi.lib : copy_decompress_none.c.obj (.text:decompress:none:__TI_decompress_none)
                  00002a5a    0000000c                                   : copy_zero_init.c.obj (.text:decompress:ZI:__TI_zero_init)
                  00002a66    0000000c     tm4c129encpdt_startup_ccs.obj (.text)
                  00002a72    0000000a     driverlib.lib : uart.obj (.text:UARTCharPut)
                  00002a7c    00000004     rtsv7M4_T_le_v4SPD16_eabi.lib : pre_init.c.obj (.text:_system_pre_init)
                  00002a80    00000004                                   : exit.c.obj (.text:abort:abort)

.const     0    00002a84    000002e8     
                  00002a84    000001b0     driverlib.lib : sysctl.obj (.const:g_pppui32XTALtoVCO)
                  00002c34    00000090                   : gpio.obj (.const:g_pui32GPIOBaseAddrs)
                  00002cc4    0000006c                   : sysctl.obj (.const:g_pui32Xtals)
                  00002d30    00000030                   : sysctl.obj (.const:g_sXTALtoMEMTIM)
                  00002d60    00000008                   : sysctl.obj (.const)
                  00002d68    00000004     port.obj (.const)

.cinit     0    00002d70    00000038     
                  00002d70    0000000f     (.cinit..data.load) [load image, compression = lzss]
                  00002d7f    00000001     --HOLE-- [fill = 0]
                  00002d80    0000000c     (__TI_handler_table)
                  00002d8c    00000004     --HOLE-- [fill = 0]
                  00002d90    00000008     (.cinit..bss.load) [load image, compression = zero_init]
                  00002d98    00000010     (__TI_cinit_table)

.init_array 
*          0    00000000    00000000     UNINITIALIZED

.bss       0    20000000    0000c4b0     UNINITIALIZED
                  20000000    0000c350     heap_2.obj (.bss:ucHeap)
                  2000c350    00000064     tasks.obj (.bss:pxReadyTasksLists)
                  2000c3b4    00000040     (.common:xQueueRegistry)
                  2000c3f4    00000014     timers.obj (.bss:xActiveTimerList1)
                  2000c408    00000014     timers.obj (.bss:xActiveTimerList2)
                  2000c41c    00000014     tasks.obj (.bss:xDelayedTaskList1)
                  2000c430    00000014     tasks.obj (.bss:xDelayedTaskList2)
                  2000c444    00000014     tasks.obj (.bss:xPendingReadyList)
                  2000c458    00000014     tasks.obj (.bss:xSuspendedTaskList)
                  2000c46c    00000014     tasks.obj (.bss:xTasksWaitingTermination)
                  2000c480    0000000c     (.common:buffer)
                  2000c48c    00000008     tasks.obj (.bss)
                  2000c494    00000008     timers.obj (.bss)
                  2000c49c    00000008     heap_2.obj (.bss:xEnd)
                  2000c4a4    00000008     heap_2.obj (.bss:xStart)
                  2000c4ac    00000004     (.common:system_clock)

.data      0    2000c6b0    00000058     UNINITIALIZED
                  2000c6b0    00000030     tasks.obj (.data)
                  2000c6e0    00000014     FreeRtos_Example.obj (.data)
                  2000c6f4    00000008     heap_2.obj (.data)
                  2000c6fc    00000008     timers.obj (.data)
                  2000c704    00000004     port.obj (.data)

.stack     0    2000c4b0    00000200     UNINITIALIZED
                  2000c4b0    00000004     rtsv7M4_T_le_v4SPD16_eabi.lib : boot_cortex_m.c.obj (.stack)
                  2000c4b4    000001fc     --HOLE--

__llvm_prf_cnts 
*          0    20000000    00000000     UNINITIALIZED

MODULE SUMMARY

       Module                          code    ro data   rw data
       ------                          ----    -------   -------
    .\
       FreeRtos_Example.obj            588     0         36     
       tm4c129encpdt_startup_ccs.obj   12      520       0      
    +--+-------------------------------+-------+---------+---------+
       Total:                          600     520       36     
                                                                
    .\FreeRTOS\
       tasks.obj                       4480    0         256    
       queue.obj                       1732    0         64     
       timers.obj                      908     0         56     
       list.obj                        140     0         0      
    +--+-------------------------------+-------+---------+---------+
       Total:                          7260    0         376    
                                                                
    .\FreeRTOS\portable\CCS\ARM_CM4F\
       port.obj                        220     4         4      
       portasm.obj                     210     0         0      
    +--+-------------------------------+-------+---------+---------+
       Total:                          430     4         4      
                                                                
    .\FreeRTOS\portable\MemMang\
       heap_2.obj                      280     0         50024  
    +--+-------------------------------+-------+---------+---------+
       Total:                          280     0         50024  
                                                                
    C:/ti/tivaware_c_series_2_1_4_178/driverlib/ccs/Debug/driverlib.lib
       sysctl.obj                      668     596       0      
       gpio.obj                        438     144       0      
       uart.obj                        146     0         0      
    +--+-------------------------------+-------+---------+---------+
       Total:                          1252    740       0      
                                                                
    C:\ti\ccs1210\ccs\tools\compiler\ti-cgt-arm_20.2.7.LTS\lib\rtsv7M4_T_le_v4SPD16_eabi.lib
       memcpy_t2.asm.obj               156     0         0      
       memset_t2.asm.obj               122     0         0      
       copy_decompress_lzss.c.obj      104     0         0      
       autoinit.c.obj                  68      0         0      
       boot_cortex_m.c.obj             52      0         0      
       copy_decompress_none.c.obj      14      0         0      
       copy_zero_init.c.obj            12      0         0      
       exit.c.obj                      4       0         0      
       pre_init.c.obj                  4       0         0      
    +--+-------------------------------+-------+---------+---------+
       Total:                          536     0         0      
                                                                
       Stack:                          0       0         512    
       Linker Generated:               0       51        0      
    +--+-------------------------------+-------+---------+---------+
       Grand Total:                    10358   1315      50952  


LINKER GENERATED COPY TABLES

__TI_cinit_table @ 00002d98 records: 2, size/record: 8, table size: 16
	.data: load addr=00002d70, load size=0000000f bytes, run addr=2000c6b0, run size=00000058 bytes, compression=lzss
	.bss: load addr=00002d90, load size=00000008 bytes, run addr=20000000, run size=0000c4b0 bytes, compression=zero_init


LINKER GENERATED HANDLER TABLE

__TI_handler_table @ 00002d80 records: 3, size/record: 4, table size: 12
	index: 0, handler: __TI_decompress_lzss
	index: 1, handler: __TI_decompress_none
	index: 2, handler: __TI_zero_init


GLOBAL SYMBOLS: SORTED ALPHABETICALLY BY Name 

address   name                             
-------   ----                             
00002a81  C$$EXIT                          
00001dd9  ConfigureUART                    
000029ad  GPIODirModeSet                   
00002225  GPIOPadConfigSet                 
00002829  GPIOPinConfigure                 
00002a2d  GPIOPinTypeUART                  
00002a67  ResetISR                         
00002025  SysCtlClockFreqSet               
00002945  SysCtlPeripheralEnable           
00001f2b  TaskConsumer                     
00001eb3  TaskProducer                     
00002a73  UARTCharPut                      
00002a3f  UARTCharPutNonBlocking           
000028b9  UARTConfigSetExpClk              
000029d9  UARTDisable                      
00002a19  UARTEnable                       
00001e8f  UARTprintStr                     
2000c6b0  __STACK_END                      
00000200  __STACK_SIZE                     
2000c6b0  __STACK_TOP                      
00002d98  __TI_CINIT_Base                  
00002da8  __TI_CINIT_Limit                 
00002d80  __TI_Handler_Table_Base          
00002d8c  __TI_Handler_Table_Limit         
00002901  __TI_auto_init_nobinit_nopinit   
000027c1  __TI_decompress_lzss             
00002a4d  __TI_decompress_none             
ffffffff  __TI_pprof_out_hndl              
ffffffff  __TI_prof_data_size              
ffffffff  __TI_prof_data_start             
00000000  __TI_static_base__               
00002a5b  __TI_zero_init                   
00002747  __aeabi_memclr                   
00002747  __aeabi_memclr4                  
00002747  __aeabi_memclr8                  
0000261f  __aeabi_memcpy                   
0000261f  __aeabi_memcpy4                  
0000261f  __aeabi_memcpy8                  
00002749  __aeabi_memset                   
00002749  __aeabi_memset4                  
00002749  __aeabi_memset8                  
ffffffff  __binit__                        
ffffffff  __c_args__                       
UNDEFED   __mpu_init                       
2000c4b0  __stack                          
20000000  __start___llvm_prf_cnts          
20000000  __stop___llvm_prf_cnts           
00002979  _c_int00_noargs                  
UNDEFED   _system_post_cinit               
00002a7d  _system_pre_init                 
00002a81  abort                            
ffffffff  binit                            
2000c480  buffer                           
00000000  g_pfnVectors                     
00001e11  main                             
0000261f  memcpy                           
0000274f  memset                           
00001db1  pcTimerGetTimerName              
000023c1  pvPortMalloc                     
000012bf  pvTaskIncrementMutexHeldCount    
00001b63  pvTimerGetTimerID                
2000c6b0  pxCurrentTCB                     
00002507  pxPortInitialiseStack            
2000c6e0  stockCount                       
2000c4ac  system_clock                     
00001a3f  ucQueueGetQueueType              
00002d68  ulMaxSyscallInterruptPriority    
0000255d  ulPortGetIPSR                    
00001231  ulTaskNotifyTake                 
00002727  uxListRemove                     
00001a3b  uxQueueGetQueueNumber            
00001a29  uxQueueMessagesWaiting           
00001a25  uxQueueMessagesWaitingFromISR    
00001a11  uxQueueSpacesAvailable           
00001211  uxTaskGetNumberOfTasks           
0000118d  uxTaskGetSystemState             
000010e5  uxTaskGetTaskNumber              
000010c9  uxTaskPriorityGet                
000010a9  uxTaskPriorityGetFromISR         
00001095  uxTaskResetEventItemValue        
00002711  vListInitialise                  
0000270b  vListInitialiseItem              
000026d3  vListInsert                      
000026bb  vListInsertEnd                   
00002611  vPortEnableVFP                   
00002505  vPortEndScheduler                
000024ed  vPortEnterCritical               
000024db  vPortExitCritical                
00002361  vPortFree                        
0000235f  vPortInitialiseBlocks            
000025d5  vPortSVCHandler                  
00002497  vPortSetupTimerInterrupt         
000025f5  vPortStartFirstTask              
000019f5  vQueueAddToRegistry              
000019e5  vQueueDelete                     
000019e1  vQueueSetQueueNumber             
000019c7  vQueueUnregisterQueue            
00001987  vQueueWaitForMessageRestricted   
00001049  vTaskDelay                       
00000fcb  vTaskDelayUntil                  
00000f39  vTaskDelete                      
00000f21  vTaskEndScheduler                
00000f19  vTaskMissedYield                 
00000e99  vTaskNotifyGiveFromISR           
00000e35  vTaskPlaceOnEventList            
00000dd5  vTaskPlaceOnEventListRestricted  
00000d71  vTaskPlaceOnUnorderedEventList   
00000ced  vTaskPriorityInherit             
00000c1d  vTaskPrioritySet                 
00000bb1  vTaskResume                      
00000b95  vTaskSetTaskNumber               
000009f9  vTaskSetTimeOutState             
00000b47  vTaskStartScheduler              
00000ab5  vTaskSuspend                     
00000aa5  vTaskSuspendAll                  
00000a53  vTaskSwitchContext               
00001b4d  vTimerSetTimerID                 
2000c6f0  xHandleTaskCons                  
2000c6ec  xHandleTaskProd                  
00002359  xPortGetFreeHeapSize             
00002575  xPortPendSVHandler               
000024a3  xPortStartScheduler              
00002471  xPortSysTickHandler              
00001973  xQueueCreateCountingSemaphore    
00001925  xQueueCreateMutex                
000018e9  xQueueGenericCreate              
0000142b  xQueueGenericReceive             
0000186b  xQueueGenericReset               
000016a3  xQueueGenericSend                
0000180f  xQueueGenericSendFromISR         
000017b9  xQueueGiveFromISR                
0000178d  xQueueGiveMutexRecursive         
00001609  xQueueIsQueueEmptyFromISR        
000015fb  xQueueIsQueueFullFromISR         
000015c9  xQueuePeekFromISR                
0000156d  xQueueReceiveFromISR             
2000c3b4  xQueueRegistry                   
0000153d  xQueueTakeMutexRecursive         
2000c6e8  xSemCount                        
2000c6e4  xSemUART                         
00000a07  xTaskCheckForTimeOut             
0000090d  xTaskGenericCreate               
00000791  xTaskGenericNotify               
000006e1  xTaskGenericNotifyFromISR        
000006d5  xTaskGetCurrentTaskHandle        
000006bd  xTaskGetSchedulerState           
000006b1  xTaskGetTickCount                
000006ab  xTaskGetTickCountFromISR         
000002ad  xTaskIncrementTick               
00000681  xTaskNotifyStateClear            
000005c5  xTaskNotifyWait                  
000004f9  xTaskPriorityDisinherit          
00000495  xTaskRemoveFromEventList         
00000445  xTaskRemoveFromUnorderedEventList
00000389  xTaskResumeAll                   
00000223  xTaskResumeFromISR               
00001b13  xTimerCreate                     
00001ae1  xTimerCreateTimerTask            
00001a65  xTimerGenericCommand             
00001a4d  xTimerIsTimerActive              


GLOBAL SYMBOLS: SORTED BY Symbol Address 

address   name                             
-------   ----                             
00000000  __TI_static_base__               
00000000  g_pfnVectors                     
00000200  __STACK_SIZE                     
00000223  xTaskResumeFromISR               
000002ad  xTaskIncrementTick               
00000389  xTaskResumeAll                   
00000445  xTaskRemoveFromUnorderedEventList
00000495  xTaskRemoveFromEventList         
000004f9  xTaskPriorityDisinherit          
000005c5  xTaskNotifyWait                  
00000681  xTaskNotifyStateClear            
000006ab  xTaskGetTickCountFromISR         
000006b1  xTaskGetTickCount                
000006bd  xTaskGetSchedulerState           
000006d5  xTaskGetCurrentTaskHandle        
000006e1  xTaskGenericNotifyFromISR        
00000791  xTaskGenericNotify               
0000090d  xTaskGenericCreate               
000009f9  vTaskSetTimeOutState             
00000a07  xTaskCheckForTimeOut             
00000a53  vTaskSwitchContext               
00000aa5  vTaskSuspendAll                  
00000ab5  vTaskSuspend                     
00000b47  vTaskStartScheduler              
00000b95  vTaskSetTaskNumber               
00000bb1  vTaskResume                      
00000c1d  vTaskPrioritySet                 
00000ced  vTaskPriorityInherit             
00000d71  vTaskPlaceOnUnorderedEventList   
00000dd5  vTaskPlaceOnEventListRestricted  
00000e35  vTaskPlaceOnEventList            
00000e99  vTaskNotifyGiveFromISR           
00000f19  vTaskMissedYield                 
00000f21  vTaskEndScheduler                
00000f39  vTaskDelete                      
00000fcb  vTaskDelayUntil                  
00001049  vTaskDelay                       
00001095  uxTaskResetEventItemValue        
000010a9  uxTaskPriorityGetFromISR         
000010c9  uxTaskPriorityGet                
000010e5  uxTaskGetTaskNumber              
0000118d  uxTaskGetSystemState             
00001211  uxTaskGetNumberOfTasks           
00001231  ulTaskNotifyTake                 
000012bf  pvTaskIncrementMutexHeldCount    
0000142b  xQueueGenericReceive             
0000153d  xQueueTakeMutexRecursive         
0000156d  xQueueReceiveFromISR             
000015c9  xQueuePeekFromISR                
000015fb  xQueueIsQueueFullFromISR         
00001609  xQueueIsQueueEmptyFromISR        
000016a3  xQueueGenericSend                
0000178d  xQueueGiveMutexRecursive         
000017b9  xQueueGiveFromISR                
0000180f  xQueueGenericSendFromISR         
0000186b  xQueueGenericReset               
000018e9  xQueueGenericCreate              
00001925  xQueueCreateMutex                
00001973  xQueueCreateCountingSemaphore    
00001987  vQueueWaitForMessageRestricted   
000019c7  vQueueUnregisterQueue            
000019e1  vQueueSetQueueNumber             
000019e5  vQueueDelete                     
000019f5  vQueueAddToRegistry              
00001a11  uxQueueSpacesAvailable           
00001a25  uxQueueMessagesWaitingFromISR    
00001a29  uxQueueMessagesWaiting           
00001a3b  uxQueueGetQueueNumber            
00001a3f  ucQueueGetQueueType              
00001a4d  xTimerIsTimerActive              
00001a65  xTimerGenericCommand             
00001ae1  xTimerCreateTimerTask            
00001b13  xTimerCreate                     
00001b4d  vTimerSetTimerID                 
00001b63  pvTimerGetTimerID                
00001db1  pcTimerGetTimerName              
00001dd9  ConfigureUART                    
00001e11  main                             
00001e8f  UARTprintStr                     
00001eb3  TaskProducer                     
00001f2b  TaskConsumer                     
00002025  SysCtlClockFreqSet               
00002225  GPIOPadConfigSet                 
00002359  xPortGetFreeHeapSize             
0000235f  vPortInitialiseBlocks            
00002361  vPortFree                        
000023c1  pvPortMalloc                     
00002471  xPortSysTickHandler              
00002497  vPortSetupTimerInterrupt         
000024a3  xPortStartScheduler              
000024db  vPortExitCritical                
000024ed  vPortEnterCritical               
00002505  vPortEndScheduler                
00002507  pxPortInitialiseStack            
0000255d  ulPortGetIPSR                    
00002575  xPortPendSVHandler               
000025d5  vPortSVCHandler                  
000025f5  vPortStartFirstTask              
00002611  vPortEnableVFP                   
0000261f  __aeabi_memcpy                   
0000261f  __aeabi_memcpy4                  
0000261f  __aeabi_memcpy8                  
0000261f  memcpy                           
000026bb  vListInsertEnd                   
000026d3  vListInsert                      
0000270b  vListInitialiseItem              
00002711  vListInitialise                  
00002727  uxListRemove                     
00002747  __aeabi_memclr                   
00002747  __aeabi_memclr4                  
00002747  __aeabi_memclr8                  
00002749  __aeabi_memset                   
00002749  __aeabi_memset4                  
00002749  __aeabi_memset8                  
0000274f  memset                           
000027c1  __TI_decompress_lzss             
00002829  GPIOPinConfigure                 
000028b9  UARTConfigSetExpClk              
00002901  __TI_auto_init_nobinit_nopinit   
00002945  SysCtlPeripheralEnable           
00002979  _c_int00_noargs                  
000029ad  GPIODirModeSet                   
000029d9  UARTDisable                      
00002a19  UARTEnable                       
00002a2d  GPIOPinTypeUART                  
00002a3f  UARTCharPutNonBlocking           
00002a4d  __TI_decompress_none             
00002a5b  __TI_zero_init                   
00002a67  ResetISR                         
00002a73  UARTCharPut                      
00002a7d  _system_pre_init                 
00002a81  C$$EXIT                          
00002a81  abort                            
00002d68  ulMaxSyscallInterruptPriority    
00002d80  __TI_Handler_Table_Base          
00002d8c  __TI_Handler_Table_Limit         
00002d98  __TI_CINIT_Base                  
00002da8  __TI_CINIT_Limit                 
20000000  __start___llvm_prf_cnts          
20000000  __stop___llvm_prf_cnts           
2000c3b4  xQueueRegistry                   
2000c480  buffer                           
2000c4ac  system_clock                     
2000c4b0  __stack                          
2000c6b0  __STACK_END                      
2000c6b0  __STACK_TOP                      
2000c6b0  pxCurrentTCB                     
2000c6e0  stockCount                       
2000c6e4  xSemUART                         
2000c6e8  xSemCount                        
2000c6ec  xHandleTaskProd                  
2000c6f0  xHandleTaskCons                  
ffffffff  __TI_pprof_out_hndl              
ffffffff  __TI_prof_data_size              
ffffffff  __TI_prof_data_start             
ffffffff  __binit__                        
ffffffff  __c_args__                       
ffffffff  binit                            
UNDEFED   __mpu_init                       
UNDEFED   _system_post_cinit               

[160 symbols]
