******************************************************************************
                  TI ARM Linker PC v20.2.7                     
******************************************************************************
>> Linked Sat Jun 10 12:07:11 2023

OUTPUT FILE NAME:   <ASSIGNMENT1A.out>
ENTRY POINT SYMBOL: "_c_int00_noargs"  address: 00000875


MEMORY CONFIGURATION

         name            origin    length      used     unused   attr    fill
----------------------  --------  ---------  --------  --------  ----  --------
  FLASH                 00000000   00100000  00000948  000ff6b8  R  X
  SRAM                  20000000   00040000  00000203  0003fdfd  RW X


SEGMENT ALLOCATION MAP

run origin  load origin   length   init length attrs members
----------  ----------- ---------- ----------- ----- -------
00000000    00000000    00000948   00000948    r-x
  00000000    00000000    00000208   00000208    r-- .intvecs
  00000208    00000208    00000728   00000728    r-x .text
  00000930    00000930    00000018   00000018    r-- .cinit
20000000    20000000    00000203   00000000    rw-
  20000000    20000000    00000200   00000000    rw- .stack
  20000200    20000200    00000003   00000000    rw- .data


SECTION ALLOCATION MAP

 output                                  attributes/
section   page    origin      length       input sections
--------  ----  ----------  ----------   ----------------
.intvecs   0    00000000    00000208     
                  00000000    00000208     tm4c129encpdt_startup_ccs.obj (.intvecs)

.text      0    00000208    00000728     
                  00000208    000002c8     pinout.obj (.text)
                  000004d0    00000132     driverlib.lib : gpio.obj (.text:GPIOPadConfigSet)
                  00000602    00000002     --HOLE-- [fill = 0]
                  00000604    000000cc     buttons.obj (.text)
                  000006d0    0000009c     rtsv7M4_T_le_v4SPD16_eabi.lib : memcpy_t2.asm.obj (.text)
                  0000076c    00000068                                   : copy_decompress_lzss.c.obj (.text:decompress:lzss:__TI_decompress_lzss)
                  000007d4    0000005c     main.obj (.text)
                  00000830    00000044     rtsv7M4_T_le_v4SPD16_eabi.lib : autoinit.c.obj (.text:__TI_auto_init_nobinit_nopinit:__TI_auto_init_nobinit_nopinit)
                  00000874    00000034                                   : boot_cortex_m.c.obj (.text:_c_int00_noargs:_c_int00_noargs)
                  000008a8    0000002a     driverlib.lib : gpio.obj (.text:GPIODirModeSet)
                  000008d2    00000018                   : gpio.obj (.text:GPIOPinTypeGPIOOutput)
                  000008ea    00000012                   : gpio.obj (.text:GPIOPinTypeEthernetLED)
                  000008fc    0000000e     rtsv7M4_T_le_v4SPD16_eabi.lib : copy_decompress_none.c.obj (.text:decompress:none:__TI_decompress_none)
                  0000090a    0000000c     tm4c129encpdt_startup_ccs.obj (.text)
                  00000916    00000006     driverlib.lib : gpio.obj (.text:GPIOPinRead)
                  0000091c    00000006                   : gpio.obj (.text:GPIOPinWrite)
                  00000922    00000006                   : sysctl.obj (.text:SysCtlDelay)
                  00000928    00000004     rtsv7M4_T_le_v4SPD16_eabi.lib : pre_init.c.obj (.text:_system_pre_init)
                  0000092c    00000004                                   : exit.c.obj (.text:abort:abort)

.cinit     0    00000930    00000018     
                  00000930    00000008     (__TI_handler_table)
                  00000938    00000007     (.cinit..data.load) [load image, compression = lzss]
                  0000093f    00000001     --HOLE-- [fill = 0]
                  00000940    00000008     (__TI_cinit_table)

.init_array 
*          0    00000000    00000000     UNINITIALIZED

.data      0    20000200    00000003     UNINITIALIZED
                  20000200    00000003     buttons.obj (.data)

.stack     0    20000000    00000200     UNINITIALIZED
                  20000000    00000004     rtsv7M4_T_le_v4SPD16_eabi.lib : boot_cortex_m.c.obj (.stack)
                  20000004    000001fc     --HOLE--

__llvm_prf_cnts 
*          0    20000000    00000000     UNINITIALIZED

MODULE SUMMARY

       Module                          code   ro data   rw data
       ------                          ----   -------   -------
    .\
       tm4c129encpdt_startup_ccs.obj   12     520       0      
       main.obj                        92     0         0      
    +--+-------------------------------+------+---------+---------+
       Total:                          104    520       0      
                                                               
    .\driver\
       pinout.obj                      712    0         0      
       buttons.obj                     204    0         3      
    +--+-------------------------------+------+---------+---------+
       Total:                          916    0         3      
                                                               
    C:/ti/tivaware_c_series_2_1_4_178/driverlib/ccs/Debug/driverlib.lib
       gpio.obj                        402    0         0      
       sysctl.obj                      6      0         0      
    +--+-------------------------------+------+---------+---------+
       Total:                          408    0         0      
                                                               
    C:\ti\ccs1210\ccs\tools\compiler\ti-cgt-arm_20.2.7.LTS\lib\rtsv7M4_T_le_v4SPD16_eabi.lib
       memcpy_t2.asm.obj               156    0         0      
       copy_decompress_lzss.c.obj      104    0         0      
       autoinit.c.obj                  68     0         0      
       boot_cortex_m.c.obj             52     0         0      
       copy_decompress_none.c.obj      14     0         0      
       exit.c.obj                      4      0         0      
       pre_init.c.obj                  4      0         0      
    +--+-------------------------------+------+---------+---------+
       Total:                          402    0         0      
                                                               
       Stack:                          0      0         512    
       Linker Generated:               0      23        0      
    +--+-------------------------------+------+---------+---------+
       Grand Total:                    1830   543       515    


LINKER GENERATED COPY TABLES

__TI_cinit_table @ 00000940 records: 1, size/record: 8, table size: 8
	.data: load addr=00000938, load size=00000007 bytes, run addr=20000200, run size=00000003 bytes, compression=lzss


LINKER GENERATED HANDLER TABLE

__TI_handler_table @ 00000930 records: 2, size/record: 4, table size: 8
	index: 0, handler: __TI_decompress_lzss
	index: 1, handler: __TI_decompress_none


GLOBAL SYMBOLS: SORTED ALPHABETICALLY BY Name 

address   name                          
-------   ----                          
00000679  ButtonsInit                   
00000605  ButtonsPoll                   
0000092d  C$$EXIT                       
000008a9  GPIODirModeSet                
000004d1  GPIOPadConfigSet              
00000917  GPIOPinRead                   
000008eb  GPIOPinTypeEthernetLED        
000008d3  GPIOPinTypeGPIOOutput         
0000091d  GPIOPinWrite                  
00000449  LEDRead                       
000003e5  LEDWrite                      
00000209  PinoutSet                     
0000090b  ResetISR                      
00000923  SysCtlDelay                   
20000200  __STACK_END                   
00000200  __STACK_SIZE                  
20000200  __STACK_TOP                   
00000940  __TI_CINIT_Base               
00000948  __TI_CINIT_Limit              
00000930  __TI_Handler_Table_Base       
00000938  __TI_Handler_Table_Limit      
00000831  __TI_auto_init_nobinit_nopinit
0000076d  __TI_decompress_lzss          
000008fd  __TI_decompress_none          
ffffffff  __TI_pprof_out_hndl           
ffffffff  __TI_prof_data_size           
ffffffff  __TI_prof_data_start          
00000000  __TI_static_base__            
000006d1  __aeabi_memcpy                
000006d1  __aeabi_memcpy4               
000006d1  __aeabi_memcpy8               
ffffffff  __binit__                     
ffffffff  __c_args__                    
UNDEFED   __mpu_init                    
20000000  __stack                       
20000000  __start___llvm_prf_cnts       
20000000  __stop___llvm_prf_cnts        
00000875  _c_int00_noargs               
UNDEFED   _system_post_cinit            
00000929  _system_pre_init              
0000092d  abort                         
ffffffff  binit                         
00000000  g_pfnVectors                  
000007d5  main                          
000006d1  memcpy                        


GLOBAL SYMBOLS: SORTED BY Symbol Address 

address   name                          
-------   ----                          
00000000  __TI_static_base__            
00000000  g_pfnVectors                  
00000200  __STACK_SIZE                  
00000209  PinoutSet                     
000003e5  LEDWrite                      
00000449  LEDRead                       
000004d1  GPIOPadConfigSet              
00000605  ButtonsPoll                   
00000679  ButtonsInit                   
000006d1  __aeabi_memcpy                
000006d1  __aeabi_memcpy4               
000006d1  __aeabi_memcpy8               
000006d1  memcpy                        
0000076d  __TI_decompress_lzss          
000007d5  main                          
00000831  __TI_auto_init_nobinit_nopinit
00000875  _c_int00_noargs               
000008a9  GPIODirModeSet                
000008d3  GPIOPinTypeGPIOOutput         
000008eb  GPIOPinTypeEthernetLED        
000008fd  __TI_decompress_none          
0000090b  ResetISR                      
00000917  GPIOPinRead                   
0000091d  GPIOPinWrite                  
00000923  SysCtlDelay                   
00000929  _system_pre_init              
0000092d  C$$EXIT                       
0000092d  abort                         
00000930  __TI_Handler_Table_Base       
00000938  __TI_Handler_Table_Limit      
00000940  __TI_CINIT_Base               
00000948  __TI_CINIT_Limit              
20000000  __stack                       
20000000  __start___llvm_prf_cnts       
20000000  __stop___llvm_prf_cnts        
20000200  __STACK_END                   
20000200  __STACK_TOP                   
ffffffff  __TI_pprof_out_hndl           
ffffffff  __TI_prof_data_size           
ffffffff  __TI_prof_data_start          
ffffffff  __binit__                     
ffffffff  __c_args__                    
ffffffff  binit                         
UNDEFED   __mpu_init                    
UNDEFED   _system_post_cinit            

[45 symbols]
