******************************************************************************
                  TI ARM Linker PC v20.2.7                     
******************************************************************************
>> Linked Thu Oct 26 19:43:29 2023

OUTPUT FILE NAME:   <FOUR_LEDS_ONCE.out>
ENTRY POINT SYMBOL: "_c_int00_noinit_noargs"  address: 00000331


MEMORY CONFIGURATION

         name            origin    length      used     unused   attr    fill
----------------------  --------  ---------  --------  --------  ----  --------
  FLASH                 00000000   00100000  00000370  000ffc90  R  X
  SRAM                  20000000   00040000  00000200  0003fe00  RW X


SEGMENT ALLOCATION MAP

run origin  load origin   length   init length attrs members
----------  ----------- ---------- ----------- ----- -------
00000000    00000000    00000370   00000370    r-x
  00000000    00000000    00000208   00000208    r-- .intvecs
  00000208    00000208    00000168   00000168    r-x .text
20000000    20000000    00000200   00000000    rw-
  20000000    20000000    00000200   00000000    rw- .stack


SECTION ALLOCATION MAP

 output                                  attributes/
section   page    origin      length       input sections
--------  ----  ----------  ----------   ----------------
.intvecs   0    00000000    00000208     
                  00000000    00000208     tm4c129encpdt_startup_ccs.obj (.intvecs)

.text      0    00000208    00000168     
                  00000208    000000d4     ButtonInitandLedInitdrivers.obj (.text)
                  000002dc    00000054     main.obj (.text)
                  00000330    0000002c     rtsv7M4_T_le_v4SPD16_eabi.lib : boot_cortex_m.c.obj (.text:_c_int00_noinit_noargs:_c_int00_noinit_noargs)
                  0000035c    0000000c     tm4c129encpdt_startup_ccs.obj (.text)
                  00000368    00000004     rtsv7M4_T_le_v4SPD16_eabi.lib : pre_init.c.obj (.text:_system_pre_init)
                  0000036c    00000004                                   : exit.c.obj (.text:abort:abort)

.cinit     0    00000000    00000000     UNINITIALIZED

.init_array 
*          0    00000000    00000000     UNINITIALIZED

.stack     0    20000000    00000200     UNINITIALIZED
                  20000000    00000004     rtsv7M4_T_le_v4SPD16_eabi.lib : boot_cortex_m.c.obj (.stack)
                  20000004    000001fc     --HOLE--

__llvm_prf_cnts 
*          0    20000000    00000000     UNINITIALIZED

MODULE SUMMARY

       Module                            code   ro data   rw data
       ------                            ----   -------   -------
    .\
       tm4c129encpdt_startup_ccs.obj     12     520       0      
       main.obj                          84     0         0      
    +--+---------------------------------+------+---------+---------+
       Total:                            96     520       0      
                                                                 
    .\drivers\
       ButtonInitandLedInitdrivers.obj   212    0         0      
    +--+---------------------------------+------+---------+---------+
       Total:                            212    0         0      
                                                                 
    C:\ti\ccs1210\ccs\tools\compiler\ti-cgt-arm_20.2.7.LTS\lib\rtsv7M4_T_le_v4SPD16_eabi.lib
       boot_cortex_m.c.obj               44     0         0      
       exit.c.obj                        4      0         0      
       pre_init.c.obj                    4      0         0      
    +--+---------------------------------+------+---------+---------+
       Total:                            52     0         0      
                                                                 
       Stack:                            0      0         512    
    +--+---------------------------------+------+---------+---------+
       Grand Total:                      360    520       512    


GLOBAL SYMBOLS: SORTED ALPHABETICALLY BY Name 

address   name                   
-------   ----                   
0000036d  C$$EXIT                
00000209  Led_pin                
0000035d  ResetISR               
20000200  __STACK_END            
00000200  __STACK_SIZE           
20000200  __STACK_TOP            
ffffffff  __TI_pprof_out_hndl    
ffffffff  __TI_prof_data_size    
ffffffff  __TI_prof_data_start   
00000000  __TI_static_base__     
ffffffff  __binit__              
ffffffff  __c_args__             
UNDEFED   __mpu_init             
20000000  __stack                
20000000  __start___llvm_prf_cnts
20000000  __stop___llvm_prf_cnts 
00000331  _c_int00_noinit_noargs 
00000369  _system_pre_init       
0000036d  abort                  
ffffffff  binit                  
00000247  buttons_init           
00000275  delayMs                
00000000  g_pfnVectors           
000002dd  main                   


GLOBAL SYMBOLS: SORTED BY Symbol Address 

address   name                   
-------   ----                   
00000000  __TI_static_base__     
00000000  g_pfnVectors           
00000200  __STACK_SIZE           
00000209  Led_pin                
00000247  buttons_init           
00000275  delayMs                
000002dd  main                   
00000331  _c_int00_noinit_noargs 
0000035d  ResetISR               
00000369  _system_pre_init       
0000036d  C$$EXIT                
0000036d  abort                  
20000000  __stack                
20000000  __start___llvm_prf_cnts
20000000  __stop___llvm_prf_cnts 
20000200  __STACK_END            
20000200  __STACK_TOP            
ffffffff  __TI_pprof_out_hndl    
ffffffff  __TI_prof_data_size    
ffffffff  __TI_prof_data_start   
ffffffff  __binit__              
ffffffff  __c_args__             
ffffffff  binit                  
UNDEFED   __mpu_init             

[24 symbols]
