******************************************************************************
                  TI ARM Linker PC v20.2.7                     
******************************************************************************
>> Linked Thu Oct 26 19:44:27 2023

OUTPUT FILE NAME:   <LAB62.out>
ENTRY POINT SYMBOL: "_c_int00_noargs"  address: 00004555


MEMORY CONFIGURATION

         name            origin    length      used     unused   attr    fill
----------------------  --------  ---------  --------  --------  ----  --------
  FLASH                 00000000   00100000  00004b7c  000fb484  R  X
  SRAM                  20000000   00040000  0000c703  000338fd  RW X


SEGMENT ALLOCATION MAP

run origin  load origin   length   init length attrs members
----------  ----------- ---------- ----------- ----- -------
00000000    00000000    00004b80   00004b80    r-x
  00000000    00000000    00000208   00000208    r-- .intvecs
  00000208    00000208    0000452c   0000452c    r-x .text
  00004734    00004734    00000408   00000408    r-- .const
  00004b40    00004b40    00000040   00000040    r-- .cinit
20000000    20000000    0000c703   00000000    rw-
  20000000    20000000    0000c4b0   00000000    rw- .bss
  2000c4b0    2000c4b0    00000200   00000000    rw- .stack
  2000c6b0    2000c6b0    00000053   00000000    rw- .data


SECTION ALLOCATION MAP

 output                                  attributes/
section   page    origin      length       input sections
--------  ----  ----------  ----------   ----------------
.intvecs   0    00000000    00000208     
                  00000000    00000208     tm4c129encpdt_startup_ccs.obj (.intvecs)

.text      0    00000208    0000452c     
                  00000208    00001180     tasks.obj (.text)
                  00001388    00000a4e     rtsv7M4_T_le_v4SPD16_eabi.lib : _printfi.c.obj (.text:__TI_printfi)
                  00001dd6    00000002                                   : div0.asm.obj (.text)
                  00001dd8    000006c4     queue.obj (.text)
                  0000249c    0000038c     timers.obj (.text)
                  00002828    00000270     rtsv7M4_T_le_v4SPD16_eabi.lib : _printfi.c.obj (.text:_pconv_a)
                  00002a98    0000023c     FreeRtos_Example.obj (.text)
                  00002cd4    00000200     driverlib.lib : sysctl.obj (.text:SysCtlClockFreqSet)
                  00002ed4    000001d0     rtsv7M4_T_le_v4SPD16_eabi.lib : _printfi.c.obj (.text:_pconv_g)
                  000030a4    000001b6                                   : fd_add_t2.asm.obj (.text)
                  0000325a    00000002     --HOLE-- [fill = 0]
                  0000325c    0000013c                                   : _printfi.c.obj (.text:_pconv_e)
                  00003398    00000136                                   : fd_div_t2.asm.obj (.text)
                  000034ce    00000132     driverlib.lib : gpio.obj (.text:GPIOPadConfigSet)
                  00003600    00000124     rtsv7M4_T_le_v4SPD16_eabi.lib : _printfi.c.obj (.text:fcvt)
                  00003724    00000118     heap_2.obj (.text)
                  0000383c    00000110     rtsv7M4_T_le_v4SPD16_eabi.lib : s_scalbn.c.obj (.text:scalbn)
                  0000394c    000000fc                                   : fd_mul_t2.asm.obj (.text)
                  00003a48    000000dc     port.obj (.text)
                  00003b24    000000d2     portasm.obj (.text)
                  00003bf6    00000002     --HOLE-- [fill = 0]
                  00003bf8    000000cc     buttons.obj (.text)
                  00003cc4    000000b1     rtsv7M4_T_le_v4SPD16_eabi.lib : _printfi.c.obj (.text:_ltostr)
                  00003d75    00000001     --HOLE-- [fill = 0]
                  00003d76    0000009c                                   : memcpy_t2.asm.obj (.text)
                  00003e12    00000096                                   : ull_div_t2.asm.obj (.text)
                  00003ea8    0000008c     list.obj (.text)
                  00003f34    00000086     rtsv7M4_T_le_v4SPD16_eabi.lib : fd_cmp_t2.asm.obj (.text:__aeabi_cdcmple)
                  00003fba    00000086                                   : fd_cmp_t2.asm.obj (.text:__aeabi_cdrcmple)
                  00004040    0000007a                                   : memset_t2.asm.obj (.text)
                  000040ba    0000006e                                   : _printfi.c.obj (.text:_mcpy)
                  00004128    00000068                                   : copy_decompress_lzss.c.obj (.text:decompress:lzss:__TI_decompress_lzss)
                  00004190    00000064                                   : s_frexp.c.obj (.text:frexp)
                  000041f4    00000056                                   : _printfi.c.obj (.text:_pconv_f)
                  0000424a    00000054                                   : _ltoa.c.obj (.text:__TI_ltoa)
                  0000429e    00000052                                   : _printfi.c.obj (.text:_ecpy)
                  000042f0    0000004c                                   : atoi.c.obj (.text:atoi)
                  0000433c    00000048     driverlib.lib : gpio.obj (.text:GPIOPinConfigure)
                  00004384    00000048                   : sysctl.obj (.text:_SysCtlFrequencyGet)
                  000043cc    00000048     rtsv7M4_T_le_v4SPD16_eabi.lib : fd_toi_t2.asm.obj (.text)
                  00004414    00000046     driverlib.lib : uart.obj (.text:UARTConfigSetExpClk)
                  0000445a    00000002     --HOLE-- [fill = 0]
                  0000445c    00000044     rtsv7M4_T_le_v4SPD16_eabi.lib : autoinit.c.obj (.text:__TI_auto_init_nobinit_nopinit:__TI_auto_init_nobinit_nopinit)
                  000044a0    00000040                                   : sprintf.c.obj (.text:sprintf)
                  000044e0    0000003e                                   : _printfi.c.obj (.text:_fcpy)
                  0000451e    00000002     --HOLE-- [fill = 0]
                  00004520    00000034     driverlib.lib : sysctl.obj (.text:SysCtlPeripheralEnable)
                  00004554    00000034     rtsv7M4_T_le_v4SPD16_eabi.lib : boot_cortex_m.c.obj (.text:_c_int00_noargs:_c_int00_noargs)
                  00004588    0000002e                                   : i_tofd_t2.asm.obj (.text)
                  000045b6    0000002a     driverlib.lib : gpio.obj (.text:GPIODirModeSet)
                  000045e0    00000020                   : uart.obj (.text:UARTDisable)
                  00004600    00000020                   : sysctl.obj (.text:_SysCtlMemTimingGet)
                  00004620    0000001c     rtsv7M4_T_le_v4SPD16_eabi.lib : memccpy.c.obj (.text:memccpy)
                  0000463c    0000001a                                   : s_copysign.c.obj (.text:copysign)
                  00004656    00000018                                   : sprintf.c.obj (.text:_outs)
                  0000466e    00000016                                   : strchr.c.obj (.text:strchr)
                  00004684    00000014     driverlib.lib : uart.obj (.text:UARTEnable)
                  00004698    00000014     rtsv7M4_T_le_v4SPD16_eabi.lib : strlen.c.obj (.text:strlen)
                  000046ac    00000012     driverlib.lib : gpio.obj (.text:GPIOPinTypeUART)
                  000046be    00000012     rtsv7M4_T_le_v4SPD16_eabi.lib : wcslen.c.obj (.text:wcslen)
                  000046d0    0000000e     driverlib.lib : uart.obj (.text:UARTCharPutNonBlocking)
                  000046de    0000000e     rtsv7M4_T_le_v4SPD16_eabi.lib : copy_decompress_none.c.obj (.text:decompress:none:__TI_decompress_none)
                  000046ec    0000000c                                   : copy_zero_init.c.obj (.text:decompress:ZI:__TI_zero_init)
                  000046f8    0000000c     tm4c129encpdt_startup_ccs.obj (.text)
                  00004704    0000000a     driverlib.lib : uart.obj (.text:UARTCharGet)
                  0000470e    0000000a                   : uart.obj (.text:UARTCharPut)
                  00004718    0000000a     rtsv7M4_T_le_v4SPD16_eabi.lib : sprintf.c.obj (.text:_outc)
                  00004722    00000002     --HOLE-- [fill = 0]
                  00004724    00000008                                   : errno.c.obj (.text:__aeabi_errno_addr)
                  0000472c    00000004                                   : pre_init.c.obj (.text:_system_pre_init)
                  00004730    00000004                                   : exit.c.obj (.text:abort:abort)

.const     0    00004734    00000408     
                  00004734    000001b0     driverlib.lib : sysctl.obj (.const:g_pppui32XTALtoVCO)
                  000048e4    00000101     rtsv7M4_T_le_v4SPD16_eabi.lib : ctype.c.obj (.const:.string:_ctypes_)
                  000049e5    00000003     --HOLE-- [fill = 0]
                  000049e8    00000090     driverlib.lib : gpio.obj (.const:g_pui32GPIOBaseAddrs)
                  00004a78    0000006c                   : sysctl.obj (.const:g_pui32Xtals)
                  00004ae4    00000030                   : sysctl.obj (.const:g_sXTALtoMEMTIM)
                  00004b14    0000001b     FreeRtos_Example.obj (.const:.string:$P$T0$1)
                  00004b2f    00000001     --HOLE-- [fill = 0]
                  00004b30    00000008     driverlib.lib : sysctl.obj (.const)
                  00004b38    00000004     port.obj (.const)

.cinit     0    00004b40    00000040     
                  00004b40    00000015     (.cinit..data.load) [load image, compression = lzss]
                  00004b55    00000003     --HOLE-- [fill = 0]
                  00004b58    0000000c     (__TI_handler_table)
                  00004b64    00000004     --HOLE-- [fill = 0]
                  00004b68    00000008     (.cinit..bss.load) [load image, compression = zero_init]
                  00004b70    00000010     (__TI_cinit_table)

.init_array 
*          0    00000000    00000000     UNINITIALIZED

.bss       0    20000000    0000c4b0     UNINITIALIZED
                  20000000    0000c350     heap_2.obj (.bss:ucHeap)
                  2000c350    00000064     tasks.obj (.bss:pxReadyTasksLists)
                  2000c3b4    00000040     (.common:xQueueRegistry)
                  2000c3f4    00000014     timers.obj (.bss:xActiveTimerList1)
                  2000c408    00000014     timers.obj (.bss:xActiveTimerList2)
                  2000c41c    00000014     tasks.obj (.bss:xDelayedTaskList1)
                  2000c430    00000014     tasks.obj (.bss:xDelayedTaskList2)
                  2000c444    00000014     tasks.obj (.bss:xPendingReadyList)
                  2000c458    00000014     tasks.obj (.bss:xSuspendedTaskList)
                  2000c46c    00000014     tasks.obj (.bss:xTasksWaitingTermination)
                  2000c480    00000010     (.common:output)
                  2000c490    00000008     tasks.obj (.bss)
                  2000c498    00000008     timers.obj (.bss)
                  2000c4a0    00000008     heap_2.obj (.bss:xEnd)
                  2000c4a8    00000008     heap_2.obj (.bss:xStart)

.data      0    2000c6b0    00000053     UNINITIALIZED
                  2000c6b0    00000030     tasks.obj (.data)
                  2000c6e0    00000008     FreeRtos_Example.obj (.data)
                  2000c6e8    00000008     heap_2.obj (.data)
                  2000c6f0    00000008     timers.obj (.data)
                  2000c6f8    00000004     port.obj (.data)
                  2000c6fc    00000004     rtsv7M4_T_le_v4SPD16_eabi.lib : errno.c.obj (.data)
                  2000c700    00000003     buttons.obj (.data)

.stack     0    2000c4b0    00000200     UNINITIALIZED
                  2000c4b0    00000004     rtsv7M4_T_le_v4SPD16_eabi.lib : boot_cortex_m.c.obj (.stack)
                  2000c4b4    000001fc     --HOLE--

__llvm_prf_cnts 
*          0    20000000    00000000     UNINITIALIZED

MODULE SUMMARY

       Module                          code    ro data   rw data
       ------                          ----    -------   -------
    .\
       FreeRtos_Example.obj            572     27        24     
       tm4c129encpdt_startup_ccs.obj   12      520       0      
    +--+-------------------------------+-------+---------+---------+
       Total:                          584     547       24     
                                                                
    .\FreeRTOS\
       tasks.obj                       4480    0         256    
       queue.obj                       1732    0         64     
       timers.obj                      908     0         56     
       list.obj                        140     0         0      
    +--+-------------------------------+-------+---------+---------+
       Total:                          7260    0         376    
                                                                
    .\FreeRTOS\portable\CCS\ARM_CM4F\
       port.obj                        220     4         4      
       portasm.obj                     210     0         0      
    +--+-------------------------------+-------+---------+---------+
       Total:                          430     4         4      
                                                                
    .\FreeRTOS\portable\MemMang\
       heap_2.obj                      280     0         50024  
    +--+-------------------------------+-------+---------+---------+
       Total:                          280     0         50024  
                                                                
    .\drivers\
       buttons.obj                     204     0         3      
    +--+-------------------------------+-------+---------+---------+
       Total:                          204     0         3      
                                                                
    C:/ti/tivaware_c_series_2_1_4_178/driverlib/ccs/Debug/driverlib.lib
       sysctl.obj                      668     596       0      
       gpio.obj                        438     144       0      
       uart.obj                        156     0         0      
    +--+-------------------------------+-------+---------+---------+
       Total:                          1262    740       0      
                                                                
    C:\ti\ccs1210\ccs\tools\compiler\ti-cgt-arm_20.2.7.LTS\lib\rtsv7M4_T_le_v4SPD16_eabi.lib
       _printfi.c.obj                  4851    0         0      
       fd_add_t2.asm.obj               438     0         0      
       fd_div_t2.asm.obj               310     0         0      
       s_scalbn.c.obj                  272     0         0      
       fd_cmp_t2.asm.obj               268     0         0      
       ctype.c.obj                     0       257       0      
       fd_mul_t2.asm.obj               252     0         0      
       memcpy_t2.asm.obj               156     0         0      
       ull_div_t2.asm.obj              150     0         0      
       memset_t2.asm.obj               122     0         0      
       copy_decompress_lzss.c.obj      104     0         0      
       s_frexp.c.obj                   100     0         0      
       sprintf.c.obj                   98      0         0      
       _ltoa.c.obj                     84      0         0      
       atoi.c.obj                      76      0         0      
       fd_toi_t2.asm.obj               72      0         0      
       autoinit.c.obj                  68      0         0      
       boot_cortex_m.c.obj             52      0         0      
       i_tofd_t2.asm.obj               46      0         0      
       memccpy.c.obj                   28      0         0      
       s_copysign.c.obj                26      0         0      
       strchr.c.obj                    22      0         0      
       strlen.c.obj                    20      0         0      
       wcslen.c.obj                    18      0         0      
       copy_decompress_none.c.obj      14      0         0      
       copy_zero_init.c.obj            12      0         0      
       errno.c.obj                     8       0         4      
       exit.c.obj                      4       0         0      
       pre_init.c.obj                  4       0         0      
       div0.asm.obj                    2       0         0      
    +--+-------------------------------+-------+---------+---------+
       Total:                          7677    257       4      
                                                                
       Stack:                          0       0         512    
       Linker Generated:               0       57        0      
    +--+-------------------------------+-------+---------+---------+
       Grand Total:                    17697   1605      50947  


LINKER GENERATED COPY TABLES

__TI_cinit_table @ 00004b70 records: 2, size/record: 8, table size: 16
	.data: load addr=00004b40, load size=00000015 bytes, run addr=2000c6b0, run size=00000053 bytes, compression=lzss
	.bss: load addr=00004b68, load size=00000008 bytes, run addr=20000000, run size=0000c4b0 bytes, compression=zero_init


LINKER GENERATED HANDLER TABLE

__TI_handler_table @ 00004b58 records: 3, size/record: 4, table size: 12
	index: 0, handler: __TI_decompress_lzss
	index: 1, handler: __TI_decompress_none
	index: 2, handler: __TI_zero_init


GLOBAL SYMBOLS: SORTED ALPHABETICALLY BY Name 

address   name                             
-------   ----                             
00003c6d  ButtonsInit                      
00003bf9  ButtonsPoll                      
00004731  C$$EXIT                          
00002b99  ConfigureUART                    
000045b7  GPIODirModeSet                   
000034cf  GPIOPadConfigSet                 
0000433d  GPIOPinConfigure                 
000046ad  GPIOPinTypeUART                  
000046f9  ResetISR                         
00002cd5  SysCtlClockFreqSet               
00004521  SysCtlPeripheralEnable           
00004705  UARTCharGet                      
0000470f  UARTCharPut                      
000046d1  UARTCharPutNonBlocking           
00004415  UARTConfigSetExpClk              
000045e1  UARTDisable                      
00004685  UARTEnable                       
00002aad  UARTprintStr                     
00002ad1  UpdateDisplay                    
2000c6b0  __STACK_END                      
00000200  __STACK_SIZE                     
2000c6b0  __STACK_TOP                      
00004b70  __TI_CINIT_Base                  
00004b80  __TI_CINIT_Limit                 
00004b58  __TI_Handler_Table_Base          
00004b64  __TI_Handler_Table_Limit         
0000445d  __TI_auto_init_nobinit_nopinit   
00004129  __TI_decompress_lzss             
000046df  __TI_decompress_none             
0000424b  __TI_ltoa                        
ffffffff  __TI_pprof_out_hndl              
00001389  __TI_printfi                     
ffffffff  __TI_prof_data_size              
ffffffff  __TI_prof_data_start             
00000000  __TI_static_base__               
000046ed  __TI_zero_init                   
00003f35  __aeabi_cdcmpeq                  
00003f35  __aeabi_cdcmple                  
00003fbb  __aeabi_cdrcmple                 
000043cd  __aeabi_d2iz                     
000030af  __aeabi_dadd                     
00003399  __aeabi_ddiv                     
0000394d  __aeabi_dmul                     
000030a5  __aeabi_dsub                     
00004725  __aeabi_errno_addr               
00004589  __aeabi_i2d                      
00001dd7  __aeabi_idiv0                    
00001dd7  __aeabi_ldiv0                    
00004041  __aeabi_memclr                   
00004041  __aeabi_memclr4                  
00004041  __aeabi_memclr8                  
00003d77  __aeabi_memcpy                   
00003d77  __aeabi_memcpy4                  
00003d77  __aeabi_memcpy8                  
00004043  __aeabi_memset                   
00004043  __aeabi_memset4                  
00004043  __aeabi_memset8                  
00003e13  __aeabi_uldivmod                 
ffffffff  __binit__                        
ffffffff  __c_args__                       
UNDEFED   __mpu_init                       
2000c4b0  __stack                          
20000000  __start___llvm_prf_cnts          
20000000  __stop___llvm_prf_cnts           
00004555  _c_int00_noargs                  
000048e4  _ctypes_                         
UNDEFED   _system_post_cinit               
0000472d  _system_pre_init                 
00004731  abort                            
000042f1  atoi                             
ffffffff  binit                            
0000463d  copysign                         
0000463d  copysignl                        
2000c6fc  errno                            
00004191  frexp                            
00004191  frexpl                           
00000000  g_pfnVectors                     
0000383d  ldexp                            
0000383d  ldexpl                           
00002bd1  main                             
00004621  memccpy                          
00003d77  memcpy                           
00004049  memset                           
2000c480  output                           
00002801  pcTimerGetTimerName              
0000378d  pvPortMalloc                     
000012bf  pvTaskIncrementMutexHeldCount    
000025b3  pvTimerGetTimerID                
2000c6b0  pxCurrentTCB                     
00003adf  pxPortInitialiseStack            
0000383d  scalbn                           
0000383d  scalbnl                          
00002a99  shift                            
000044a1  sprintf                          
2000c6e4  status                           
0000466f  strchr                           
00004699  strlen                           
2000c6e0  test                             
0000248f  ucQueueGetQueueType              
00004b38  ulMaxSyscallInterruptPriority    
00003b35  ulPortGetIPSR                    
00001231  ulTaskNotifyTake                 
00003f15  uxListRemove                     
0000248b  uxQueueGetQueueNumber            
00002479  uxQueueMessagesWaiting           
00002475  uxQueueMessagesWaitingFromISR    
00002461  uxQueueSpacesAvailable           
00001211  uxTaskGetNumberOfTasks           
0000118d  uxTaskGetSystemState             
000010e5  uxTaskGetTaskNumber              
000010c9  uxTaskPriorityGet                
000010a9  uxTaskPriorityGetFromISR         
00001095  uxTaskResetEventItemValue        
00003eff  vListInitialise                  
00003ef9  vListInitialiseItem              
00003ec1  vListInsert                      
00003ea9  vListInsertEnd                   
00003be9  vPortEnableVFP                   
00003add  vPortEndScheduler                
00003ac5  vPortEnterCritical               
00003ab3  vPortExitCritical                
0000372d  vPortFree                        
0000372b  vPortInitialiseBlocks            
00003bad  vPortSVCHandler                  
00003a6f  vPortSetupTimerInterrupt         
00003bcd  vPortStartFirstTask              
00002445  vQueueAddToRegistry              
00002435  vQueueDelete                     
00002431  vQueueSetQueueNumber             
00002417  vQueueUnregisterQueue            
000023d7  vQueueWaitForMessageRestricted   
00002b5b  vTaskButton                      
00001049  vTaskDelay                       
00000fcb  vTaskDelayUntil                  
00000f39  vTaskDelete                      
00000f21  vTaskEndScheduler                
00002b3d  vTaskGetInput                    
00000f19  vTaskMissedYield                 
00000e99  vTaskNotifyGiveFromISR           
00000e35  vTaskPlaceOnEventList            
00000dd5  vTaskPlaceOnEventListRestricted  
00000d71  vTaskPlaceOnUnorderedEventList   
00000ced  vTaskPriorityInherit             
00000c1d  vTaskPrioritySet                 
00000bb1  vTaskResume                      
00000b95  vTaskSetTaskNumber               
000009f9  vTaskSetTimeOutState             
00000b47  vTaskStartScheduler              
00000ab5  vTaskSuspend                     
00000aa5  vTaskSuspendAll                  
00000a53  vTaskSwitchContext               
0000259d  vTimerSetTimerID                 
000046bf  wcslen                           
00003725  xPortGetFreeHeapSize             
00003b4d  xPortPendSVHandler               
00003a7b  xPortStartScheduler              
00003a49  xPortSysTickHandler              
000023c3  xQueueCreateCountingSemaphore    
00002375  xQueueCreateMutex                
00002339  xQueueGenericCreate              
00001e7b  xQueueGenericReceive             
000022bb  xQueueGenericReset               
000020f3  xQueueGenericSend                
0000225f  xQueueGenericSendFromISR         
00002209  xQueueGiveFromISR                
000021dd  xQueueGiveMutexRecursive         
00002059  xQueueIsQueueEmptyFromISR        
0000204b  xQueueIsQueueFullFromISR         
00002019  xQueuePeekFromISR                
00001fbd  xQueueReceiveFromISR             
2000c3b4  xQueueRegistry                   
00001f8d  xQueueTakeMutexRecursive         
00000a07  xTaskCheckForTimeOut             
0000090d  xTaskGenericCreate               
00000791  xTaskGenericNotify               
000006e1  xTaskGenericNotifyFromISR        
000006d5  xTaskGetCurrentTaskHandle        
000006bd  xTaskGetSchedulerState           
000006b1  xTaskGetTickCount                
000006ab  xTaskGetTickCountFromISR         
000002ad  xTaskIncrementTick               
00000681  xTaskNotifyStateClear            
000005c5  xTaskNotifyWait                  
000004f9  xTaskPriorityDisinherit          
00000495  xTaskRemoveFromEventList         
00000445  xTaskRemoveFromUnorderedEventList
00000389  xTaskResumeAll                   
00000223  xTaskResumeFromISR               
00002563  xTimerCreate                     
00002531  xTimerCreateTimerTask            
000024b5  xTimerGenericCommand             
0000249d  xTimerIsTimerActive              


GLOBAL SYMBOLS: SORTED BY Symbol Address 

address   name                             
-------   ----                             
00000000  __TI_static_base__               
00000000  g_pfnVectors                     
00000200  __STACK_SIZE                     
00000223  xTaskResumeFromISR               
000002ad  xTaskIncrementTick               
00000389  xTaskResumeAll                   
00000445  xTaskRemoveFromUnorderedEventList
00000495  xTaskRemoveFromEventList         
000004f9  xTaskPriorityDisinherit          
000005c5  xTaskNotifyWait                  
00000681  xTaskNotifyStateClear            
000006ab  xTaskGetTickCountFromISR         
000006b1  xTaskGetTickCount                
000006bd  xTaskGetSchedulerState           
000006d5  xTaskGetCurrentTaskHandle        
000006e1  xTaskGenericNotifyFromISR        
00000791  xTaskGenericNotify               
0000090d  xTaskGenericCreate               
000009f9  vTaskSetTimeOutState             
00000a07  xTaskCheckForTimeOut             
00000a53  vTaskSwitchContext               
00000aa5  vTaskSuspendAll                  
00000ab5  vTaskSuspend                     
00000b47  vTaskStartScheduler              
00000b95  vTaskSetTaskNumber               
00000bb1  vTaskResume                      
00000c1d  vTaskPrioritySet                 
00000ced  vTaskPriorityInherit             
00000d71  vTaskPlaceOnUnorderedEventList   
00000dd5  vTaskPlaceOnEventListRestricted  
00000e35  vTaskPlaceOnEventList            
00000e99  vTaskNotifyGiveFromISR           
00000f19  vTaskMissedYield                 
00000f21  vTaskEndScheduler                
00000f39  vTaskDelete                      
00000fcb  vTaskDelayUntil                  
00001049  vTaskDelay                       
00001095  uxTaskResetEventItemValue        
000010a9  uxTaskPriorityGetFromISR         
000010c9  uxTaskPriorityGet                
000010e5  uxTaskGetTaskNumber              
0000118d  uxTaskGetSystemState             
00001211  uxTaskGetNumberOfTasks           
00001231  ulTaskNotifyTake                 
000012bf  pvTaskIncrementMutexHeldCount    
00001389  __TI_printfi                     
00001dd7  __aeabi_idiv0                    
00001dd7  __aeabi_ldiv0                    
00001e7b  xQueueGenericReceive             
00001f8d  xQueueTakeMutexRecursive         
00001fbd  xQueueReceiveFromISR             
00002019  xQueuePeekFromISR                
0000204b  xQueueIsQueueFullFromISR         
00002059  xQueueIsQueueEmptyFromISR        
000020f3  xQueueGenericSend                
000021dd  xQueueGiveMutexRecursive         
00002209  xQueueGiveFromISR                
0000225f  xQueueGenericSendFromISR         
000022bb  xQueueGenericReset               
00002339  xQueueGenericCreate              
00002375  xQueueCreateMutex                
000023c3  xQueueCreateCountingSemaphore    
000023d7  vQueueWaitForMessageRestricted   
00002417  vQueueUnregisterQueue            
00002431  vQueueSetQueueNumber             
00002435  vQueueDelete                     
00002445  vQueueAddToRegistry              
00002461  uxQueueSpacesAvailable           
00002475  uxQueueMessagesWaitingFromISR    
00002479  uxQueueMessagesWaiting           
0000248b  uxQueueGetQueueNumber            
0000248f  ucQueueGetQueueType              
0000249d  xTimerIsTimerActive              
000024b5  xTimerGenericCommand             
00002531  xTimerCreateTimerTask            
00002563  xTimerCreate                     
0000259d  vTimerSetTimerID                 
000025b3  pvTimerGetTimerID                
00002801  pcTimerGetTimerName              
00002a99  shift                            
00002aad  UARTprintStr                     
00002ad1  UpdateDisplay                    
00002b3d  vTaskGetInput                    
00002b5b  vTaskButton                      
00002b99  ConfigureUART                    
00002bd1  main                             
00002cd5  SysCtlClockFreqSet               
000030a5  __aeabi_dsub                     
000030af  __aeabi_dadd                     
00003399  __aeabi_ddiv                     
000034cf  GPIOPadConfigSet                 
00003725  xPortGetFreeHeapSize             
0000372b  vPortInitialiseBlocks            
0000372d  vPortFree                        
0000378d  pvPortMalloc                     
0000383d  ldexp                            
0000383d  ldexpl                           
0000383d  scalbn                           
0000383d  scalbnl                          
0000394d  __aeabi_dmul                     
00003a49  xPortSysTickHandler              
00003a6f  vPortSetupTimerInterrupt         
00003a7b  xPortStartScheduler              
00003ab3  vPortExitCritical                
00003ac5  vPortEnterCritical               
00003add  vPortEndScheduler                
00003adf  pxPortInitialiseStack            
00003b35  ulPortGetIPSR                    
00003b4d  xPortPendSVHandler               
00003bad  vPortSVCHandler                  
00003bcd  vPortStartFirstTask              
00003be9  vPortEnableVFP                   
00003bf9  ButtonsPoll                      
00003c6d  ButtonsInit                      
00003d77  __aeabi_memcpy                   
00003d77  __aeabi_memcpy4                  
00003d77  __aeabi_memcpy8                  
00003d77  memcpy                           
00003e13  __aeabi_uldivmod                 
00003ea9  vListInsertEnd                   
00003ec1  vListInsert                      
00003ef9  vListInitialiseItem              
00003eff  vListInitialise                  
00003f15  uxListRemove                     
00003f35  __aeabi_cdcmpeq                  
00003f35  __aeabi_cdcmple                  
00003fbb  __aeabi_cdrcmple                 
00004041  __aeabi_memclr                   
00004041  __aeabi_memclr4                  
00004041  __aeabi_memclr8                  
00004043  __aeabi_memset                   
00004043  __aeabi_memset4                  
00004043  __aeabi_memset8                  
00004049  memset                           
00004129  __TI_decompress_lzss             
00004191  frexp                            
00004191  frexpl                           
0000424b  __TI_ltoa                        
000042f1  atoi                             
0000433d  GPIOPinConfigure                 
000043cd  __aeabi_d2iz                     
00004415  UARTConfigSetExpClk              
0000445d  __TI_auto_init_nobinit_nopinit   
000044a1  sprintf                          
00004521  SysCtlPeripheralEnable           
00004555  _c_int00_noargs                  
00004589  __aeabi_i2d                      
000045b7  GPIODirModeSet                   
000045e1  UARTDisable                      
00004621  memccpy                          
0000463d  copysign                         
0000463d  copysignl                        
0000466f  strchr                           
00004685  UARTEnable                       
00004699  strlen                           
000046ad  GPIOPinTypeUART                  
000046bf  wcslen                           
000046d1  UARTCharPutNonBlocking           
000046df  __TI_decompress_none             
000046ed  __TI_zero_init                   
000046f9  ResetISR                         
00004705  UARTCharGet                      
0000470f  UARTCharPut                      
00004725  __aeabi_errno_addr               
0000472d  _system_pre_init                 
00004731  C$$EXIT                          
00004731  abort                            
000048e4  _ctypes_                         
00004b38  ulMaxSyscallInterruptPriority    
00004b58  __TI_Handler_Table_Base          
00004b64  __TI_Handler_Table_Limit         
00004b70  __TI_CINIT_Base                  
00004b80  __TI_CINIT_Limit                 
20000000  __start___llvm_prf_cnts          
20000000  __stop___llvm_prf_cnts           
2000c3b4  xQueueRegistry                   
2000c480  output                           
2000c4b0  __stack                          
2000c6b0  __STACK_END                      
2000c6b0  __STACK_TOP                      
2000c6b0  pxCurrentTCB                     
2000c6e0  test                             
2000c6e4  status                           
2000c6fc  errno                            
ffffffff  __TI_pprof_out_hndl              
ffffffff  __TI_prof_data_size              
ffffffff  __TI_prof_data_start             
ffffffff  __binit__                        
ffffffff  __c_args__                       
ffffffff  binit                            
UNDEFED   __mpu_init                       
UNDEFED   _system_post_cinit               

[192 symbols]
