******************************************************************************
                  TI ARM Linker PC v20.2.7                     
******************************************************************************
>> Linked Thu Oct 26 19:45:39 2023

OUTPUT FILE NAME:   <pwled.out>
ENTRY POINT SYMBOL: "_c_int00_noargs"  address: 00000fa1


MEMORY CONFIGURATION

         name            origin    length      used     unused   attr    fill
----------------------  --------  ---------  --------  --------  ----  --------
  FLASH                 00000000   00100000  00001572  000fea8e  R  X
  SRAM                  20000000   00040000  00000214  0003fdec  RW X


SEGMENT ALLOCATION MAP

run origin  load origin   length   init length attrs members
----------  ----------- ---------- ----------- ----- -------
00000000    00000000    00001578   00001578    r-x
  00000000    00000000    00000208   00000208    r-- .intvecs
  00000208    00000208    00000f3a   00000f3a    r-x .text
  00001144    00001144    00000400   00000400    r-- .const
  00001548    00001548    00000030   00000030    r-- .cinit
20000000    20000000    00000214   00000000    rw-
  20000000    20000000    00000200   00000000    rw- .stack
  20000200    20000200    0000000c   00000000    rw- .data
  2000020c    2000020c    00000008   00000000    rw- .bss


SECTION ALLOCATION MAP

 output                                  attributes/
section   page    origin      length       input sections
--------  ----  ----------  ----------   ----------------
.intvecs   0    00000000    00000208     
                  00000000    00000208     tm4c129encpdt_startup_ccs.obj (.intvecs)

.text      0    00000208    00000f3a     
                  00000208    00000350     uartstdio.obj (.text)
                  00000558    00000200     driverlib.lib : sysctl.obj (.text:SysCtlClockFreqSet)
                  00000758    0000019c     controlled.obj (.text)
                  000008f4    00000132     driverlib.lib : gpio.obj (.text:GPIOPadConfigSet)
                  00000a26    00000002     rtsv7M4_T_le_v4SPD16_eabi.lib : div0.asm.obj (.text)
                  00000a28    00000130                                   : strtol.c.obj (.text:strtol)
                  00000b58    000000fc                                   : fd_mul_t2.asm.obj (.text)
                  00000c54    0000009c                                   : memcpy_t2.asm.obj (.text)
                  00000cf0    00000068                                   : copy_decompress_lzss.c.obj (.text:decompress:lzss:__TI_decompress_lzss)
                  00000d58    00000050     driverlib.lib : sysctl.obj (.text:SysCtlPeripheralReset)
                  00000da8    00000048                   : gpio.obj (.text:GPIOPinConfigure)
                  00000df0    00000048                   : sysctl.obj (.text:_SysCtlFrequencyGet)
                  00000e38    00000044     rtsv7M4_T_le_v4SPD16_eabi.lib : autoinit.c.obj (.text:__TI_auto_init_nobinit_nopinit:__TI_auto_init_nobinit_nopinit)
                  00000e7c    00000044                                   : fd_tou_t2.asm.obj (.text)
                  00000ec0    00000040                                   : u_divt2.asm.obj (.text)
                  00000f00    00000038                                   : fs_tod_t2.asm.obj (.text)
                  00000f38    00000034     driverlib.lib : sysctl.obj (.text:SysCtlPeripheralDisable)
                  00000f6c    00000034                   : sysctl.obj (.text:SysCtlPeripheralEnable)
                  00000fa0    00000034     rtsv7M4_T_le_v4SPD16_eabi.lib : boot_cortex_m.c.obj (.text:_c_int00_noargs:_c_int00_noargs)
                  00000fd4    0000002e                                   : i_tofd_t2.asm.obj (.text)
                  00001002    0000002a     driverlib.lib : gpio.obj (.text:GPIODirModeSet)
                  0000102c    00000022                   : pwm.obj (.text:PWMGenConfigure)
                  0000104e    00000002     --HOLE-- [fill = 0]
                  00001050    00000020                   : sysctl.obj (.text:_SysCtlMemTimingGet)
                  00001070    0000001e                   : pwm.obj (.text:PWMPulseWidthSet)
                  0000108e    0000001c     rtsv7M4_T_le_v4SPD16_eabi.lib : copy_zero_init.c.obj (.text:decompress:ZI:__TI_zero_init_nomemset:__TI_zero_init_nomemset)
                  000010aa    00000002     --HOLE-- [fill = 0]
                  000010ac    00000014     driverlib.lib : sysctl.obj (.text:SysCtlPWMClockSet)
                  000010c0    00000012                   : gpio.obj (.text:GPIOPinTypePWM)
                  000010d2    00000012                   : gpio.obj (.text:GPIOPinTypeUART)
                  000010e4    00000012                   : pwm.obj (.text:PWMOutputState)
                  000010f6    00000010                   : pwm.obj (.text:PWMGenPeriodSet)
                  00001106    0000000e     rtsv7M4_T_le_v4SPD16_eabi.lib : copy_decompress_none.c.obj (.text:decompress:none:__TI_decompress_none)
                  00001114    0000000c     driverlib.lib : pwm.obj (.text:PWMGenEnable)
                  00001120    0000000c     tm4c129encpdt_startup_ccs.obj (.text)
                  0000112c    00000008     rtsv7M4_T_le_v4SPD16_eabi.lib : errno.c.obj (.text:__aeabi_errno_addr)
                  00001134    00000006     driverlib.lib : uart.obj (.text:UARTClockSourceSet)
                  0000113a    00000004     rtsv7M4_T_le_v4SPD16_eabi.lib : pre_init.c.obj (.text:_system_pre_init)
                  0000113e    00000004                                   : exit.c.obj (.text:abort:abort)

.const     0    00001144    00000400     
                  00001144    000001b0     driverlib.lib : sysctl.obj (.const:g_pppui32XTALtoVCO)
                  000012f4    00000101     rtsv7M4_T_le_v4SPD16_eabi.lib : ctype.c.obj (.const:.string:_ctypes_)
                  000013f5    00000003     --HOLE-- [fill = 0]
                  000013f8    00000090     driverlib.lib : gpio.obj (.const:g_pui32GPIOBaseAddrs)
                  00001488    0000006c                   : sysctl.obj (.const:g_pui32Xtals)
                  000014f4    00000030                   : sysctl.obj (.const:g_sXTALtoMEMTIM)
                  00001524    0000000c     uartstdio.obj (.const:g_ui32UARTBase)
                  00001530    0000000c     uartstdio.obj (.const:g_ui32UARTPeriph)
                  0000153c    00000008     driverlib.lib : sysctl.obj (.const)

.cinit     0    00001548    00000030     
                  00001548    0000000c     (__TI_handler_table)
                  00001554    00000004     --HOLE-- [fill = 0]
                  00001558    00000008     (.cinit..bss.load) [load image, compression = zero_init]
                  00001560    00000007     (.cinit..data.load) [load image, compression = lzss]
                  00001567    00000001     --HOLE-- [fill = 0]
                  00001568    00000010     (__TI_cinit_table)

.init_array 
*          0    00000000    00000000     UNINITIALIZED

.data      0    20000200    0000000c     UNINITIALIZED
                  20000200    00000005     uartstdio.obj (.data)
                  20000205    00000003     --HOLE--
                  20000208    00000004     rtsv7M4_T_le_v4SPD16_eabi.lib : errno.c.obj (.data)

.bss       0    2000020c    00000008     UNINITIALIZED
                  2000020c    00000008     controlled.obj (.bss:buffer$1)

.stack     0    20000000    00000200     UNINITIALIZED
                  20000000    00000004     rtsv7M4_T_le_v4SPD16_eabi.lib : boot_cortex_m.c.obj (.stack)
                  20000004    000001fc     --HOLE--

__llvm_prf_cnts 
*          0    20000000    00000000     UNINITIALIZED

MODULE SUMMARY

       Module                          code   ro data   rw data
       ------                          ----   -------   -------
    .\
       uartstdio.obj                   848    24        5      
       tm4c129encpdt_startup_ccs.obj   12     520       0      
       controlled.obj                  412    0         8      
    +--+-------------------------------+------+---------+---------+
       Total:                          1272   544       13     
                                                               
    C:/ti/tivaware_c_series_2_1_4_178/driverlib/ccs/Debug/driverlib.lib
       sysctl.obj                      820    596       0      
       gpio.obj                        456    144       0      
       pwm.obj                         110    0         0      
       uart.obj                        6      0         0      
    +--+-------------------------------+------+---------+---------+
       Total:                          1392   740       0      
                                                               
    C:\ti\ccs1210\ccs\tools\compiler\ti-cgt-arm_20.2.7.LTS\lib\rtsv7M4_T_le_v4SPD16_eabi.lib
       strtol.c.obj                    304    0         0      
       ctype.c.obj                     0      257       0      
       fd_mul_t2.asm.obj               252    0         0      
       memcpy_t2.asm.obj               156    0         0      
       copy_decompress_lzss.c.obj      104    0         0      
       autoinit.c.obj                  68     0         0      
       fd_tou_t2.asm.obj               68     0         0      
       u_divt2.asm.obj                 64     0         0      
       fs_tod_t2.asm.obj               56     0         0      
       boot_cortex_m.c.obj             52     0         0      
       i_tofd_t2.asm.obj               46     0         0      
       copy_zero_init.c.obj            28     0         0      
       copy_decompress_none.c.obj      14     0         0      
       errno.c.obj                     8      0         4      
       exit.c.obj                      4      0         0      
       pre_init.c.obj                  4      0         0      
       div0.asm.obj                    2      0         0      
    +--+-------------------------------+------+---------+---------+
       Total:                          1230   257       4      
                                                               
       Stack:                          0      0         512    
       Linker Generated:               0      43        0      
    +--+-------------------------------+------+---------+---------+
       Grand Total:                    3894   1584      529    


LINKER GENERATED COPY TABLES

__TI_cinit_table @ 00001568 records: 2, size/record: 8, table size: 16
	.bss: load addr=00001558, load size=00000008 bytes, run addr=2000020c, run size=00000008 bytes, compression=zero_init
	.data: load addr=00001560, load size=00000007 bytes, run addr=20000200, run size=0000000c bytes, compression=lzss


LINKER GENERATED HANDLER TABLE

__TI_handler_table @ 00001548 records: 3, size/record: 4, table size: 12
	index: 0, handler: __TI_decompress_lzss
	index: 1, handler: __TI_decompress_none
	index: 2, handler: __TI_zero_init


GLOBAL SYMBOLS: SORTED ALPHABETICALLY BY Name 

address   name                          
-------   ----                          
0000113f  C$$EXIT                       
00000759  ConfigureUART                 
00001003  GPIODirModeSet                
000008f5  GPIOPadConfigSet              
00000da9  GPIOPinConfigure              
000010c1  GPIOPinTypePWM                
000010d3  GPIOPinTypeUART               
0000102d  PWMGenConfigure               
00001115  PWMGenEnable                  
000010f7  PWMGenPeriodSet               
000010e5  PWMOutputState                
00001071  PWMPulseWidthSet              
00001121  ResetISR                      
00000559  SysCtlClockFreqSet            
000010ad  SysCtlPWMClockSet             
00000f39  SysCtlPeripheralDisable       
00000f6d  SysCtlPeripheralEnable        
00000d59  SysCtlPeripheralReset         
00001135  UARTClockSourceSet            
000004cd  UARTStdioConfig               
000004b5  UARTgetc                      
00000431  UARTgets                      
00000417  UARTprintf                    
00000249  UARTvprintf                   
00000209  UARTwrite                     
20000200  __STACK_END                   
00000200  __STACK_SIZE                  
20000200  __STACK_TOP                   
00001568  __TI_CINIT_Base               
00001578  __TI_CINIT_Limit              
00001548  __TI_Handler_Table_Base       
00001554  __TI_Handler_Table_Limit      
00000e39  __TI_auto_init_nobinit_nopinit
00000cf1  __TI_decompress_lzss          
00001107  __TI_decompress_none          
ffffffff  __TI_pprof_out_hndl           
ffffffff  __TI_prof_data_size           
ffffffff  __TI_prof_data_start          
00000000  __TI_static_base__            
0000108f  __TI_zero_init_nomemset       
00000e7d  __aeabi_d2uiz                 
00000b59  __aeabi_dmul                  
0000112d  __aeabi_errno_addr            
00000f01  __aeabi_f2d                   
00000fd5  __aeabi_i2d                   
00000a27  __aeabi_idiv0                 
00000a27  __aeabi_ldiv0                 
00000c55  __aeabi_memcpy                
00000c55  __aeabi_memcpy4               
00000c55  __aeabi_memcpy8               
00000ec1  __aeabi_uidiv                 
00000ec1  __aeabi_uidivmod              
ffffffff  __binit__                     
ffffffff  __c_args__                    
UNDEFED   __mpu_init                    
20000000  __stack                       
20000000  __start___llvm_prf_cnts       
20000000  __stop___llvm_prf_cnts        
00000fa1  _c_int00_noargs               
000012f4  _ctypes_                      
UNDEFED   _system_post_cinit            
0000113b  _system_pre_init              
0000113f  abort                         
ffffffff  binit                         
20000208  errno                         
00000000  g_pfnVectors                  
00000795  main                          
00000c55  memcpy                        
00000a29  strtol                        


GLOBAL SYMBOLS: SORTED BY Symbol Address 

address   name                          
-------   ----                          
00000000  __TI_static_base__            
00000000  g_pfnVectors                  
00000200  __STACK_SIZE                  
00000209  UARTwrite                     
00000249  UARTvprintf                   
00000417  UARTprintf                    
00000431  UARTgets                      
000004b5  UARTgetc                      
000004cd  UARTStdioConfig               
00000559  SysCtlClockFreqSet            
00000759  ConfigureUART                 
00000795  main                          
000008f5  GPIOPadConfigSet              
00000a27  __aeabi_idiv0                 
00000a27  __aeabi_ldiv0                 
00000a29  strtol                        
00000b59  __aeabi_dmul                  
00000c55  __aeabi_memcpy                
00000c55  __aeabi_memcpy4               
00000c55  __aeabi_memcpy8               
00000c55  memcpy                        
00000cf1  __TI_decompress_lzss          
00000d59  SysCtlPeripheralReset         
00000da9  GPIOPinConfigure              
00000e39  __TI_auto_init_nobinit_nopinit
00000e7d  __aeabi_d2uiz                 
00000ec1  __aeabi_uidiv                 
00000ec1  __aeabi_uidivmod              
00000f01  __aeabi_f2d                   
00000f39  SysCtlPeripheralDisable       
00000f6d  SysCtlPeripheralEnable        
00000fa1  _c_int00_noargs               
00000fd5  __aeabi_i2d                   
00001003  GPIODirModeSet                
0000102d  PWMGenConfigure               
00001071  PWMPulseWidthSet              
0000108f  __TI_zero_init_nomemset       
000010ad  SysCtlPWMClockSet             
000010c1  GPIOPinTypePWM                
000010d3  GPIOPinTypeUART               
000010e5  PWMOutputState                
000010f7  PWMGenPeriodSet               
00001107  __TI_decompress_none          
00001115  PWMGenEnable                  
00001121  ResetISR                      
0000112d  __aeabi_errno_addr            
00001135  UARTClockSourceSet            
0000113b  _system_pre_init              
0000113f  C$$EXIT                       
0000113f  abort                         
000012f4  _ctypes_                      
00001548  __TI_Handler_Table_Base       
00001554  __TI_Handler_Table_Limit      
00001568  __TI_CINIT_Base               
00001578  __TI_CINIT_Limit              
20000000  __stack                       
20000000  __start___llvm_prf_cnts       
20000000  __stop___llvm_prf_cnts        
20000200  __STACK_END                   
20000200  __STACK_TOP                   
20000208  errno                         
ffffffff  __TI_pprof_out_hndl           
ffffffff  __TI_prof_data_size           
ffffffff  __TI_prof_data_start          
ffffffff  __binit__                     
ffffffff  __c_args__                    
ffffffff  binit                         
UNDEFED   __mpu_init                    
UNDEFED   _system_post_cinit            

[69 symbols]
