******************************************************************************
                  TI ARM Linker PC v20.2.7                     
******************************************************************************
>> Linked Thu Jun 15 06:41:41 2023

OUTPUT FILE NAME:   <LAB_3_A.out>
ENTRY POINT SYMBOL: "_c_int00_noargs"  address: 00002a69


MEMORY CONFIGURATION

         name            origin    length      used     unused   attr    fill
----------------------  --------  ---------  --------  --------  ----  --------
  FLASH                 00000000   00100000  00003212  000fcdee  R  X
  SRAM                  20000000   00040000  0000058c  0003fa74  RW X


SEGMENT ALLOCATION MAP

run origin  load origin   length   init length attrs members
----------  ----------- ---------- ----------- ----- -------
00000000    00000000    00003218   00003218    r-x
  00000000    00000000    00000208   00000208    r-- .intvecs
  00000208    00000208    00002aba   00002aba    r-x .text
  00002cc4    00002cc4    00000510   00000510    r-- .const
  000031d8    000031d8    00000040   00000040    r-- .cinit
20000000    20000000    0000058c   00000000    rw-
  20000000    20000000    0000026c   00000000    rw- .vtable
  2000026c    2000026c    00000004   00000000    rw- .bss
  20000270    20000270    00000200   00000000    rw- .stack
  20000470    20000470    0000011c   00000000    rw- .data


SECTION ALLOCATION MAP

 output                                  attributes/
section   page    origin      length       input sections
--------  ----  ----------  ----------   ----------------
.intvecs   0    00000000    00000208     
                  00000000    00000208     tm4c129encpdt_startup_ccs.obj (.intvecs)

.text      0    00000208    00002aba     
                  00000208    00000a4e     rtsv7M4_T_le_v4SPD16_eabi.lib : _printfi.c.obj (.text:__TI_printfi)
                  00000c56    00000002                                   : div0.asm.obj (.text)
                  00000c58    00000350     uartstdio.obj (.text)
                  00000fa8    00000270     rtsv7M4_T_le_v4SPD16_eabi.lib : _printfi.c.obj (.text:_pconv_a)
                  00001218    00000200     driverlib.lib : sysctl.obj (.text:SysCtlClockFreqSet)
                  00001418    000001d0     rtsv7M4_T_le_v4SPD16_eabi.lib : _printfi.c.obj (.text:_pconv_g)
                  000015e8    000001c0     main.obj (.text)
                  000017a8    000001b6     rtsv7M4_T_le_v4SPD16_eabi.lib : fd_add_t2.asm.obj (.text)
                  0000195e    00000002     --HOLE-- [fill = 0]
                  00001960    0000013c                                   : _printfi.c.obj (.text:_pconv_e)
                  00001a9c    00000136                                   : fd_div_t2.asm.obj (.text)
                  00001bd2    00000132     driverlib.lib : gpio.obj (.text:GPIOPadConfigSet)
                  00001d04    00000124     rtsv7M4_T_le_v4SPD16_eabi.lib : _printfi.c.obj (.text:fcvt)
                  00001e28    00000110                                   : s_scalbn.c.obj (.text:scalbn)
                  00001f38    000000fc                                   : fd_mul_t2.asm.obj (.text)
                  00002034    000000b8     USART.obj (.text)
                  000020ec    000000b1     rtsv7M4_T_le_v4SPD16_eabi.lib : _printfi.c.obj (.text:_ltostr)
                  0000219d    00000001     --HOLE-- [fill = 0]
                  0000219e    0000009c                                   : memcpy_t2.asm.obj (.text)
                  0000223a    00000096                                   : ull_div_t2.asm.obj (.text)
                  000022d0    00000086                                   : fd_cmp_t2.asm.obj (.text:__aeabi_cdcmple)
                  00002356    00000086                                   : fd_cmp_t2.asm.obj (.text:__aeabi_cdrcmple)
                  000023dc    0000007a                                   : memset_t2.asm.obj (.text)
                  00002456    0000006e                                   : _printfi.c.obj (.text:_mcpy)
                  000024c4    00000068     driverlib.lib : interrupt.obj (.text:IntEnable)
                  0000252c    00000068     rtsv7M4_T_le_v4SPD16_eabi.lib : copy_decompress_lzss.c.obj (.text:decompress:lzss:__TI_decompress_lzss)
                  00002594    00000064                                   : s_frexp.c.obj (.text:frexp)
                  000025f8    00000060     driverlib.lib : timer.obj (.text:TimerConfigure)
                  00002658    00000056     rtsv7M4_T_le_v4SPD16_eabi.lib : _printfi.c.obj (.text:_pconv_f)
                  000026ae    00000054                                   : _ltoa.c.obj (.text:__TI_ltoa)
                  00002702    00000052                                   : _printfi.c.obj (.text:_ecpy)
                  00002754    0000004c     driverlib.lib : timer.obj (.text:_TimerIntNumberGet)
                  000027a0    0000004c     rtsv7M4_T_le_v4SPD16_eabi.lib : atoi.c.obj (.text:atoi)
                  000027ec    00000048     driverlib.lib : gpio.obj (.text:GPIOPinConfigure)
                  00002834    00000048                   : sysctl.obj (.text:_SysCtlFrequencyGet)
                  0000287c    00000048     rtsv7M4_T_le_v4SPD16_eabi.lib : fd_toi_t2.asm.obj (.text)
                  000028c4    00000044                                   : autoinit.c.obj (.text:__TI_auto_init_nobinit_nopinit:__TI_auto_init_nobinit_nopinit)
                  00002908    00000040                                   : u_divt2.asm.obj (.text)
                  00002948    00000040                                   : sprintf.c.obj (.text:sprintf)
                  00002988    0000003e                                   : _printfi.c.obj (.text:_fcpy)
                  000029c6    00000002     --HOLE-- [fill = 0]
                  000029c8    00000038     driverlib.lib : sysctl.obj (.text:SysCtlPeripheralReady)
                  00002a00    00000034                   : interrupt.obj (.text:IntRegister)
                  00002a34    00000034                   : sysctl.obj (.text:SysCtlPeripheralEnable)
                  00002a68    00000034     rtsv7M4_T_le_v4SPD16_eabi.lib : boot_cortex_m.c.obj (.text:_c_int00_noargs:_c_int00_noargs)
                  00002a9c    0000002e                                   : i_tofd_t2.asm.obj (.text)
                  00002aca    0000002a     driverlib.lib : gpio.obj (.text:GPIODirModeSet)
                  00002af4    00000020                   : sysctl.obj (.text:_SysCtlMemTimingGet)
                  00002b14    0000001c     rtsv7M4_T_le_v4SPD16_eabi.lib : copy_zero_init.c.obj (.text:decompress:ZI:__TI_zero_init_nomemset:__TI_zero_init_nomemset)
                  00002b30    0000001c                                   : memccpy.c.obj (.text:memccpy)
                  00002b4c    0000001a                                   : s_copysign.c.obj (.text:copysign)
                  00002b66    00000002     --HOLE-- [fill = 0]
                  00002b68    00000018     driverlib.lib : timer.obj (.text:TimerDisable)
                  00002b80    00000018                   : timer.obj (.text:TimerIntRegister)
                  00002b98    00000018     rtsv7M4_T_le_v4SPD16_eabi.lib : sprintf.c.obj (.text:_outs)
                  00002bb0    00000016                                   : strchr.c.obj (.text:strchr)
                  00002bc6    00000014     driverlib.lib : uart.obj (.text:UARTEnable)
                  00002bda    00000014     rtsv7M4_T_le_v4SPD16_eabi.lib : strlen.c.obj (.text:strlen)
                  00002bee    00000012     driverlib.lib : gpio.obj (.text:GPIOPinTypeUART)
                  00002c00    00000012                   : timer.obj (.text:TimerLoadSet)
                  00002c12    00000012                   : timer.obj (.text:TimerPrescaleSet)
                  00002c24    00000012     rtsv7M4_T_le_v4SPD16_eabi.lib : wcslen.c.obj (.text:wcslen)
                  00002c36    00000010     driverlib.lib : interrupt.obj (.text:IntMasterDisable)
                  00002c46    00000010                   : interrupt.obj (.text:IntMasterEnable)
                  00002c56    0000000e                   : timer.obj (.text:TimerEnable)
                  00002c64    0000000e     rtsv7M4_T_le_v4SPD16_eabi.lib : copy_decompress_none.c.obj (.text:decompress:none:__TI_decompress_none)
                  00002c72    0000000c     driverlib.lib : cpu.obj (.text:CPUcpsid)
                  00002c7e    0000000c                   : cpu.obj (.text:CPUcpsie)
                  00002c8a    0000000c     tm4c129encpdt_startup_ccs.obj (.text)
                  00002c96    0000000a     rtsv7M4_T_le_v4SPD16_eabi.lib : sprintf.c.obj (.text:_outc)
                  00002ca0    00000008     driverlib.lib : timer.obj (.text:TimerIntEnable)
                  00002ca8    00000008     rtsv7M4_T_le_v4SPD16_eabi.lib : errno.c.obj (.text:__aeabi_errno_addr)
                  00002cb0    00000006     driverlib.lib : uart.obj (.text:UARTClockSourceSet)
                  00002cb6    00000004                   : timer.obj (.text:TimerIntClear)
                  00002cba    00000004     rtsv7M4_T_le_v4SPD16_eabi.lib : pre_init.c.obj (.text:_system_pre_init)
                  00002cbe    00000004                                   : exit.c.obj (.text:abort:abort)

.const     0    00002cc4    00000510     
                  00002cc4    000001b0     driverlib.lib : sysctl.obj (.const:g_pppui32XTALtoVCO)
                  00002e74    00000101     rtsv7M4_T_le_v4SPD16_eabi.lib : ctype.c.obj (.const:.string:_ctypes_)
                  00002f75    00000003     --HOLE-- [fill = 0]
                  00002f78    00000090     driverlib.lib : gpio.obj (.const:g_pui32GPIOBaseAddrs)
                  00003008    00000070                   : interrupt.obj (.const)
                  00003078    0000006c                   : sysctl.obj (.const:g_pui32Xtals)
                  000030e4    00000060                   : timer.obj (.const:g_ppui32TimerIntMap)
                  00003144    00000040                   : timer.obj (.const:g_ppui32TimerIntMapSnowflake)
                  00003184    00000030                   : sysctl.obj (.const:g_sXTALtoMEMTIM)
                  000031b4    0000000c     uartstdio.obj (.const:g_ui32UARTBase)
                  000031c0    0000000c     uartstdio.obj (.const:g_ui32UARTPeriph)
                  000031cc    00000008     driverlib.lib : sysctl.obj (.const)

.cinit     0    000031d8    00000040     
                  000031d8    0000000c     (__TI_handler_table)
                  000031e4    00000009     (.cinit..data.load) [load image, compression = lzss]
                  000031ed    00000003     --HOLE-- [fill = 0]
                  000031f0    00000008     (.cinit..bss.load) [load image, compression = zero_init]
                  000031f8    00000008     (.cinit..vtable.load) [load image, compression = zero_init]
                  00003200    00000018     (__TI_cinit_table)

.init_array 
*          0    00000000    00000000     UNINITIALIZED

.vtable    0    20000000    0000026c     UNINITIALIZED
                  20000000    0000026c     driverlib.lib : interrupt.obj (.vtable)

.bss       0    2000026c    00000004     UNINITIALIZED
                  2000026c    00000004     (.common:ui32SysClock)

.data      0    20000470    0000011c     UNINITIALIZED
                  20000470    00000100     main.obj (.data:str_time)
                  20000570    00000010     main.obj (.data)
                  20000580    00000005     uartstdio.obj (.data)
                  20000585    00000003     --HOLE--
                  20000588    00000004     rtsv7M4_T_le_v4SPD16_eabi.lib : errno.c.obj (.data)

.stack     0    20000270    00000200     UNINITIALIZED
                  20000270    00000004     rtsv7M4_T_le_v4SPD16_eabi.lib : boot_cortex_m.c.obj (.stack)
                  20000274    000001fc     --HOLE--

__llvm_prf_cnts 
*          0    20000000    00000000     UNINITIALIZED

MODULE SUMMARY

       Module                          code    ro data   rw data
       ------                          ----    -------   -------
    .\
       uartstdio.obj                   848     24        5      
       main.obj                        448     0         272    
       tm4c129encpdt_startup_ccs.obj   12      520       0      
       USART.obj                       184     0         4      
    +--+-------------------------------+-------+---------+---------+
       Total:                          1492    544       281    
                                                                
    C:/ti/tivaware_c_series_2_1_4_178/driverlib/ccs/Debug/driverlib.lib
       sysctl.obj                      724     596       0      
       interrupt.obj                   188     112       620    
       gpio.obj                        438     144       0      
       timer.obj                       282     160       0      
       uart.obj                        26      0         0      
       cpu.obj                         24      0         0      
    +--+-------------------------------+-------+---------+---------+
       Total:                          1682    1012      620    
                                                                
    C:\ti\ccs1210\ccs\tools\compiler\ti-cgt-arm_20.2.7.LTS\lib\rtsv7M4_T_le_v4SPD16_eabi.lib
       _printfi.c.obj                  4851    0         0      
       fd_add_t2.asm.obj               438     0         0      
       fd_div_t2.asm.obj               310     0         0      
       s_scalbn.c.obj                  272     0         0      
       fd_cmp_t2.asm.obj               268     0         0      
       ctype.c.obj                     0       257       0      
       fd_mul_t2.asm.obj               252     0         0      
       memcpy_t2.asm.obj               156     0         0      
       ull_div_t2.asm.obj              150     0         0      
       memset_t2.asm.obj               122     0         0      
       copy_decompress_lzss.c.obj      104     0         0      
       s_frexp.c.obj                   100     0         0      
       sprintf.c.obj                   98      0         0      
       _ltoa.c.obj                     84      0         0      
       atoi.c.obj                      76      0         0      
       fd_toi_t2.asm.obj               72      0         0      
       autoinit.c.obj                  68      0         0      
       u_divt2.asm.obj                 64      0         0      
       boot_cortex_m.c.obj             52      0         0      
       i_tofd_t2.asm.obj               46      0         0      
       copy_zero_init.c.obj            28      0         0      
       memccpy.c.obj                   28      0         0      
       s_copysign.c.obj                26      0         0      
       strchr.c.obj                    22      0         0      
       strlen.c.obj                    20      0         0      
       wcslen.c.obj                    18      0         0      
       copy_decompress_none.c.obj      14      0         0      
       errno.c.obj                     8       0         4      
       exit.c.obj                      4       0         0      
       pre_init.c.obj                  4       0         0      
       div0.asm.obj                    2       0         0      
    +--+-------------------------------+-------+---------+---------+
       Total:                          7757    257       4      
                                                                
       Stack:                          0       0         512    
       Linker Generated:               0       61        0      
    +--+-------------------------------+-------+---------+---------+
       Grand Total:                    10931   1874      1417   


LINKER GENERATED COPY TABLES

__TI_cinit_table @ 00003200 records: 3, size/record: 8, table size: 24
	.data: load addr=000031e4, load size=00000009 bytes, run addr=20000470, run size=0000011c bytes, compression=lzss
	.bss: load addr=000031f0, load size=00000008 bytes, run addr=2000026c, run size=00000004 bytes, compression=zero_init
	.vtable: load addr=000031f8, load size=00000008 bytes, run addr=20000000, run size=0000026c bytes, compression=zero_init


LINKER GENERATED HANDLER TABLE

__TI_handler_table @ 000031d8 records: 3, size/record: 4, table size: 12
	index: 0, handler: __TI_zero_init
	index: 1, handler: __TI_decompress_lzss
	index: 2, handler: __TI_decompress_none


GLOBAL SYMBOLS: SORTED ALPHABETICALLY BY Name 

address   name                          
-------   ----                          
00002cbf  C$$EXIT                       
00002c73  CPUcpsid                      
00002c7f  CPUcpsie                      
00002acb  GPIODirModeSet                
00001bd3  GPIOPadConfigSet              
000027ed  GPIOPinConfigure              
00002bef  GPIOPinTypeUART               
000024c5  IntEnable                     
00002c37  IntMasterDisable              
00002c47  IntMasterEnable               
00002a01  IntRegister                   
00002c8b  ResetISR                      
00001219  SysCtlClockFreqSet            
00002a35  SysCtlPeripheralEnable        
000029c9  SysCtlPeripheralReady         
000025f9  TimerConfigure                
00002b69  TimerDisable                  
00002c57  TimerEnable                   
00002cb7  TimerIntClear                 
00002ca1  TimerIntEnable                
000016c1  TimerIntHandler               
00002b81  TimerIntRegister              
00002c01  TimerLoadSet                  
00002c13  TimerPrescaleSet              
00002cb1  UARTClockSourceSet            
00002bc7  UARTEnable                    
00000f1d  UARTStdioConfig               
00000f05  UARTgetc                      
00000e81  UARTgets                      
00000e67  UARTprintf                    
00000c99  UARTvprintf                   
00000c59  UARTwrite                     
000020b1  USART_getChar                 
000020bf  USART_getString               
00002055  USART_init                    
00002035  USART_putChar                 
00002041  USART_putString               
20000470  __STACK_END                   
00000200  __STACK_SIZE                  
20000470  __STACK_TOP                   
00003200  __TI_CINIT_Base               
00003218  __TI_CINIT_Limit              
000031d8  __TI_Handler_Table_Base       
000031e4  __TI_Handler_Table_Limit      
000028c5  __TI_auto_init_nobinit_nopinit
0000252d  __TI_decompress_lzss          
00002c65  __TI_decompress_none          
000026af  __TI_ltoa                     
ffffffff  __TI_pprof_out_hndl           
00000209  __TI_printfi                  
ffffffff  __TI_prof_data_size           
ffffffff  __TI_prof_data_start          
00000000  __TI_static_base__            
00002b15  __TI_zero_init_nomemset       
000022d1  __aeabi_cdcmpeq               
000022d1  __aeabi_cdcmple               
00002357  __aeabi_cdrcmple              
0000287d  __aeabi_d2iz                  
000017b3  __aeabi_dadd                  
00001a9d  __aeabi_ddiv                  
00001f39  __aeabi_dmul                  
000017a9  __aeabi_dsub                  
00002ca9  __aeabi_errno_addr            
00002a9d  __aeabi_i2d                   
00000c57  __aeabi_idiv0                 
00000c57  __aeabi_ldiv0                 
000023dd  __aeabi_memclr                
000023dd  __aeabi_memclr4               
000023dd  __aeabi_memclr8               
0000219f  __aeabi_memcpy                
0000219f  __aeabi_memcpy4               
0000219f  __aeabi_memcpy8               
000023df  __aeabi_memset                
000023df  __aeabi_memset4               
000023df  __aeabi_memset8               
00002909  __aeabi_uidiv                 
00002909  __aeabi_uidivmod              
0000223b  __aeabi_uldivmod              
ffffffff  __binit__                     
ffffffff  __c_args__                    
UNDEFED   __mpu_init                    
20000270  __stack                       
20000000  __start___llvm_prf_cnts       
20000000  __stop___llvm_prf_cnts        
00002a69  _c_int00_noargs               
00002e74  _ctypes_                      
UNDEFED   _system_post_cinit            
00002cbb  _system_pre_init              
00002cbf  abort                         
000027a1  atoi                          
ffffffff  binit                         
00002b4d  copysign                      
00002b4d  copysignl                     
2000057c  counter                       
20000588  errno                         
00002595  frexp                         
00002595  frexpl                        
20000000  g_pfnRAMVectors               
00000000  g_pfnVectors                  
20000570  hour                          
00001e29  ldexp                         
00001e29  ldexpl                        
00001687  main                          
00002b31  memccpy                       
0000219f  memcpy                        
000023e5  memset                        
20000574  min                           
00001659  reset                         
00001e29  scalbn                        
00001e29  scalbnl                       
20000578  sec                           
00002949  sprintf                       
00001651  start                         
00001649  stop                          
20000470  str_time                      
00002bb1  strchr                        
00002bdb  strlen                        
000015e9  timer_init                    
2000026c  ui32SysClock                  
00002c25  wcslen                        


GLOBAL SYMBOLS: SORTED BY Symbol Address 

address   name                          
-------   ----                          
00000000  __TI_static_base__            
00000000  g_pfnVectors                  
00000200  __STACK_SIZE                  
00000209  __TI_printfi                  
00000c57  __aeabi_idiv0                 
00000c57  __aeabi_ldiv0                 
00000c59  UARTwrite                     
00000c99  UARTvprintf                   
00000e67  UARTprintf                    
00000e81  UARTgets                      
00000f05  UARTgetc                      
00000f1d  UARTStdioConfig               
00001219  SysCtlClockFreqSet            
000015e9  timer_init                    
00001649  stop                          
00001651  start                         
00001659  reset                         
00001687  main                          
000016c1  TimerIntHandler               
000017a9  __aeabi_dsub                  
000017b3  __aeabi_dadd                  
00001a9d  __aeabi_ddiv                  
00001bd3  GPIOPadConfigSet              
00001e29  ldexp                         
00001e29  ldexpl                        
00001e29  scalbn                        
00001e29  scalbnl                       
00001f39  __aeabi_dmul                  
00002035  USART_putChar                 
00002041  USART_putString               
00002055  USART_init                    
000020b1  USART_getChar                 
000020bf  USART_getString               
0000219f  __aeabi_memcpy                
0000219f  __aeabi_memcpy4               
0000219f  __aeabi_memcpy8               
0000219f  memcpy                        
0000223b  __aeabi_uldivmod              
000022d1  __aeabi_cdcmpeq               
000022d1  __aeabi_cdcmple               
00002357  __aeabi_cdrcmple              
000023dd  __aeabi_memclr                
000023dd  __aeabi_memclr4               
000023dd  __aeabi_memclr8               
000023df  __aeabi_memset                
000023df  __aeabi_memset4               
000023df  __aeabi_memset8               
000023e5  memset                        
000024c5  IntEnable                     
0000252d  __TI_decompress_lzss          
00002595  frexp                         
00002595  frexpl                        
000025f9  TimerConfigure                
000026af  __TI_ltoa                     
000027a1  atoi                          
000027ed  GPIOPinConfigure              
0000287d  __aeabi_d2iz                  
000028c5  __TI_auto_init_nobinit_nopinit
00002909  __aeabi_uidiv                 
00002909  __aeabi_uidivmod              
00002949  sprintf                       
000029c9  SysCtlPeripheralReady         
00002a01  IntRegister                   
00002a35  SysCtlPeripheralEnable        
00002a69  _c_int00_noargs               
00002a9d  __aeabi_i2d                   
00002acb  GPIODirModeSet                
00002b15  __TI_zero_init_nomemset       
00002b31  memccpy                       
00002b4d  copysign                      
00002b4d  copysignl                     
00002b69  TimerDisable                  
00002b81  TimerIntRegister              
00002bb1  strchr                        
00002bc7  UARTEnable                    
00002bdb  strlen                        
00002bef  GPIOPinTypeUART               
00002c01  TimerLoadSet                  
00002c13  TimerPrescaleSet              
00002c25  wcslen                        
00002c37  IntMasterDisable              
00002c47  IntMasterEnable               
00002c57  TimerEnable                   
00002c65  __TI_decompress_none          
00002c73  CPUcpsid                      
00002c7f  CPUcpsie                      
00002c8b  ResetISR                      
00002ca1  TimerIntEnable                
00002ca9  __aeabi_errno_addr            
00002cb1  UARTClockSourceSet            
00002cb7  TimerIntClear                 
00002cbb  _system_pre_init              
00002cbf  C$$EXIT                       
00002cbf  abort                         
00002e74  _ctypes_                      
000031d8  __TI_Handler_Table_Base       
000031e4  __TI_Handler_Table_Limit      
00003200  __TI_CINIT_Base               
00003218  __TI_CINIT_Limit              
20000000  __start___llvm_prf_cnts       
20000000  __stop___llvm_prf_cnts        
20000000  g_pfnRAMVectors               
2000026c  ui32SysClock                  
20000270  __stack                       
20000470  __STACK_END                   
20000470  __STACK_TOP                   
20000470  str_time                      
20000570  hour                          
20000574  min                           
20000578  sec                           
2000057c  counter                       
20000588  errno                         
ffffffff  __TI_pprof_out_hndl           
ffffffff  __TI_prof_data_size           
ffffffff  __TI_prof_data_start          
ffffffff  __binit__                     
ffffffff  __c_args__                    
ffffffff  binit                         
UNDEFED   __mpu_init                    
UNDEFED   _system_post_cinit            

[120 symbols]
