******************************************************************************
                  TI ARM Linker PC v18.1.4                     
******************************************************************************
>> Linked Sat Jul 29 15:27:08 2023

OUTPUT FILE NAME:   <Seven_segment_lighting_Push_buttons.out>
ENTRY POINT SYMBOL: "_c_int00_noargs"  address: 000004b1


MEMORY CONFIGURATION

         name            origin    length      used     unused   attr    fill
----------------------  --------  ---------  --------  --------  ----  --------
  FLASH                 00000000   00100000  00000556  000ffaaa  R  X
  SRAM                  20000000   00040000  0000020c  0003fdf4  RW X


SEGMENT ALLOCATION MAP

run origin  load origin   length   init length attrs members
----------  ----------- ---------- ----------- ----- -------
00000000    00000000    00000558   00000558    r-x
  00000000    00000000    00000208   00000208    r-- .intvecs
  00000208    00000208    00000314   00000314    r-x .text
  0000051c    0000051c    0000000a   0000000a    r-- .const
  00000528    00000528    00000030   00000030    r-- .cinit
20000000    20000000    0000020c   00000000    rw-
  20000000    20000000    00000200   00000000    rw- .stack
  20000200    20000200    00000008   00000000    rw- .bss
  20000208    20000208    00000004   00000000    rw- .data


SECTION ALLOCATION MAP

 output                                  attributes/
section   page    origin      length       input sections
--------  ----  ----------  ----------   ----------------
.intvecs   0    00000000    00000208     
                  00000000    00000208     tm4c129encpdt_startup_ccs.obj (.intvecs)

.text      0    00000208    00000314     
                  00000208    00000160     main.obj (.text)
                  00000368    0000009c     rtsv7M4_T_le_v4SPD16_eabi.lib : memcpy_t2.asm.obj (.text)
                  00000404    00000068                                   : copy_decompress_lzss.c.obj (.text:decompress:lzss:__TI_decompress_lzss)
                  0000046c    00000044                                   : autoinit.c.obj (.text:__TI_auto_init_nobinit_nopinit:__TI_auto_init_nobinit_nopinit)
                  000004b0    00000038                                   : boot_cortex_m.c.obj (.text:_c_int00_noargs:_c_int00_noargs)
                  000004e8    00000012                                   : copy_zero_init.c.obj (.text:decompress:ZI:__TI_zero_init_nomemset:__TI_zero_init_nomemset)
                  000004fa    0000000e                                   : copy_decompress_none.c.obj (.text:decompress:none:__TI_decompress_none)
                  00000508    0000000c     tm4c129encpdt_startup_ccs.obj (.text)
                  00000514    00000004     rtsv7M4_T_le_v4SPD16_eabi.lib : pre_init.c.obj (.text:_system_pre_init)
                  00000518    00000004                                   : exit.c.obj (.text:abort:abort)

.const     0    0000051c    0000000a     
                  0000051c    0000000a     main.obj (.const:.string:$P$T0$1)

.cinit     0    00000528    00000030     
                  00000528    0000000c     (__TI_handler_table)
                  00000534    00000004     --HOLE-- [fill = 0]
                  00000538    00000008     (.cinit..bss.load) [load image, compression = zero_init]
                  00000540    00000008     (.cinit..data.load) [load image, compression = lzss]
                  00000548    00000010     (__TI_cinit_table)

.init_array 
*          0    00000000    00000000     UNINITIALIZED

.bss       0    20000200    00000008     UNINITIALIZED
                  20000200    00000004     (.common:i)
                  20000204    00000004     (.common:j)

.data      0    20000208    00000004     UNINITIALIZED
                  20000208    00000004     main.obj (.data)

.stack     0    20000000    00000200     UNINITIALIZED
                  20000000    00000004     rtsv7M4_T_le_v4SPD16_eabi.lib : boot_cortex_m.c.obj (.stack)
                  20000004    000001fc     --HOLE--

MODULE SUMMARY

       Module                          code   ro data   rw data
       ------                          ----   -------   -------
    .\
       tm4c129encpdt_startup_ccs.obj   12     520       0      
       main.obj                        352    10        12     
    +--+-------------------------------+------+---------+---------+
       Total:                          364    530       12     
                                                               
    C:\ti\ccsv8\tools\compiler\ti-cgt-arm_18.1.4.LTS\lib\rtsv7M4_T_le_v4SPD16_eabi.lib
       memcpy_t2.asm.obj               156    0         0      
       copy_decompress_lzss.c.obj      104    0         0      
       autoinit.c.obj                  68     0         0      
       boot_cortex_m.c.obj             56     0         0      
       copy_zero_init.c.obj            18     0         0      
       copy_decompress_none.c.obj      14     0         0      
       exit.c.obj                      4      0         0      
       pre_init.c.obj                  4      0         0      
    +--+-------------------------------+------+---------+---------+
       Total:                          424    0         0      
                                                               
       Stack:                          0      0         512    
       Linker Generated:               0      44        0      
    +--+-------------------------------+------+---------+---------+
       Grand Total:                    788    574       524    


LINKER GENERATED COPY TABLES

__TI_cinit_table @ 00000548 records: 2, size/record: 8, table size: 16
	.bss: load addr=00000538, load size=00000008 bytes, run addr=20000200, run size=00000008 bytes, compression=zero_init
	.data: load addr=00000540, load size=00000008 bytes, run addr=20000208, run size=00000004 bytes, compression=lzss


LINKER GENERATED HANDLER TABLE

__TI_handler_table @ 00000528 records: 3, size/record: 4, table size: 12
	index: 0, handler: __TI_decompress_lzss
	index: 1, handler: __TI_decompress_none
	index: 2, handler: __TI_zero_init


GLOBAL SYMBOLS: SORTED ALPHABETICALLY BY Name 

address   name                          
-------   ----                          
00000519  C$$EXIT                       
00000509  ResetISR                      
20000200  __STACK_END                   
00000200  __STACK_SIZE                  
20000200  __STACK_TOP                   
00000548  __TI_CINIT_Base               
00000558  __TI_CINIT_Limit              
00000528  __TI_Handler_Table_Base       
00000534  __TI_Handler_Table_Limit      
0000046d  __TI_auto_init_nobinit_nopinit
00000405  __TI_decompress_lzss          
000004fb  __TI_decompress_none          
ffffffff  __TI_pprof_out_hndl           
ffffffff  __TI_prof_data_size           
ffffffff  __TI_prof_data_start          
00000000  __TI_static_base__            
000004e9  __TI_zero_init_nomemset       
00000369  __aeabi_memcpy                
00000369  __aeabi_memcpy4               
00000369  __aeabi_memcpy8               
ffffffff  __binit__                     
ffffffff  __c_args__                    
UNDEFED   __mpu_init                    
20000000  __stack                       
000004b1  _c_int00_noargs               
UNDEFED   _system_post_cinit            
00000515  _system_pre_init              
00000519  abort                         
ffffffff  binit                         
00000000  g_pfnVectors                  
20000200  i                             
20000204  j                             
00000209  main                          
00000369  memcpy                        
20000208  uLoop                         


GLOBAL SYMBOLS: SORTED BY Symbol Address 

address   name                          
-------   ----                          
00000000  __TI_static_base__            
00000000  g_pfnVectors                  
00000200  __STACK_SIZE                  
00000209  main                          
00000369  __aeabi_memcpy                
00000369  __aeabi_memcpy4               
00000369  __aeabi_memcpy8               
00000369  memcpy                        
00000405  __TI_decompress_lzss          
0000046d  __TI_auto_init_nobinit_nopinit
000004b1  _c_int00_noargs               
000004e9  __TI_zero_init_nomemset       
000004fb  __TI_decompress_none          
00000509  ResetISR                      
00000515  _system_pre_init              
00000519  C$$EXIT                       
00000519  abort                         
00000528  __TI_Handler_Table_Base       
00000534  __TI_Handler_Table_Limit      
00000548  __TI_CINIT_Base               
00000558  __TI_CINIT_Limit              
20000000  __stack                       
20000200  __STACK_END                   
20000200  __STACK_TOP                   
20000200  i                             
20000204  j                             
20000208  uLoop                         
ffffffff  __TI_pprof_out_hndl           
ffffffff  __TI_prof_data_size           
ffffffff  __TI_prof_data_start          
ffffffff  __binit__                     
ffffffff  __c_args__                    
ffffffff  binit                         
UNDEFED   __mpu_init                    
UNDEFED   _system_post_cinit            

[35 symbols]
