******************************************************************************
                  TI ARM Linker PC v20.2.5                     
******************************************************************************
>> Linked Sat Oct 23 20:16:50 2021

OUTPUT FILE NAME:   <LAB5BCTEST.out>
ENTRY POINT SYMBOL: "_c_int00_noargs"  address: 00004a61


MEMORY CONFIGURATION

         name            origin    length      used     unused   attr    fill
----------------------  --------  ---------  --------  --------  ----  --------
  FLASH                 00000000   00100000  000050a2  000faf5e  R  X
  SRAM                  20000000   00040000  0000c6f8  00033908  RW X


SEGMENT ALLOCATION MAP

run origin  load origin   length   init length attrs members
----------  ----------- ---------- ----------- ----- -------
00000000    00000000    000050a8   000050a8    r-x
  00000000    00000000    00000208   00000208    r-- .intvecs
  00000208    00000208    00004a76   00004a76    r-x .text
  00004c80    00004c80    000003ec   000003ec    r-- .const
  00005070    00005070    00000038   00000038    r-- .cinit
20000000    20000000    0000c6f8   00000000    rw-
  20000000    20000000    0000c4b0   00000000    rw- .bss
  2000c4b0    2000c4b0    00000200   00000000    rw- .stack
  2000c6b0    2000c6b0    00000048   00000000    rw- .data


SECTION ALLOCATION MAP

 output                                  attributes/
section   page    origin      length       input sections
--------  ----  ----------  ----------   ----------------
.intvecs   0    00000000    00000208     
                  00000000    00000208     tm4c129encpdt_startup_ccs.obj (.intvecs)

.text      0    00000208    00004a76     
                  00000208    00001180     tasks.obj (.text)
                  00001388    00000a4e     rtsv7M4_T_le_v4SPD16_eabi.lib : _printfi.c.obj (.text:__TI_printfi)
                  00001dd6    00000002                                   : div0.asm.obj (.text)
                  00001dd8    000006c4     queue.obj (.text)
                  0000249c    000004bc     FreeRtos_Example.obj (.text)
                  00002958    0000038c     timers.obj (.text)
                  00002ce4    000002c8     pinout.obj (.text)
                  00002fac    00000270     rtsv7M4_T_le_v4SPD16_eabi.lib : _printfi.c.obj (.text:_pconv_a)
                  0000321c    00000200     driverlib.lib : sysctl.obj (.text:SysCtlClockFreqSet)
                  0000341c    000001d0     rtsv7M4_T_le_v4SPD16_eabi.lib : _printfi.c.obj (.text:_pconv_g)
                  000035ec    000001b6                                   : fd_add_t2.asm.obj (.text)
                  000037a2    00000002     --HOLE-- [fill = 0]
                  000037a4    0000013c                                   : _printfi.c.obj (.text:_pconv_e)
                  000038e0    00000136                                   : fd_div_t2.asm.obj (.text)
                  00003a16    00000132     driverlib.lib : gpio.obj (.text:GPIOPadConfigSet)
                  00003b48    00000124     rtsv7M4_T_le_v4SPD16_eabi.lib : _printfi.c.obj (.text:fcvt)
                  00003c6c    00000118     heap_2.obj (.text)
                  00003d84    00000110     rtsv7M4_T_le_v4SPD16_eabi.lib : s_scalbn.c.obj (.text:scalbn)
                  00003e94    000000fc                                   : fd_mul_t2.asm.obj (.text)
                  00003f90    000000dc     port.obj (.text)
                  0000406c    000000d2     portasm.obj (.text)
                  0000413e    00000002     --HOLE-- [fill = 0]
                  00004140    000000b1     rtsv7M4_T_le_v4SPD16_eabi.lib : _printfi.c.obj (.text:_ltostr)
                  000041f1    00000001     --HOLE-- [fill = 0]
                  000041f2    0000009c                                   : memcpy_t2.asm.obj (.text)
                  0000428e    00000096                                   : ull_div_t2.asm.obj (.text)
                  00004324    0000008c     list.obj (.text)
                  000043b0    00000086     rtsv7M4_T_le_v4SPD16_eabi.lib : fd_cmp_t2.asm.obj (.text:__aeabi_cdcmple)
                  00004436    00000086                                   : fd_cmp_t2.asm.obj (.text:__aeabi_cdrcmple)
                  000044bc    0000007a                                   : memset_t2.asm.obj (.text)
                  00004536    0000006e                                   : _printfi.c.obj (.text:_mcpy)
                  000045a4    00000068                                   : copy_decompress_lzss.c.obj (.text:decompress:lzss:__TI_decompress_lzss)
                  0000460c    00000064                                   : s_frexp.c.obj (.text:frexp)
                  00004670    00000056     driverlib.lib : gpio.obj (.text:GPIOIntTypeSet)
                  000046c6    00000056     rtsv7M4_T_le_v4SPD16_eabi.lib : _printfi.c.obj (.text:_pconv_f)
                  0000471c    00000054                                   : _ltoa.c.obj (.text:__TI_ltoa)
                  00004770    00000052                                   : _printfi.c.obj (.text:_ecpy)
                  000047c2    00000002     --HOLE-- [fill = 0]
                  000047c4    0000004c                                   : atoi.c.obj (.text:atoi)
                  00004810    00000048     driverlib.lib : gpio.obj (.text:GPIOPinConfigure)
                  00004858    00000048                   : sysctl.obj (.text:_SysCtlFrequencyGet)
                  000048a0    00000048     rtsv7M4_T_le_v4SPD16_eabi.lib : fd_toi_t2.asm.obj (.text)
                  000048e8    00000046     driverlib.lib : uart.obj (.text:UARTConfigSetExpClk)
                  0000492e    00000002     --HOLE-- [fill = 0]
                  00004930    00000044     rtsv7M4_T_le_v4SPD16_eabi.lib : autoinit.c.obj (.text:__TI_auto_init_nobinit_nopinit:__TI_auto_init_nobinit_nopinit)
                  00004974    00000040                                   : sprintf.c.obj (.text:sprintf)
                  000049b4    0000003e                                   : _printfi.c.obj (.text:_fcpy)
                  000049f2    00000002     --HOLE-- [fill = 0]
                  000049f4    00000038     driverlib.lib : sysctl.obj (.text:SysCtlPeripheralReady)
                  00004a2c    00000034                   : sysctl.obj (.text:SysCtlPeripheralEnable)
                  00004a60    00000034     rtsv7M4_T_le_v4SPD16_eabi.lib : boot_cortex_m.c.obj (.text:_c_int00_noargs:_c_int00_noargs)
                  00004a94    0000002e                                   : i_tofd_t2.asm.obj (.text)
                  00004ac2    0000002a     driverlib.lib : gpio.obj (.text:GPIODirModeSet)
                  00004aec    00000020                   : uart.obj (.text:UARTDisable)
                  00004b0c    00000020                   : sysctl.obj (.text:_SysCtlMemTimingGet)
                  00004b2c    0000001c     rtsv7M4_T_le_v4SPD16_eabi.lib : memccpy.c.obj (.text:memccpy)
                  00004b48    0000001a                                   : s_copysign.c.obj (.text:copysign)
                  00004b62    00000018     driverlib.lib : gpio.obj (.text:GPIOPinTypeGPIOOutput)
                  00004b7a    00000018     rtsv7M4_T_le_v4SPD16_eabi.lib : sprintf.c.obj (.text:_outs)
                  00004b92    00000016                                   : strchr.c.obj (.text:strchr)
                  00004ba8    00000014     driverlib.lib : uart.obj (.text:UARTEnable)
                  00004bbc    00000014     rtsv7M4_T_le_v4SPD16_eabi.lib : strlen.c.obj (.text:strlen)
                  00004bd0    00000012     driverlib.lib : gpio.obj (.text:GPIOPinTypeEthernetLED)
                  00004be2    00000012                   : gpio.obj (.text:GPIOPinTypeUART)
                  00004bf4    00000012     rtsv7M4_T_le_v4SPD16_eabi.lib : wcslen.c.obj (.text:wcslen)
                  00004c06    0000000e     driverlib.lib : gpio.obj (.text:GPIOIntDisable)
                  00004c14    0000000e     rtsv7M4_T_le_v4SPD16_eabi.lib : copy_decompress_none.c.obj (.text:decompress:none:__TI_decompress_none)
                  00004c22    0000000c     driverlib.lib : gpio.obj (.text:GPIOIntEnable)
                  00004c2e    0000000c     rtsv7M4_T_le_v4SPD16_eabi.lib : copy_zero_init.c.obj (.text:decompress:ZI:__TI_zero_init)
                  00004c3a    0000000c     tm4c129encpdt_startup_ccs.obj (.text)
                  00004c46    0000000a     driverlib.lib : uart.obj (.text:UARTCharPut)
                  00004c50    0000000a     rtsv7M4_T_le_v4SPD16_eabi.lib : sprintf.c.obj (.text:_outc)
                  00004c5a    00000002     --HOLE-- [fill = 0]
                  00004c5c    00000008                                   : errno.c.obj (.text:__aeabi_errno_addr)
                  00004c64    00000006     driverlib.lib : gpio.obj (.text:GPIOIntClear)
                  00004c6a    00000006                   : gpio.obj (.text:GPIOPinRead)
                  00004c70    00000006                   : gpio.obj (.text:GPIOPinWrite)
                  00004c76    00000004     rtsv7M4_T_le_v4SPD16_eabi.lib : pre_init.c.obj (.text:_system_pre_init)
                  00004c7a    00000004                                   : exit.c.obj (.text:abort:abort)

.const     0    00004c80    000003ec     
                  00004c80    000001b0     driverlib.lib : sysctl.obj (.const:g_pppui32XTALtoVCO)
                  00004e30    00000101     rtsv7M4_T_le_v4SPD16_eabi.lib : ctype.c.obj (.const:.string:_ctypes_)
                  00004f31    00000003     --HOLE-- [fill = 0]
                  00004f34    00000090     driverlib.lib : gpio.obj (.const:g_pui32GPIOBaseAddrs)
                  00004fc4    0000006c                   : sysctl.obj (.const:g_pui32Xtals)
                  00005030    00000030                   : sysctl.obj (.const:g_sXTALtoMEMTIM)
                  00005060    00000008                   : sysctl.obj (.const)
                  00005068    00000004     port.obj (.const)

.cinit     0    00005070    00000038     
                  00005070    00000012     (.cinit..data.load) [load image, compression = lzss]
                  00005082    00000002     --HOLE-- [fill = 0]
                  00005084    0000000c     (__TI_handler_table)
                  00005090    00000008     (.cinit..bss.load) [load image, compression = zero_init]
                  00005098    00000010     (__TI_cinit_table)

.init_array 
*          0    00000000    00000000     UNINITIALIZED

.bss       0    20000000    0000c4b0     UNINITIALIZED
                  20000000    0000c350     heap_2.obj (.bss:ucHeap)
                  2000c350    00000064     tasks.obj (.bss:pxReadyTasksLists)
                  2000c3b4    00000040     (.common:xQueueRegistry)
                  2000c3f4    00000014     timers.obj (.bss:xActiveTimerList1)
                  2000c408    00000014     timers.obj (.bss:xActiveTimerList2)
                  2000c41c    00000014     tasks.obj (.bss:xDelayedTaskList1)
                  2000c430    00000014     tasks.obj (.bss:xDelayedTaskList2)
                  2000c444    00000014     tasks.obj (.bss:xPendingReadyList)
                  2000c458    00000014     tasks.obj (.bss:xSuspendedTaskList)
                  2000c46c    00000014     tasks.obj (.bss:xTasksWaitingTermination)
                  2000c480    00000008     tasks.obj (.bss)
                  2000c488    00000008     timers.obj (.bss)
                  2000c490    00000008     heap_2.obj (.bss:xEnd)
                  2000c498    00000008     heap_2.obj (.bss:xStart)
                  2000c4a0    00000004     (.common:xSemaphore)
                  2000c4a4    00000004     (.common:xTask1)
                  2000c4a8    00000004     (.common:xTask2)
                  2000c4ac    00000004     (.common:xTask3)

.data      0    2000c6b0    00000048     UNINITIALIZED
                  2000c6b0    00000030     tasks.obj (.data)
                  2000c6e0    00000008     heap_2.obj (.data)
                  2000c6e8    00000008     timers.obj (.data)
                  2000c6f0    00000004     port.obj (.data)
                  2000c6f4    00000004     rtsv7M4_T_le_v4SPD16_eabi.lib : errno.c.obj (.data)

.stack     0    2000c4b0    00000200     UNINITIALIZED
                  2000c4b0    00000004     rtsv7M4_T_le_v4SPD16_eabi.lib : boot_cortex_m.c.obj (.stack)
                  2000c4b4    000001fc     --HOLE--

__llvm_prf_cnts 
*          0    20000000    00000000     UNINITIALIZED

MODULE SUMMARY

       Module                          code    ro data   rw data
       ------                          ----    -------   -------
    .\
       FreeRtos_Example.obj            1212    0         16     
       tm4c129encpdt_startup_ccs.obj   12      520       0      
    +--+-------------------------------+-------+---------+---------+
       Total:                          1224    520       16     
                                                                
    .\FreeRTOS\
       tasks.obj                       4480    0         256    
       queue.obj                       1732    0         64     
       timers.obj                      908     0         56     
       list.obj                        140     0         0      
    +--+-------------------------------+-------+---------+---------+
       Total:                          7260    0         376    
                                                                
    .\FreeRTOS\portable\CCS\ARM_CM4F\
       port.obj                        220     4         4      
       portasm.obj                     210     0         0      
    +--+-------------------------------+-------+---------+---------+
       Total:                          430     4         4      
                                                                
    .\FreeRTOS\portable\MemMang\
       heap_2.obj                      280     0         50024  
    +--+-------------------------------+-------+---------+---------+
       Total:                          280     0         50024  
                                                                
    .\drivers\
       pinout.obj                      712     0         0      
    +--+-------------------------------+-------+---------+---------+
       Total:                          712     0         0      
                                                                
    C:/ti/TivaWare_C_Series-2.1.4.178/driverlib/ccs/Debug/driverlib.lib
       sysctl.obj                      724     596       0      
       gpio.obj                        610     144       0      
       uart.obj                        132     0         0      
    +--+-------------------------------+-------+---------+---------+
       Total:                          1466    740       0      
                                                                
    C:\ti\ccs1040\ccs\tools\compiler\ti-cgt-arm_20.2.5.LTS\lib\rtsv7M4_T_le_v4SPD16_eabi.lib
       _printfi.c.obj                  4851    0         0      
       fd_add_t2.asm.obj               438     0         0      
       fd_div_t2.asm.obj               310     0         0      
       s_scalbn.c.obj                  272     0         0      
       fd_cmp_t2.asm.obj               268     0         0      
       ctype.c.obj                     0       257       0      
       fd_mul_t2.asm.obj               252     0         0      
       memcpy_t2.asm.obj               156     0         0      
       ull_div_t2.asm.obj              150     0         0      
       memset_t2.asm.obj               122     0         0      
       copy_decompress_lzss.c.obj      104     0         0      
       s_frexp.c.obj                   100     0         0      
       sprintf.c.obj                   98      0         0      
       _ltoa.c.obj                     84      0         0      
       atoi.c.obj                      76      0         0      
       fd_toi_t2.asm.obj               72      0         0      
       autoinit.c.obj                  68      0         0      
       boot_cortex_m.c.obj             52      0         0      
       i_tofd_t2.asm.obj               46      0         0      
       memccpy.c.obj                   28      0         0      
       s_copysign.c.obj                26      0         0      
       strchr.c.obj                    22      0         0      
       strlen.c.obj                    20      0         0      
       wcslen.c.obj                    18      0         0      
       copy_decompress_none.c.obj      14      0         0      
       copy_zero_init.c.obj            12      0         0      
       errno.c.obj                     8       0         4      
       exit.c.obj                      4       0         0      
       pre_init.c.obj                  4       0         0      
       div0.asm.obj                    2       0         0      
    +--+-------------------------------+-------+---------+---------+
       Total:                          7677    257       4      
                                                                
       Stack:                          0       0         512    
       Linker Generated:               0       54        0      
    +--+-------------------------------+-------+---------+---------+
       Grand Total:                    19049   1575      50936  


LINKER GENERATED COPY TABLES

__TI_cinit_table @ 00005098 records: 2, size/record: 8, table size: 16
	.data: load addr=00005070, load size=00000012 bytes, run addr=2000c6b0, run size=00000048 bytes, compression=lzss
	.bss: load addr=00005090, load size=00000008 bytes, run addr=20000000, run size=0000c4b0 bytes, compression=zero_init


LINKER GENERATED HANDLER TABLE

__TI_handler_table @ 00005084 records: 3, size/record: 4, table size: 12
	index: 0, handler: __TI_decompress_lzss
	index: 1, handler: __TI_decompress_none
	index: 2, handler: __TI_zero_init


GLOBAL SYMBOLS: SORTED ALPHABETICALLY BY Name 

address   name                             
-------   ----                             
00004c7b  C$$EXIT                          
00002635  ConfigureUART                    
00004ac3  GPIODirModeSet                   
00004c65  GPIOIntClear                     
00004c07  GPIOIntDisable                   
00004c23  GPIOIntEnable                    
00004671  GPIOIntTypeSet                   
00003a17  GPIOPadConfigSet                 
00004811  GPIOPinConfigure                 
00004c6b  GPIOPinRead                      
00004bd1  GPIOPinTypeEthernetLED           
00004b63  GPIOPinTypeGPIOOutput            
00004be3  GPIOPinTypeUART                  
00004c71  GPIOPinWrite                     
00002f25  LEDRead                          
00002ec1  LEDWrite                         
00002ce5  PinoutSet                        
00004c3b  ResetISR                         
0000321d  SysCtlClockFreqSet               
00004a2d  SysCtlPeripheralEnable           
000049f5  SysCtlPeripheralReady            
00004c47  UARTCharPut                      
000048e9  UARTConfigSetExpClk              
00004aed  UARTDisable                      
00004ba9  UARTEnable                       
0000249d  UARTStringPut                    
2000c6b0  __STACK_END                      
00000200  __STACK_SIZE                     
2000c6b0  __STACK_TOP                      
00005098  __TI_CINIT_Base                  
000050a8  __TI_CINIT_Limit                 
00005084  __TI_Handler_Table_Base          
00005090  __TI_Handler_Table_Limit         
00004931  __TI_auto_init_nobinit_nopinit   
000045a5  __TI_decompress_lzss             
00004c15  __TI_decompress_none             
0000471d  __TI_ltoa                        
ffffffff  __TI_pprof_out_hndl              
00001389  __TI_printfi                     
ffffffff  __TI_prof_data_size              
ffffffff  __TI_prof_data_start             
00000000  __TI_static_base__               
00004c2f  __TI_zero_init                   
000043b1  __aeabi_cdcmpeq                  
000043b1  __aeabi_cdcmple                  
00004437  __aeabi_cdrcmple                 
000048a1  __aeabi_d2iz                     
000035f7  __aeabi_dadd                     
000038e1  __aeabi_ddiv                     
00003e95  __aeabi_dmul                     
000035ed  __aeabi_dsub                     
00004c5d  __aeabi_errno_addr               
00004a95  __aeabi_i2d                      
00001dd7  __aeabi_idiv0                    
00001dd7  __aeabi_ldiv0                    
000044bd  __aeabi_memclr                   
000044bd  __aeabi_memclr4                  
000044bd  __aeabi_memclr8                  
000041f3  __aeabi_memcpy                   
000041f3  __aeabi_memcpy4                  
000041f3  __aeabi_memcpy8                  
000044bf  __aeabi_memset                   
000044bf  __aeabi_memset4                  
000044bf  __aeabi_memset8                  
0000428f  __aeabi_uldivmod                 
ffffffff  __binit__                        
ffffffff  __c_args__                       
0000272d  __error__                        
UNDEFED   __mpu_init                       
2000c4b0  __stack                          
20000000  __start___llvm_prf_cnts          
20000000  __stop___llvm_prf_cnts           
00004a61  _c_int00_noargs                  
00004e30  _ctypes_                         
UNDEFED   _system_post_cinit               
00004c77  _system_pre_init                 
00004c7b  abort                            
000047c5  atoi                             
ffffffff  binit                            
00004b49  copysign                         
00004b49  copysignl                        
2000c6f4  errno                            
0000460d  frexp                            
0000460d  frexpl                           
00000000  g_pfnVectors                     
00003d85  ldexp                            
00003d85  ldexpl                           
00002671  main                             
00004b2d  memccpy                          
000041f3  memcpy                           
000044c5  memset                           
00002cbd  pcTimerGetTimerName              
00003cd5  pvPortMalloc                     
000012bf  pvTaskIncrementMutexHeldCount    
00002a6f  pvTimerGetTimerID                
2000c6b0  pxCurrentTCB                     
00004027  pxPortInitialiseStack            
00003d85  scalbn                           
00003d85  scalbnl                          
00004975  sprintf                          
00004b93  strchr                           
00004bbd  strlen                           
0000248f  ucQueueGetQueueType              
00005068  ulMaxSyscallInterruptPriority    
0000407d  ulPortGetIPSR                    
00001231  ulTaskNotifyTake                 
00004391  uxListRemove                     
0000248b  uxQueueGetQueueNumber            
00002479  uxQueueMessagesWaiting           
00002475  uxQueueMessagesWaitingFromISR    
00002461  uxQueueSpacesAvailable           
00001211  uxTaskGetNumberOfTasks           
0000118d  uxTaskGetSystemState             
000010e5  uxTaskGetTaskNumber              
000010c9  uxTaskPriorityGet                
000010a9  uxTaskPriorityGetFromISR         
00001095  uxTaskResetEventItemValue        
0000437b  vListInitialise                  
00004375  vListInitialiseItem              
0000433d  vListInsert                      
00004325  vListInsertEnd                   
00004131  vPortEnableVFP                   
00004025  vPortEndScheduler                
0000400d  vPortEnterCritical               
00003ffb  vPortExitCritical                
00003c75  vPortFree                        
00003c73  vPortInitialiseBlocks            
000040f5  vPortSVCHandler                  
00003fb7  vPortSetupTimerInterrupt         
00004115  vPortStartFirstTask              
00002445  vQueueAddToRegistry              
00002435  vQueueDelete                     
00002431  vQueueSetQueueNumber             
00002417  vQueueUnregisterQueue            
000023d7  vQueueWaitForMessageRestricted   
0000259b  vTask1                           
00002561  vTask2                           
000024b3  vTask3                           
00001049  vTaskDelay                       
00000fcb  vTaskDelayUntil                  
00000f39  vTaskDelete                      
00000f21  vTaskEndScheduler                
00000f19  vTaskMissedYield                 
00000e99  vTaskNotifyGiveFromISR           
00000e35  vTaskPlaceOnEventList            
00000dd5  vTaskPlaceOnEventListRestricted  
00000d71  vTaskPlaceOnUnorderedEventList   
00000ced  vTaskPriorityInherit             
00000c1d  vTaskPrioritySet                 
00000bb1  vTaskResume                      
00000b95  vTaskSetTaskNumber               
000009f9  vTaskSetTimeOutState             
00000b47  vTaskStartScheduler              
00000ab5  vTaskSuspend                     
00000aa5  vTaskSuspendAll                  
00000a53  vTaskSwitchContext               
00002a59  vTimerSetTimerID                 
00004bf5  wcslen                           
00003c6d  xPortGetFreeHeapSize             
00004095  xPortPendSVHandler               
00003fc3  xPortStartScheduler              
00003f91  xPortSysTickHandler              
000023c3  xQueueCreateCountingSemaphore    
00002375  xQueueCreateMutex                
00002339  xQueueGenericCreate              
00001e7b  xQueueGenericReceive             
000022bb  xQueueGenericReset               
000020f3  xQueueGenericSend                
0000225f  xQueueGenericSendFromISR         
00002209  xQueueGiveFromISR                
000021dd  xQueueGiveMutexRecursive         
00002059  xQueueIsQueueEmptyFromISR        
0000204b  xQueueIsQueueFullFromISR         
00002019  xQueuePeekFromISR                
00001fbd  xQueueReceiveFromISR             
2000c3b4  xQueueRegistry                   
00001f8d  xQueueTakeMutexRecursive         
2000c4a0  xSemaphore                       
2000c4a4  xTask1                           
2000c4a8  xTask2                           
2000c4ac  xTask3                           
00000a07  xTaskCheckForTimeOut             
0000090d  xTaskGenericCreate               
00000791  xTaskGenericNotify               
000006e1  xTaskGenericNotifyFromISR        
000006d5  xTaskGetCurrentTaskHandle        
000006bd  xTaskGetSchedulerState           
000006b1  xTaskGetTickCount                
000006ab  xTaskGetTickCountFromISR         
000002ad  xTaskIncrementTick               
00000681  xTaskNotifyStateClear            
000005c5  xTaskNotifyWait                  
000004f9  xTaskPriorityDisinherit          
00000495  xTaskRemoveFromEventList         
00000445  xTaskRemoveFromUnorderedEventList
00000389  xTaskResumeAll                   
00000223  xTaskResumeFromISR               
00002a1f  xTimerCreate                     
000029ed  xTimerCreateTimerTask            
00002971  xTimerGenericCommand             
00002959  xTimerIsTimerActive              


GLOBAL SYMBOLS: SORTED BY Symbol Address 

address   name                             
-------   ----                             
00000000  __TI_static_base__               
00000000  g_pfnVectors                     
00000200  __STACK_SIZE                     
00000223  xTaskResumeFromISR               
000002ad  xTaskIncrementTick               
00000389  xTaskResumeAll                   
00000445  xTaskRemoveFromUnorderedEventList
00000495  xTaskRemoveFromEventList         
000004f9  xTaskPriorityDisinherit          
000005c5  xTaskNotifyWait                  
00000681  xTaskNotifyStateClear            
000006ab  xTaskGetTickCountFromISR         
000006b1  xTaskGetTickCount                
000006bd  xTaskGetSchedulerState           
000006d5  xTaskGetCurrentTaskHandle        
000006e1  xTaskGenericNotifyFromISR        
00000791  xTaskGenericNotify               
0000090d  xTaskGenericCreate               
000009f9  vTaskSetTimeOutState             
00000a07  xTaskCheckForTimeOut             
00000a53  vTaskSwitchContext               
00000aa5  vTaskSuspendAll                  
00000ab5  vTaskSuspend                     
00000b47  vTaskStartScheduler              
00000b95  vTaskSetTaskNumber               
00000bb1  vTaskResume                      
00000c1d  vTaskPrioritySet                 
00000ced  vTaskPriorityInherit             
00000d71  vTaskPlaceOnUnorderedEventList   
00000dd5  vTaskPlaceOnEventListRestricted  
00000e35  vTaskPlaceOnEventList            
00000e99  vTaskNotifyGiveFromISR           
00000f19  vTaskMissedYield                 
00000f21  vTaskEndScheduler                
00000f39  vTaskDelete                      
00000fcb  vTaskDelayUntil                  
00001049  vTaskDelay                       
00001095  uxTaskResetEventItemValue        
000010a9  uxTaskPriorityGetFromISR         
000010c9  uxTaskPriorityGet                
000010e5  uxTaskGetTaskNumber              
0000118d  uxTaskGetSystemState             
00001211  uxTaskGetNumberOfTasks           
00001231  ulTaskNotifyTake                 
000012bf  pvTaskIncrementMutexHeldCount    
00001389  __TI_printfi                     
00001dd7  __aeabi_idiv0                    
00001dd7  __aeabi_ldiv0                    
00001e7b  xQueueGenericReceive             
00001f8d  xQueueTakeMutexRecursive         
00001fbd  xQueueReceiveFromISR             
00002019  xQueuePeekFromISR                
0000204b  xQueueIsQueueFullFromISR         
00002059  xQueueIsQueueEmptyFromISR        
000020f3  xQueueGenericSend                
000021dd  xQueueGiveMutexRecursive         
00002209  xQueueGiveFromISR                
0000225f  xQueueGenericSendFromISR         
000022bb  xQueueGenericReset               
00002339  xQueueGenericCreate              
00002375  xQueueCreateMutex                
000023c3  xQueueCreateCountingSemaphore    
000023d7  vQueueWaitForMessageRestricted   
00002417  vQueueUnregisterQueue            
00002431  vQueueSetQueueNumber             
00002435  vQueueDelete                     
00002445  vQueueAddToRegistry              
00002461  uxQueueSpacesAvailable           
00002475  uxQueueMessagesWaitingFromISR    
00002479  uxQueueMessagesWaiting           
0000248b  uxQueueGetQueueNumber            
0000248f  ucQueueGetQueueType              
0000249d  UARTStringPut                    
000024b3  vTask3                           
00002561  vTask2                           
0000259b  vTask1                           
00002635  ConfigureUART                    
00002671  main                             
0000272d  __error__                        
00002959  xTimerIsTimerActive              
00002971  xTimerGenericCommand             
000029ed  xTimerCreateTimerTask            
00002a1f  xTimerCreate                     
00002a59  vTimerSetTimerID                 
00002a6f  pvTimerGetTimerID                
00002cbd  pcTimerGetTimerName              
00002ce5  PinoutSet                        
00002ec1  LEDWrite                         
00002f25  LEDRead                          
0000321d  SysCtlClockFreqSet               
000035ed  __aeabi_dsub                     
000035f7  __aeabi_dadd                     
000038e1  __aeabi_ddiv                     
00003a17  GPIOPadConfigSet                 
00003c6d  xPortGetFreeHeapSize             
00003c73  vPortInitialiseBlocks            
00003c75  vPortFree                        
00003cd5  pvPortMalloc                     
00003d85  ldexp                            
00003d85  ldexpl                           
00003d85  scalbn                           
00003d85  scalbnl                          
00003e95  __aeabi_dmul                     
00003f91  xPortSysTickHandler              
00003fb7  vPortSetupTimerInterrupt         
00003fc3  xPortStartScheduler              
00003ffb  vPortExitCritical                
0000400d  vPortEnterCritical               
00004025  vPortEndScheduler                
00004027  pxPortInitialiseStack            
0000407d  ulPortGetIPSR                    
00004095  xPortPendSVHandler               
000040f5  vPortSVCHandler                  
00004115  vPortStartFirstTask              
00004131  vPortEnableVFP                   
000041f3  __aeabi_memcpy                   
000041f3  __aeabi_memcpy4                  
000041f3  __aeabi_memcpy8                  
000041f3  memcpy                           
0000428f  __aeabi_uldivmod                 
00004325  vListInsertEnd                   
0000433d  vListInsert                      
00004375  vListInitialiseItem              
0000437b  vListInitialise                  
00004391  uxListRemove                     
000043b1  __aeabi_cdcmpeq                  
000043b1  __aeabi_cdcmple                  
00004437  __aeabi_cdrcmple                 
000044bd  __aeabi_memclr                   
000044bd  __aeabi_memclr4                  
000044bd  __aeabi_memclr8                  
000044bf  __aeabi_memset                   
000044bf  __aeabi_memset4                  
000044bf  __aeabi_memset8                  
000044c5  memset                           
000045a5  __TI_decompress_lzss             
0000460d  frexp                            
0000460d  frexpl                           
00004671  GPIOIntTypeSet                   
0000471d  __TI_ltoa                        
000047c5  atoi                             
00004811  GPIOPinConfigure                 
000048a1  __aeabi_d2iz                     
000048e9  UARTConfigSetExpClk              
00004931  __TI_auto_init_nobinit_nopinit   
00004975  sprintf                          
000049f5  SysCtlPeripheralReady            
00004a2d  SysCtlPeripheralEnable           
00004a61  _c_int00_noargs                  
00004a95  __aeabi_i2d                      
00004ac3  GPIODirModeSet                   
00004aed  UARTDisable                      
00004b2d  memccpy                          
00004b49  copysign                         
00004b49  copysignl                        
00004b63  GPIOPinTypeGPIOOutput            
00004b93  strchr                           
00004ba9  UARTEnable                       
00004bbd  strlen                           
00004bd1  GPIOPinTypeEthernetLED           
00004be3  GPIOPinTypeUART                  
00004bf5  wcslen                           
00004c07  GPIOIntDisable                   
00004c15  __TI_decompress_none             
00004c23  GPIOIntEnable                    
00004c2f  __TI_zero_init                   
00004c3b  ResetISR                         
00004c47  UARTCharPut                      
00004c5d  __aeabi_errno_addr               
00004c65  GPIOIntClear                     
00004c6b  GPIOPinRead                      
00004c71  GPIOPinWrite                     
00004c77  _system_pre_init                 
00004c7b  C$$EXIT                          
00004c7b  abort                            
00004e30  _ctypes_                         
00005068  ulMaxSyscallInterruptPriority    
00005084  __TI_Handler_Table_Base          
00005090  __TI_Handler_Table_Limit         
00005098  __TI_CINIT_Base                  
000050a8  __TI_CINIT_Limit                 
20000000  __start___llvm_prf_cnts          
20000000  __stop___llvm_prf_cnts           
2000c3b4  xQueueRegistry                   
2000c4a0  xSemaphore                       
2000c4a4  xTask1                           
2000c4a8  xTask2                           
2000c4ac  xTask3                           
2000c4b0  __stack                          
2000c6b0  __STACK_END                      
2000c6b0  __STACK_TOP                      
2000c6b0  pxCurrentTCB                     
2000c6f4  errno                            
ffffffff  __TI_pprof_out_hndl              
ffffffff  __TI_prof_data_size              
ffffffff  __TI_prof_data_start             
ffffffff  __binit__                        
ffffffff  __c_args__                       
ffffffff  binit                            
UNDEFED   __mpu_init                       
UNDEFED   _system_post_cinit               

[201 symbols]
