******************************************************************************
                  TI ARM Linker PC v20.2.7                     
******************************************************************************
>> Linked Thu Oct 26 19:45:08 2023

OUTPUT FILE NAME:   <OPTIONALASSIGNMENT.out>
ENTRY POINT SYMBOL: "_c_int00_noargs"  address: 0000090d


MEMORY CONFIGURATION

         name            origin    length      used     unused   attr    fill
----------------------  --------  ---------  --------  --------  ----  --------
  FLASH                 00000000   00100000  000009e0  000ff620  R  X
  SRAM                  20000000   00040000  00000204  0003fdfc  RW X


SEGMENT ALLOCATION MAP

run origin  load origin   length   init length attrs members
----------  ----------- ---------- ----------- ----- -------
00000000    00000000    000009e0   000009e0    r-x
  00000000    00000000    00000208   00000208    r-- .intvecs
  00000208    00000208    000007c0   000007c0    r-x .text
  000009c8    000009c8    00000018   00000018    r-- .cinit
20000000    20000000    00000204   00000000    rw-
  20000000    20000000    00000200   00000000    rw- .stack
  20000200    20000200    00000004   00000000    rw- .data


SECTION ALLOCATION MAP

 output                                  attributes/
section   page    origin      length       input sections
--------  ----  ----------  ----------   ----------------
.intvecs   0    00000000    00000208     
                  00000000    00000208     tm4c129encpdt_startup_ccs.obj (.intvecs)

.text      0    00000208    000007c0     
                  00000208    000002c8     pinout.obj (.text)
                  000004d0    00000132     driverlib.lib : gpio.obj (.text:GPIOPadConfigSet)
                  00000602    00000002     --HOLE-- [fill = 0]
                  00000604    00000104     main.obj (.text)
                  00000708    000000bc     buttons.obj (.text)
                  000007c4    0000009c     rtsv7M4_T_le_v4SPD16_eabi.lib : memcpy_t2.asm.obj (.text)
                  00000860    00000068                                   : copy_decompress_lzss.c.obj (.text:decompress:lzss:__TI_decompress_lzss)
                  000008c8    00000044                                   : autoinit.c.obj (.text:__TI_auto_init_nobinit_nopinit:__TI_auto_init_nobinit_nopinit)
                  0000090c    00000034                                   : boot_cortex_m.c.obj (.text:_c_int00_noargs:_c_int00_noargs)
                  00000940    0000002a     driverlib.lib : gpio.obj (.text:GPIODirModeSet)
                  0000096a    00000018                   : gpio.obj (.text:GPIOPinTypeGPIOOutput)
                  00000982    00000012                   : gpio.obj (.text:GPIOPinTypeEthernetLED)
                  00000994    0000000e     rtsv7M4_T_le_v4SPD16_eabi.lib : copy_decompress_none.c.obj (.text:decompress:none:__TI_decompress_none)
                  000009a2    0000000c     tm4c129encpdt_startup_ccs.obj (.text)
                  000009ae    00000006     driverlib.lib : gpio.obj (.text:GPIOPinRead)
                  000009b4    00000006                   : gpio.obj (.text:GPIOPinWrite)
                  000009ba    00000006                   : sysctl.obj (.text:SysCtlDelay)
                  000009c0    00000004     rtsv7M4_T_le_v4SPD16_eabi.lib : pre_init.c.obj (.text:_system_pre_init)
                  000009c4    00000004                                   : exit.c.obj (.text:abort:abort)

.cinit     0    000009c8    00000018     
                  000009c8    00000008     (.cinit..data.load) [load image, compression = lzss]
                  000009d0    00000008     (__TI_handler_table)
                  000009d8    00000008     (__TI_cinit_table)

.init_array 
*          0    00000000    00000000     UNINITIALIZED

.data      0    20000200    00000004     UNINITIALIZED
                  20000200    00000004     buttons.obj (.data:$O1$$)

.stack     0    20000000    00000200     UNINITIALIZED
                  20000000    00000004     rtsv7M4_T_le_v4SPD16_eabi.lib : boot_cortex_m.c.obj (.stack)
                  20000004    000001fc     --HOLE--

__llvm_prf_cnts 
*          0    20000000    00000000     UNINITIALIZED

MODULE SUMMARY

       Module                          code   ro data   rw data
       ------                          ----   -------   -------
    .\
       tm4c129encpdt_startup_ccs.obj   12     520       0      
       main.obj                        260    0         0      
    +--+-------------------------------+------+---------+---------+
       Total:                          272    520       0      
                                                               
    .\driver\
       pinout.obj                      712    0         0      
       buttons.obj                     188    0         4      
    +--+-------------------------------+------+---------+---------+
       Total:                          900    0         4      
                                                               
    C:/ti/tivaware_c_series_2_1_4_178/driverlib/ccs/Debug/driverlib.lib
       gpio.obj                        402    0         0      
       sysctl.obj                      6      0         0      
    +--+-------------------------------+------+---------+---------+
       Total:                          408    0         0      
                                                               
    C:\ti\ccs1210\ccs\tools\compiler\ti-cgt-arm_20.2.7.LTS\lib\rtsv7M4_T_le_v4SPD16_eabi.lib
       memcpy_t2.asm.obj               156    0         0      
       copy_decompress_lzss.c.obj      104    0         0      
       autoinit.c.obj                  68     0         0      
       boot_cortex_m.c.obj             52     0         0      
       copy_decompress_none.c.obj      14     0         0      
       exit.c.obj                      4      0         0      
       pre_init.c.obj                  4      0         0      
    +--+-------------------------------+------+---------+---------+
       Total:                          402    0         0      
                                                               
       Stack:                          0      0         512    
       Linker Generated:               0      24        0      
    +--+-------------------------------+------+---------+---------+
       Grand Total:                    1982   544       516    


LINKER GENERATED COPY TABLES

__TI_cinit_table @ 000009d8 records: 1, size/record: 8, table size: 8
	.data: load addr=000009c8, load size=00000008 bytes, run addr=20000200, run size=00000004 bytes, compression=lzss


LINKER GENERATED HANDLER TABLE

__TI_handler_table @ 000009d0 records: 2, size/record: 4, table size: 8
	index: 0, handler: __TI_decompress_lzss
	index: 1, handler: __TI_decompress_none


GLOBAL SYMBOLS: SORTED ALPHABETICALLY BY Name 

address   name                          
-------   ----                          
00000777  ButtonsInit                   
00000709  ButtonsPoll                   
000009c5  C$$EXIT                       
00000941  GPIODirModeSet                
000004d1  GPIOPadConfigSet              
000009af  GPIOPinRead                   
00000983  GPIOPinTypeEthernetLED        
0000096b  GPIOPinTypeGPIOOutput         
000009b5  GPIOPinWrite                  
00000449  LEDRead                       
000003e5  LEDWrite                      
00000209  PinoutSet                     
000009a3  ResetISR                      
000009bb  SysCtlDelay                   
20000200  __STACK_END                   
00000200  __STACK_SIZE                  
20000200  __STACK_TOP                   
000009d8  __TI_CINIT_Base               
000009e0  __TI_CINIT_Limit              
000009d0  __TI_Handler_Table_Base       
000009d8  __TI_Handler_Table_Limit      
000008c9  __TI_auto_init_nobinit_nopinit
00000861  __TI_decompress_lzss          
00000995  __TI_decompress_none          
ffffffff  __TI_pprof_out_hndl           
ffffffff  __TI_prof_data_size           
ffffffff  __TI_prof_data_start          
00000000  __TI_static_base__            
000007c5  __aeabi_memcpy                
000007c5  __aeabi_memcpy4               
000007c5  __aeabi_memcpy8               
ffffffff  __binit__                     
ffffffff  __c_args__                    
UNDEFED   __mpu_init                    
20000000  __stack                       
20000000  __start___llvm_prf_cnts       
20000000  __stop___llvm_prf_cnts        
0000090d  _c_int00_noargs               
UNDEFED   _system_post_cinit            
000009c1  _system_pre_init              
000009c5  abort                         
ffffffff  binit                         
00000000  g_pfnVectors                  
00000605  main                          
000007c5  memcpy                        


GLOBAL SYMBOLS: SORTED BY Symbol Address 

address   name                          
-------   ----                          
00000000  __TI_static_base__            
00000000  g_pfnVectors                  
00000200  __STACK_SIZE                  
00000209  PinoutSet                     
000003e5  LEDWrite                      
00000449  LEDRead                       
000004d1  GPIOPadConfigSet              
00000605  main                          
00000709  ButtonsPoll                   
00000777  ButtonsInit                   
000007c5  __aeabi_memcpy                
000007c5  __aeabi_memcpy4               
000007c5  __aeabi_memcpy8               
000007c5  memcpy                        
00000861  __TI_decompress_lzss          
000008c9  __TI_auto_init_nobinit_nopinit
0000090d  _c_int00_noargs               
00000941  GPIODirModeSet                
0000096b  GPIOPinTypeGPIOOutput         
00000983  GPIOPinTypeEthernetLED        
00000995  __TI_decompress_none          
000009a3  ResetISR                      
000009af  GPIOPinRead                   
000009b5  GPIOPinWrite                  
000009bb  SysCtlDelay                   
000009c1  _system_pre_init              
000009c5  C$$EXIT                       
000009c5  abort                         
000009d0  __TI_Handler_Table_Base       
000009d8  __TI_CINIT_Base               
000009d8  __TI_Handler_Table_Limit      
000009e0  __TI_CINIT_Limit              
20000000  __stack                       
20000000  __start___llvm_prf_cnts       
20000000  __stop___llvm_prf_cnts        
20000200  __STACK_END                   
20000200  __STACK_TOP                   
ffffffff  __TI_pprof_out_hndl           
ffffffff  __TI_prof_data_size           
ffffffff  __TI_prof_data_start          
ffffffff  __binit__                     
ffffffff  __c_args__                    
ffffffff  binit                         
UNDEFED   __mpu_init                    
UNDEFED   _system_post_cinit            

[45 symbols]
