******************************************************************************
                  TI ARM Linker PC v20.2.7                     
******************************************************************************
>> Linked Fri Jul 14 17:38:34 2023

OUTPUT FILE NAME:   <OPTIONALASSIGNMENT.out>
ENTRY POINT SYMBOL: "_c_int00_noargs"  address: 000008e9


MEMORY CONFIGURATION

         name            origin    length      used     unused   attr    fill
----------------------  --------  ---------  --------  --------  ----  --------
  FLASH                 00000000   00100000  000009bc  000ff644  R  X
  SRAM                  20000000   00040000  00000204  0003fdfc  RW X


SEGMENT ALLOCATION MAP

run origin  load origin   length   init length attrs members
----------  ----------- ---------- ----------- ----- -------
00000000    00000000    000009c0   000009c0    r-x
  00000000    00000000    00000208   00000208    r-- .intvecs
  00000208    00000208    0000079c   0000079c    r-x .text
  000009a8    000009a8    00000018   00000018    r-- .cinit
20000000    20000000    00000204   00000000    rw-
  20000000    20000000    00000200   00000000    rw- .stack
  20000200    20000200    00000004   00000000    rw- .data


SECTION ALLOCATION MAP

 output                                  attributes/
section   page    origin      length       input sections
--------  ----  ----------  ----------   ----------------
.intvecs   0    00000000    00000208     
                  00000000    00000208     tm4c129encpdt_startup_ccs.obj (.intvecs)

.text      0    00000208    0000079c     
                  00000208    000002c8     pinout.obj (.text)
                  000004d0    00000132     driverlib.lib : gpio.obj (.text:GPIOPadConfigSet)
                  00000602    00000002     --HOLE-- [fill = 0]
                  00000604    000000e0     main.obj (.text)
                  000006e4    000000bc     buttons.obj (.text)
                  000007a0    0000009c     rtsv7M4_T_le_v4SPD16_eabi.lib : memcpy_t2.asm.obj (.text)
                  0000083c    00000068                                   : copy_decompress_lzss.c.obj (.text:decompress:lzss:__TI_decompress_lzss)
                  000008a4    00000044                                   : autoinit.c.obj (.text:__TI_auto_init_nobinit_nopinit:__TI_auto_init_nobinit_nopinit)
                  000008e8    00000034                                   : boot_cortex_m.c.obj (.text:_c_int00_noargs:_c_int00_noargs)
                  0000091c    0000002a     driverlib.lib : gpio.obj (.text:GPIODirModeSet)
                  00000946    00000018                   : gpio.obj (.text:GPIOPinTypeGPIOOutput)
                  0000095e    00000012                   : gpio.obj (.text:GPIOPinTypeEthernetLED)
                  00000970    0000000e     rtsv7M4_T_le_v4SPD16_eabi.lib : copy_decompress_none.c.obj (.text:decompress:none:__TI_decompress_none)
                  0000097e    0000000c     tm4c129encpdt_startup_ccs.obj (.text)
                  0000098a    00000006     driverlib.lib : gpio.obj (.text:GPIOPinRead)
                  00000990    00000006                   : gpio.obj (.text:GPIOPinWrite)
                  00000996    00000006                   : sysctl.obj (.text:SysCtlDelay)
                  0000099c    00000004     rtsv7M4_T_le_v4SPD16_eabi.lib : pre_init.c.obj (.text:_system_pre_init)
                  000009a0    00000004                                   : exit.c.obj (.text:abort:abort)

.cinit     0    000009a8    00000018     
                  000009a8    00000008     (.cinit..data.load) [load image, compression = lzss]
                  000009b0    00000008     (__TI_handler_table)
                  000009b8    00000008     (__TI_cinit_table)

.init_array 
*          0    00000000    00000000     UNINITIALIZED

.data      0    20000200    00000004     UNINITIALIZED
                  20000200    00000004     buttons.obj (.data:$O1$$)

.stack     0    20000000    00000200     UNINITIALIZED
                  20000000    00000004     rtsv7M4_T_le_v4SPD16_eabi.lib : boot_cortex_m.c.obj (.stack)
                  20000004    000001fc     --HOLE--

__llvm_prf_cnts 
*          0    20000000    00000000     UNINITIALIZED

MODULE SUMMARY

       Module                          code   ro data   rw data
       ------                          ----   -------   -------
    .\
       tm4c129encpdt_startup_ccs.obj   12     520       0      
       main.obj                        224    0         0      
    +--+-------------------------------+------+---------+---------+
       Total:                          236    520       0      
                                                               
    .\driver\
       pinout.obj                      712    0         0      
       buttons.obj                     188    0         4      
    +--+-------------------------------+------+---------+---------+
       Total:                          900    0         4      
                                                               
    C:/ti/tivaware_c_series_2_1_4_178/driverlib/ccs/Debug/driverlib.lib
       gpio.obj                        402    0         0      
       sysctl.obj                      6      0         0      
    +--+-------------------------------+------+---------+---------+
       Total:                          408    0         0      
                                                               
    C:\ti\ti-cgt-arm_20.2.7.LTS\lib\rtsv7M4_T_le_v4SPD16_eabi.lib
       memcpy_t2.asm.obj               156    0         0      
       copy_decompress_lzss.c.obj      104    0         0      
       autoinit.c.obj                  68     0         0      
       boot_cortex_m.c.obj             52     0         0      
       copy_decompress_none.c.obj      14     0         0      
       exit.c.obj                      4      0         0      
       pre_init.c.obj                  4      0         0      
    +--+-------------------------------+------+---------+---------+
       Total:                          402    0         0      
                                                               
       Stack:                          0      0         512    
       Linker Generated:               0      24        0      
    +--+-------------------------------+------+---------+---------+
       Grand Total:                    1946   544       516    


LINKER GENERATED COPY TABLES

__TI_cinit_table @ 000009b8 records: 1, size/record: 8, table size: 8
	.data: load addr=000009a8, load size=00000008 bytes, run addr=20000200, run size=00000004 bytes, compression=lzss


LINKER GENERATED HANDLER TABLE

__TI_handler_table @ 000009b0 records: 2, size/record: 4, table size: 8
	index: 0, handler: __TI_decompress_lzss
	index: 1, handler: __TI_decompress_none


GLOBAL SYMBOLS: SORTED ALPHABETICALLY BY Name 

address   name                          
-------   ----                          
00000753  ButtonsInit                   
000006e5  ButtonsPoll                   
000009a1  C$$EXIT                       
0000091d  GPIODirModeSet                
000004d1  GPIOPadConfigSet              
0000098b  GPIOPinRead                   
0000095f  GPIOPinTypeEthernetLED        
00000947  GPIOPinTypeGPIOOutput         
00000991  GPIOPinWrite                  
00000449  LEDRead                       
000003e5  LEDWrite                      
00000209  PinoutSet                     
0000097f  ResetISR                      
00000997  SysCtlDelay                   
20000200  __STACK_END                   
00000200  __STACK_SIZE                  
20000200  __STACK_TOP                   
000009b8  __TI_CINIT_Base               
000009c0  __TI_CINIT_Limit              
000009b0  __TI_Handler_Table_Base       
000009b8  __TI_Handler_Table_Limit      
000008a5  __TI_auto_init_nobinit_nopinit
0000083d  __TI_decompress_lzss          
00000971  __TI_decompress_none          
ffffffff  __TI_pprof_out_hndl           
ffffffff  __TI_prof_data_size           
ffffffff  __TI_prof_data_start          
00000000  __TI_static_base__            
000007a1  __aeabi_memcpy                
000007a1  __aeabi_memcpy4               
000007a1  __aeabi_memcpy8               
ffffffff  __binit__                     
ffffffff  __c_args__                    
UNDEFED   __mpu_init                    
20000000  __stack                       
20000000  __start___llvm_prf_cnts       
20000000  __stop___llvm_prf_cnts        
000008e9  _c_int00_noargs               
UNDEFED   _system_post_cinit            
0000099d  _system_pre_init              
000009a1  abort                         
ffffffff  binit                         
00000000  g_pfnVectors                  
00000605  main                          
000007a1  memcpy                        


GLOBAL SYMBOLS: SORTED BY Symbol Address 

address   name                          
-------   ----                          
00000000  __TI_static_base__            
00000000  g_pfnVectors                  
00000200  __STACK_SIZE                  
00000209  PinoutSet                     
000003e5  LEDWrite                      
00000449  LEDRead                       
000004d1  GPIOPadConfigSet              
00000605  main                          
000006e5  ButtonsPoll                   
00000753  ButtonsInit                   
000007a1  __aeabi_memcpy                
000007a1  __aeabi_memcpy4               
000007a1  __aeabi_memcpy8               
000007a1  memcpy                        
0000083d  __TI_decompress_lzss          
000008a5  __TI_auto_init_nobinit_nopinit
000008e9  _c_int00_noargs               
0000091d  GPIODirModeSet                
00000947  GPIOPinTypeGPIOOutput         
0000095f  GPIOPinTypeEthernetLED        
00000971  __TI_decompress_none          
0000097f  ResetISR                      
0000098b  GPIOPinRead                   
00000991  GPIOPinWrite                  
00000997  SysCtlDelay                   
0000099d  _system_pre_init              
000009a1  C$$EXIT                       
000009a1  abort                         
000009b0  __TI_Handler_Table_Base       
000009b8  __TI_CINIT_Base               
000009b8  __TI_Handler_Table_Limit      
000009c0  __TI_CINIT_Limit              
20000000  __stack                       
20000000  __start___llvm_prf_cnts       
20000000  __stop___llvm_prf_cnts        
20000200  __STACK_END                   
20000200  __STACK_TOP                   
ffffffff  __TI_pprof_out_hndl           
ffffffff  __TI_prof_data_size           
ffffffff  __TI_prof_data_start          
ffffffff  __binit__                     
ffffffff  __c_args__                    
ffffffff  binit                         
UNDEFED   __mpu_init                    
UNDEFED   _system_post_cinit            

[45 symbols]
