******************************************************************************
                  TI ARM Linker PC v20.2.5                     
******************************************************************************
>> Linked Wed Sep 22 18:02:42 2021

OUTPUT FILE NAME:   <pwdLED.out>
ENTRY POINT SYMBOL: "_c_int00_noargs"  address: 00000ce5


MEMORY CONFIGURATION

         name            origin    length      used     unused   attr    fill
----------------------  --------  ---------  --------  --------  ----  --------
  FLASH                 00000000   00100000  0000118e  000fee72  R  X
  SRAM                  20000000   00040000  00000205  0003fdfb  RW X


SEGMENT ALLOCATION MAP

run origin  load origin   length   init length attrs members
----------  ----------- ---------- ----------- ----- -------
00000000    00000000    00001190   00001190    r-x
  00000000    00000000    00000208   00000208    r-- .intvecs
  00000208    00000208    00000c72   00000c72    r-x .text
  00000e7c    00000e7c    000002fc   000002fc    r-- .const
  00001178    00001178    00000018   00000018    r-- .cinit
20000000    20000000    00000205   00000000    rw-
  20000000    20000000    00000200   00000000    rw- .stack
  20000200    20000200    00000005   00000000    rw- .data


SECTION ALLOCATION MAP

 output                                  attributes/
section   page    origin      length       input sections
--------  ----  ----------  ----------   ----------------
.intvecs   0    00000000    00000208     
                  00000000    00000208     tm4c129encpdt_startup_ccs.obj (.intvecs)

.text      0    00000208    00000c72     
                  00000208    00000314     uartstdio.obj (.text)
                  0000051c    00000200     driverlib.lib : sysctl.obj (.text:SysCtlClockFreqSet)
                  0000071c    00000144     main.obj (.text)
                  00000860    00000132     driverlib.lib : gpio.obj (.text:GPIOPadConfigSet)
                  00000992    0000009c     rtsv7M4_T_le_v4SPD16_eabi.lib : memcpy_t2.asm.obj (.text)
                  00000a2e    00000068                                   : copy_decompress_lzss.c.obj (.text:decompress:lzss:__TI_decompress_lzss)
                  00000a96    00000002                                   : div0.asm.obj (.text)
                  00000a98    00000050     driverlib.lib : sysctl.obj (.text:SysCtlPeripheralReset)
                  00000ae8    00000048                   : gpio.obj (.text:GPIOPinConfigure)
                  00000b30    00000048                   : sysctl.obj (.text:_SysCtlFrequencyGet)
                  00000b78    00000046                   : uart.obj (.text:UARTConfigSetExpClk)
                  00000bbe    00000002     --HOLE-- [fill = 0]
                  00000bc0    00000044     rtsv7M4_T_le_v4SPD16_eabi.lib : autoinit.c.obj (.text:__TI_auto_init_nobinit_nopinit:__TI_auto_init_nobinit_nopinit)
                  00000c04    00000040                                   : u_divt2.asm.obj (.text)
                  00000c44    00000038     driverlib.lib : sysctl.obj (.text:SysCtlPeripheralPresent)
                  00000c7c    00000034                   : sysctl.obj (.text:SysCtlPeripheralDisable)
                  00000cb0    00000034                   : sysctl.obj (.text:SysCtlPeripheralEnable)
                  00000ce4    00000034     rtsv7M4_T_le_v4SPD16_eabi.lib : boot_cortex_m.c.obj (.text:_c_int00_noargs:_c_int00_noargs)
                  00000d18    0000002a     driverlib.lib : gpio.obj (.text:GPIODirModeSet)
                  00000d42    00000022                   : pwm.obj (.text:PWMGenConfigure)
                  00000d64    00000020                   : uart.obj (.text:UARTDisable)
                  00000d84    00000020                   : sysctl.obj (.text:_SysCtlMemTimingGet)
                  00000da4    0000001e                   : pwm.obj (.text:PWMPulseWidthSet)
                  00000dc2    00000002     --HOLE-- [fill = 0]
                  00000dc4    00000014                   : sysctl.obj (.text:SysCtlPWMClockSet)
                  00000dd8    00000014                   : uart.obj (.text:UARTEnable)
                  00000dec    00000012                   : gpio.obj (.text:GPIOPinTypePWM)
                  00000dfe    00000012                   : gpio.obj (.text:GPIOPinTypeUART)
                  00000e10    00000012                   : pwm.obj (.text:PWMOutputState)
                  00000e22    00000010                   : pwm.obj (.text:PWMGenPeriodSet)
                  00000e32    0000000e     rtsv7M4_T_le_v4SPD16_eabi.lib : copy_decompress_none.c.obj (.text:decompress:none:__TI_decompress_none)
                  00000e40    0000000c     driverlib.lib : pwm.obj (.text:PWMGenEnable)
                  00000e4c    0000000c     tm4c129encpdt_startup_ccs.obj (.text)
                  00000e58    0000000a     driverlib.lib : uart.obj (.text:UARTCharGet)
                  00000e62    0000000a                   : uart.obj (.text:UARTCharPut)
                  00000e6c    00000006                   : uart.obj (.text:UARTClockSourceSet)
                  00000e72    00000004     rtsv7M4_T_le_v4SPD16_eabi.lib : pre_init.c.obj (.text:_system_pre_init)
                  00000e76    00000004                                   : exit.c.obj (.text:abort:abort)

.const     0    00000e7c    000002fc     
                  00000e7c    000001b0     driverlib.lib : sysctl.obj (.const:g_pppui32XTALtoVCO)
                  0000102c    00000090                   : gpio.obj (.const:g_pui32GPIOBaseAddrs)
                  000010bc    0000006c                   : sysctl.obj (.const:g_pui32Xtals)
                  00001128    00000030                   : sysctl.obj (.const:g_sXTALtoMEMTIM)
                  00001158    0000000c     uartstdio.obj (.const:g_ui32UARTBase)
                  00001164    0000000c     uartstdio.obj (.const:g_ui32UARTPeriph)
                  00001170    00000008     driverlib.lib : sysctl.obj (.const)

.cinit     0    00001178    00000018     
                  00001178    00000008     (__TI_handler_table)
                  00001180    00000007     (.cinit..data.load) [load image, compression = lzss]
                  00001187    00000001     --HOLE-- [fill = 0]
                  00001188    00000008     (__TI_cinit_table)

.init_array 
*          0    00000000    00000000     UNINITIALIZED

.data      0    20000200    00000005     UNINITIALIZED
                  20000200    00000005     uartstdio.obj (.data)

.stack     0    20000000    00000200     UNINITIALIZED
                  20000000    00000004     rtsv7M4_T_le_v4SPD16_eabi.lib : boot_cortex_m.c.obj (.stack)
                  20000004    000001fc     --HOLE--

__llvm_prf_cnts 
*          0    20000000    00000000     UNINITIALIZED

MODULE SUMMARY

       Module                          code   ro data   rw data
       ------                          ----   -------   -------
    .\
       uartstdio.obj                   788    24        5      
       tm4c129encpdt_startup_ccs.obj   12     520       0      
       main.obj                        324    0         0      
    +--+-------------------------------+------+---------+---------+
       Total:                          1124   544       5      
                                                               
    C:/ti/TivaWare_C_Series-2.1.4.178/driverlib/ccs/Debug/driverlib.lib
       sysctl.obj                      876    596       0      
       gpio.obj                        456    144       0      
       uart.obj                        148    0         0      
       pwm.obj                         110    0         0      
    +--+-------------------------------+------+---------+---------+
       Total:                          1590   740       0      
                                                               
    C:\ti\ccs1040\ccs\tools\compiler\ti-cgt-arm_20.2.5.LTS\lib\rtsv7M4_T_le_v4SPD16_eabi.lib
       memcpy_t2.asm.obj               156    0         0      
       copy_decompress_lzss.c.obj      104    0         0      
       autoinit.c.obj                  68     0         0      
       u_divt2.asm.obj                 64     0         0      
       boot_cortex_m.c.obj             52     0         0      
       copy_decompress_none.c.obj      14     0         0      
       exit.c.obj                      4      0         0      
       pre_init.c.obj                  4      0         0      
       div0.asm.obj                    2      0         0      
    +--+-------------------------------+------+---------+---------+
       Total:                          468    0         0      
                                                               
       Stack:                          0      0         512    
       Linker Generated:               0      23        0      
    +--+-------------------------------+------+---------+---------+
       Grand Total:                    3182   1307      517    


LINKER GENERATED COPY TABLES

__TI_cinit_table @ 00001188 records: 1, size/record: 8, table size: 8
	.data: load addr=00001180, load size=00000007 bytes, run addr=20000200, run size=00000005 bytes, compression=lzss


LINKER GENERATED HANDLER TABLE

__TI_handler_table @ 00001178 records: 2, size/record: 4, table size: 8
	index: 0, handler: __TI_decompress_lzss
	index: 1, handler: __TI_decompress_none


GLOBAL SYMBOLS: SORTED ALPHABETICALLY BY Name 

address   name                          
-------   ----                          
00000e77  C$$EXIT                       
0000071d  ConfigureUART                 
00000d19  GPIODirModeSet                
00000861  GPIOPadConfigSet              
00000ae9  GPIOPinConfigure              
00000ded  GPIOPinTypePWM                
00000dff  GPIOPinTypeUART               
00000d43  PWMGenConfigure               
00000e41  PWMGenEnable                  
00000e23  PWMGenPeriodSet               
00000e11  PWMOutputState                
00000da5  PWMPulseWidthSet              
00000e4d  ResetISR                      
0000051d  SysCtlClockFreqSet            
00000dc5  SysCtlPWMClockSet             
00000c7d  SysCtlPeripheralDisable       
00000cb1  SysCtlPeripheralEnable        
00000c45  SysCtlPeripheralPresent       
00000a99  SysCtlPeripheralReset         
00000e59  UARTCharGet                   
00000e63  UARTCharPut                   
00000e6d  UARTClockSourceSet            
00000b79  UARTConfigSetExpClk           
00000d65  UARTDisable                   
00000dd9  UARTEnable                    
000004a9  UARTStdioConfig               
0000049b  UARTgetc                      
00000423  UARTgets                      
00000409  UARTprintf                    
0000023b  UARTvprintf                   
00000209  UARTwrite                     
20000200  __STACK_END                   
00000200  __STACK_SIZE                  
20000200  __STACK_TOP                   
00001188  __TI_CINIT_Base               
00001190  __TI_CINIT_Limit              
00001178  __TI_Handler_Table_Base       
00001180  __TI_Handler_Table_Limit      
00000bc1  __TI_auto_init_nobinit_nopinit
00000a2f  __TI_decompress_lzss          
00000e33  __TI_decompress_none          
ffffffff  __TI_pprof_out_hndl           
ffffffff  __TI_prof_data_size           
ffffffff  __TI_prof_data_start          
00000000  __TI_static_base__            
00000a97  __aeabi_idiv0                 
00000a97  __aeabi_ldiv0                 
00000993  __aeabi_memcpy                
00000993  __aeabi_memcpy4               
00000993  __aeabi_memcpy8               
00000c05  __aeabi_uidiv                 
00000c05  __aeabi_uidivmod              
ffffffff  __binit__                     
ffffffff  __c_args__                    
UNDEFED   __mpu_init                    
20000000  __stack                       
20000000  __start___llvm_prf_cnts       
20000000  __stop___llvm_prf_cnts        
00000ce5  _c_int00_noargs               
UNDEFED   _system_post_cinit            
00000e73  _system_pre_init              
00000e77  abort                         
ffffffff  binit                         
00000000  g_pfnVectors                  
00000759  main                          
00000993  memcpy                        


GLOBAL SYMBOLS: SORTED BY Symbol Address 

address   name                          
-------   ----                          
00000000  __TI_static_base__            
00000000  g_pfnVectors                  
00000200  __STACK_SIZE                  
00000209  UARTwrite                     
0000023b  UARTvprintf                   
00000409  UARTprintf                    
00000423  UARTgets                      
0000049b  UARTgetc                      
000004a9  UARTStdioConfig               
0000051d  SysCtlClockFreqSet            
0000071d  ConfigureUART                 
00000759  main                          
00000861  GPIOPadConfigSet              
00000993  __aeabi_memcpy                
00000993  __aeabi_memcpy4               
00000993  __aeabi_memcpy8               
00000993  memcpy                        
00000a2f  __TI_decompress_lzss          
00000a97  __aeabi_idiv0                 
00000a97  __aeabi_ldiv0                 
00000a99  SysCtlPeripheralReset         
00000ae9  GPIOPinConfigure              
00000b79  UARTConfigSetExpClk           
00000bc1  __TI_auto_init_nobinit_nopinit
00000c05  __aeabi_uidiv                 
00000c05  __aeabi_uidivmod              
00000c45  SysCtlPeripheralPresent       
00000c7d  SysCtlPeripheralDisable       
00000cb1  SysCtlPeripheralEnable        
00000ce5  _c_int00_noargs               
00000d19  GPIODirModeSet                
00000d43  PWMGenConfigure               
00000d65  UARTDisable                   
00000da5  PWMPulseWidthSet              
00000dc5  SysCtlPWMClockSet             
00000dd9  UARTEnable                    
00000ded  GPIOPinTypePWM                
00000dff  GPIOPinTypeUART               
00000e11  PWMOutputState                
00000e23  PWMGenPeriodSet               
00000e33  __TI_decompress_none          
00000e41  PWMGenEnable                  
00000e4d  ResetISR                      
00000e59  UARTCharGet                   
00000e63  UARTCharPut                   
00000e6d  UARTClockSourceSet            
00000e73  _system_pre_init              
00000e77  C$$EXIT                       
00000e77  abort                         
00001178  __TI_Handler_Table_Base       
00001180  __TI_Handler_Table_Limit      
00001188  __TI_CINIT_Base               
00001190  __TI_CINIT_Limit              
20000000  __stack                       
20000000  __start___llvm_prf_cnts       
20000000  __stop___llvm_prf_cnts        
20000200  __STACK_END                   
20000200  __STACK_TOP                   
ffffffff  __TI_pprof_out_hndl           
ffffffff  __TI_prof_data_size           
ffffffff  __TI_prof_data_start          
ffffffff  __binit__                     
ffffffff  __c_args__                    
ffffffff  binit                         
UNDEFED   __mpu_init                    
UNDEFED   _system_post_cinit            

[66 symbols]
