******************************************************************************
                  TI ARM Linker PC v20.2.7                     
******************************************************************************
>> Linked Sat Jun 10 12:15:39 2023

OUTPUT FILE NAME:   <Basic_lcd_coding_AND_Keypad2.out>
ENTRY POINT SYMBOL: "_c_int00_noinit_noargs"  address: 00000665


MEMORY CONFIGURATION

         name            origin    length      used     unused   attr    fill
----------------------  --------  ---------  --------  --------  ----  --------
  FLASH                 00000000   00100000  000006b4  000ff94c  R  X
  SRAM                  20000000   00040000  00000200  0003fe00  RW X


SEGMENT ALLOCATION MAP

run origin  load origin   length   init length attrs members
----------  ----------- ---------- ----------- ----- -------
00000000    00000000    000006b4   000006b4    r-x
  00000000    00000000    00000208   00000208    r-- .intvecs
  00000208    00000208    0000049c   0000049c    r-x .text
  000006a4    000006a4    00000010   00000010    r-- .const
20000000    20000000    00000200   00000000    rw-
  20000000    20000000    00000200   00000000    rw- .stack


SECTION ALLOCATION MAP

 output                                  attributes/
section   page    origin      length       input sections
--------  ----  ----------  ----------   ----------------
.intvecs   0    00000000    00000208     
                  00000000    00000208     tm4c129encpdt_startup_ccs.obj (.intvecs)

.text      0    00000208    0000049c     
                  00000208    00000224     main.obj (.text)
                  0000042c    0000019c     Key.obj (.text)
                  000005c8    0000009c     rtsv7M4_T_le_v4SPD16_eabi.lib : memcpy_t2.asm.obj (.text)
                  00000664    0000002c                                   : boot_cortex_m.c.obj (.text:_c_int00_noinit_noargs:_c_int00_noinit_noargs)
                  00000690    0000000c     tm4c129encpdt_startup_ccs.obj (.text)
                  0000069c    00000004     rtsv7M4_T_le_v4SPD16_eabi.lib : pre_init.c.obj (.text:_system_pre_init)
                  000006a0    00000004                                   : exit.c.obj (.text:abort:abort)

.const     0    000006a4    00000010     
                  000006a4    00000010     main.obj (.const:$P$T0$1)

.cinit     0    00000000    00000000     UNINITIALIZED

.init_array 
*          0    00000000    00000000     UNINITIALIZED

.stack     0    20000000    00000200     UNINITIALIZED
                  20000000    00000004     rtsv7M4_T_le_v4SPD16_eabi.lib : boot_cortex_m.c.obj (.stack)
                  20000004    000001fc     --HOLE--

__llvm_prf_cnts 
*          0    20000000    00000000     UNINITIALIZED

MODULE SUMMARY

       Module                          code   ro data   rw data
       ------                          ----   -------   -------
    .\
       main.obj                        548    16        0      
       tm4c129encpdt_startup_ccs.obj   12     520       0      
    +--+-------------------------------+------+---------+---------+
       Total:                          560    536       0      
                                                               
    .\drive\
       Key.obj                         412    0         0      
    +--+-------------------------------+------+---------+---------+
       Total:                          412    0         0      
                                                               
    C:\ti\ccs1210\ccs\tools\compiler\ti-cgt-arm_20.2.7.LTS\lib\rtsv7M4_T_le_v4SPD16_eabi.lib
       memcpy_t2.asm.obj               156    0         0      
       boot_cortex_m.c.obj             44     0         0      
       exit.c.obj                      4      0         0      
       pre_init.c.obj                  4      0         0      
    +--+-------------------------------+------+---------+---------+
       Total:                          208    0         0      
                                                               
       Stack:                          0      0         512    
    +--+-------------------------------+------+---------+---------+
       Grand Total:                    1180   536       512    


GLOBAL SYMBOLS: SORTED ALPHABETICALLY BY Name 

address   name                   
-------   ----                   
000006a1  C$$EXIT                
000003a3  Keypad_getchar         
000004a9  LCD_Command            
000004f3  LCD_Data               
0000052f  LCD_Init               
00000691  ResetISR               
20000200  __STACK_END            
00000200  __STACK_SIZE           
20000200  __STACK_TOP            
ffffffff  __TI_pprof_out_hndl    
ffffffff  __TI_prof_data_size    
ffffffff  __TI_prof_data_start   
00000000  __TI_static_base__     
000005c9  __aeabi_memcpy         
000005c9  __aeabi_memcpy4        
000005c9  __aeabi_memcpy8        
ffffffff  __binit__              
ffffffff  __c_args__             
UNDEFED   __mpu_init             
20000000  __stack                
20000000  __start___llvm_prf_cnts
20000000  __stop___llvm_prf_cnts 
00000665  _c_int00_noinit_noargs 
0000069d  _system_pre_init       
000006a1  abort                  
ffffffff  binit                  
0000042d  delayMs                
0000046f  delayUs                
00000000  g_pfnVectors           
0000025b  keypad_getkey          
00000209  keypad_init            
000003db  main                   
000005c9  memcpy                 


GLOBAL SYMBOLS: SORTED BY Symbol Address 

address   name                   
-------   ----                   
00000000  __TI_static_base__     
00000000  g_pfnVectors           
00000200  __STACK_SIZE           
00000209  keypad_init            
0000025b  keypad_getkey          
000003a3  Keypad_getchar         
000003db  main                   
0000042d  delayMs                
0000046f  delayUs                
000004a9  LCD_Command            
000004f3  LCD_Data               
0000052f  LCD_Init               
000005c9  __aeabi_memcpy         
000005c9  __aeabi_memcpy4        
000005c9  __aeabi_memcpy8        
000005c9  memcpy                 
00000665  _c_int00_noinit_noargs 
00000691  ResetISR               
0000069d  _system_pre_init       
000006a1  C$$EXIT                
000006a1  abort                  
20000000  __stack                
20000000  __start___llvm_prf_cnts
20000000  __stop___llvm_prf_cnts 
20000200  __STACK_END            
20000200  __STACK_TOP            
ffffffff  __TI_pprof_out_hndl    
ffffffff  __TI_prof_data_size    
ffffffff  __TI_prof_data_start   
ffffffff  __binit__              
ffffffff  __c_args__             
ffffffff  binit                  
UNDEFED   __mpu_init             

[33 symbols]
