******************************************************************************
                  TI ARM Linker PC v20.2.7                     
******************************************************************************
>> Linked Thu Oct 26 19:44:54 2023

OUTPUT FILE NAME:   <LAB6_OPTIONAL.out>
ENTRY POINT SYMBOL: "_c_int00_noargs"  address: 00002c01


MEMORY CONFIGURATION

         name            origin    length      used     unused   attr    fill
----------------------  --------  ---------  --------  --------  ----  --------
  FLASH                 00000000   00100000  00002d90  000fd270  R  X
  SRAM                  20000000   00040000  0000c720  000338e0  RW X


SEGMENT ALLOCATION MAP

run origin  load origin   length   init length attrs members
----------  ----------- ---------- ----------- ----- -------
00000000    00000000    00002d90   00002d90    r-x
  00000000    00000000    00000208   00000208    r-- .intvecs
  00000208    00000208    00002a9c   00002a9c    r-x .text
  00002ca4    00002ca4    000000ac   000000ac    r-- .const
  00002d50    00002d50    00000040   00000040    r-- .cinit
20000000    20000000    0000c720   00000000    rw-
  20000000    20000000    0000c4c8   00000000    rw- .bss
  2000c4c8    2000c4c8    00000200   00000000    rw- .stack
  2000c6c8    2000c6c8    00000058   00000000    rw- .data


SECTION ALLOCATION MAP

 output                                  attributes/
section   page    origin      length       input sections
--------  ----  ----------  ----------   ----------------
.intvecs   0    00000000    00000208     
                  00000000    00000208     tm4c129encpdt_startup_ccs.obj (.intvecs)

.text      0    00000208    00002a9c     
                  00000208    00001180     tasks.obj (.text)
                  00001388    000006c4     queue.obj (.text)
                  00001a4c    00000400     uartstdio.obj (.text)
                  00001e4c    0000038c     timers.obj (.text)
                  000021d8    00000324     FreeRtos_Example.obj (.text)
                  000024fc    00000132     driverlib.lib : gpio.obj (.text:GPIOPadConfigSet)
                  0000262e    00000002     rtsv7M4_T_le_v4SPD16_eabi.lib : div0.asm.obj (.text)
                  00002630    00000118     heap_2.obj (.text)
                  00002748    000000dc     port.obj (.text)
                  00002824    000000d2     portasm.obj (.text)
                  000028f6    0000009c     rtsv7M4_T_le_v4SPD16_eabi.lib : memcpy_t2.asm.obj (.text)
                  00002992    0000008c     list.obj (.text)
                  00002a1e    0000007a     rtsv7M4_T_le_v4SPD16_eabi.lib : memset_t2.asm.obj (.text)
                  00002a98    00000068                                   : copy_decompress_lzss.c.obj (.text:decompress:lzss:__TI_decompress_lzss)
                  00002b00    00000048     driverlib.lib : gpio.obj (.text:GPIOPinConfigure)
                  00002b48    00000044     rtsv7M4_T_le_v4SPD16_eabi.lib : autoinit.c.obj (.text:__TI_auto_init_nobinit_nopinit:__TI_auto_init_nobinit_nopinit)
                  00002b8c    00000040                                   : u_divt2.asm.obj (.text)
                  00002bcc    00000034     driverlib.lib : sysctl.obj (.text:SysCtlPeripheralEnable)
                  00002c00    00000034     rtsv7M4_T_le_v4SPD16_eabi.lib : boot_cortex_m.c.obj (.text:_c_int00_noargs:_c_int00_noargs)
                  00002c34    0000002a     driverlib.lib : gpio.obj (.text:GPIODirModeSet)
                  00002c5e    00000012                   : gpio.obj (.text:GPIOPinTypeUART)
                  00002c70    0000000e     rtsv7M4_T_le_v4SPD16_eabi.lib : copy_decompress_none.c.obj (.text:decompress:none:__TI_decompress_none)
                  00002c7e    0000000c                                   : copy_zero_init.c.obj (.text:decompress:ZI:__TI_zero_init)
                  00002c8a    0000000c     tm4c129encpdt_startup_ccs.obj (.text)
                  00002c96    00000006     driverlib.lib : uart.obj (.text:UARTClockSourceSet)
                  00002c9c    00000004     rtsv7M4_T_le_v4SPD16_eabi.lib : pre_init.c.obj (.text:_system_pre_init)
                  00002ca0    00000004                                   : exit.c.obj (.text:abort:abort)

.const     0    00002ca4    000000ac     
                  00002ca4    00000090     driverlib.lib : gpio.obj (.const:g_pui32GPIOBaseAddrs)
                  00002d34    0000000c     uartstdio.obj (.const:g_ui32UARTBase)
                  00002d40    0000000c     uartstdio.obj (.const:g_ui32UARTPeriph)
                  00002d4c    00000004     port.obj (.const)

.cinit     0    00002d50    00000040     
                  00002d50    0000001a     (.cinit..data.load) [load image, compression = lzss]
                  00002d6a    00000002     --HOLE-- [fill = 0]
                  00002d6c    0000000c     (__TI_handler_table)
                  00002d78    00000008     (.cinit..bss.load) [load image, compression = zero_init]
                  00002d80    00000010     (__TI_cinit_table)

.init_array 
*          0    00000000    00000000     UNINITIALIZED

.bss       0    20000000    0000c4c8     UNINITIALIZED
                  20000000    0000c350     heap_2.obj (.bss:ucHeap)
                  2000c350    00000064     tasks.obj (.bss:pxReadyTasksLists)
                  2000c3b4    00000040     (.common:xQueueRegistry)
                  2000c3f4    00000014     timers.obj (.bss:xActiveTimerList1)
                  2000c408    00000014     timers.obj (.bss:xActiveTimerList2)
                  2000c41c    00000014     tasks.obj (.bss:xDelayedTaskList1)
                  2000c430    00000014     tasks.obj (.bss:xDelayedTaskList2)
                  2000c444    00000014     tasks.obj (.bss:xPendingReadyList)
                  2000c458    00000014     tasks.obj (.bss:xSuspendedTaskList)
                  2000c46c    00000014     tasks.obj (.bss:xTasksWaitingTermination)
                  2000c480    00000014     (.common:xMutex)
                  2000c494    00000014     (.common:xSemaphores)
                  2000c4a8    00000008     tasks.obj (.bss)
                  2000c4b0    00000008     timers.obj (.bss)
                  2000c4b8    00000008     heap_2.obj (.bss:xEnd)
                  2000c4c0    00000008     heap_2.obj (.bss:xStart)

.data      0    2000c6c8    00000058     UNINITIALIZED
                  2000c6c8    00000030     tasks.obj (.data)
                  2000c6f8    00000008     heap_2.obj (.data)
                  2000c700    00000008     timers.obj (.data)
                  2000c708    00000005     FreeRtos_Example.obj (.data:currentState)
                  2000c70d    00000005     FreeRtos_Example.obj (.data:phil)
                  2000c712    00000002     --HOLE--
                  2000c714    00000005     uartstdio.obj (.data)
                  2000c719    00000003     --HOLE--
                  2000c71c    00000004     port.obj (.data)

.stack     0    2000c4c8    00000200     UNINITIALIZED
                  2000c4c8    00000004     rtsv7M4_T_le_v4SPD16_eabi.lib : boot_cortex_m.c.obj (.stack)
                  2000c4cc    000001fc     --HOLE--

__llvm_prf_cnts 
*          0    20000000    00000000     UNINITIALIZED

MODULE SUMMARY

       Module                          code    ro data   rw data
       ------                          ----    -------   -------
    .\
       uartstdio.obj                   1024    24        5      
       FreeRtos_Example.obj            804     0         50     
       tm4c129encpdt_startup_ccs.obj   12      520       0      
    +--+-------------------------------+-------+---------+---------+
       Total:                          1840    544       55     
                                                                
    .\FreeRTOS\
       tasks.obj                       4480    0         256    
       queue.obj                       1732    0         64     
       timers.obj                      908     0         56     
       list.obj                        140     0         0      
    +--+-------------------------------+-------+---------+---------+
       Total:                          7260    0         376    
                                                                
    .\FreeRTOS\portable\CCS\ARM_CM4F\
       port.obj                        220     4         4      
       portasm.obj                     210     0         0      
    +--+-------------------------------+-------+---------+---------+
       Total:                          430     4         4      
                                                                
    .\FreeRTOS\portable\MemMang\
       heap_2.obj                      280     0         50024  
    +--+-------------------------------+-------+---------+---------+
       Total:                          280     0         50024  
                                                                
    C:/ti/tivaware_c_series_2_1_4_178/driverlib/ccs/Debug/driverlib.lib
       gpio.obj                        438     144       0      
       sysctl.obj                      52      0         0      
       uart.obj                        6       0         0      
    +--+-------------------------------+-------+---------+---------+
       Total:                          496     144       0      
                                                                
    C:\ti\ccs1210\ccs\tools\compiler\ti-cgt-arm_20.2.7.LTS\lib\rtsv7M4_T_le_v4SPD16_eabi.lib
       memcpy_t2.asm.obj               156     0         0      
       memset_t2.asm.obj               122     0         0      
       copy_decompress_lzss.c.obj      104     0         0      
       autoinit.c.obj                  68      0         0      
       u_divt2.asm.obj                 64      0         0      
       boot_cortex_m.c.obj             52      0         0      
       copy_decompress_none.c.obj      14      0         0      
       copy_zero_init.c.obj            12      0         0      
       exit.c.obj                      4       0         0      
       pre_init.c.obj                  4       0         0      
       div0.asm.obj                    2       0         0      
    +--+-------------------------------+-------+---------+---------+
       Total:                          602     0         0      
                                                                
       Stack:                          0       0         512    
       Linker Generated:               0       62        0      
    +--+-------------------------------+-------+---------+---------+
       Grand Total:                    10908   754       50971  


LINKER GENERATED COPY TABLES

__TI_cinit_table @ 00002d80 records: 2, size/record: 8, table size: 16
	.data: load addr=00002d50, load size=0000001a bytes, run addr=2000c6c8, run size=00000058 bytes, compression=lzss
	.bss: load addr=00002d78, load size=00000008 bytes, run addr=20000000, run size=0000c4c8 bytes, compression=zero_init


LINKER GENERATED HANDLER TABLE

__TI_handler_table @ 00002d6c records: 3, size/record: 4, table size: 12
	index: 0, handler: __TI_decompress_lzss
	index: 1, handler: __TI_decompress_none
	index: 2, handler: __TI_zero_init


GLOBAL SYMBOLS: SORTED ALPHABETICALLY BY Name 

address   name                             
-------   ----                             
00002ca1  C$$EXIT                          
000021d9  ConfigureUART                    
000022b9  Eat                              
00002c35  GPIODirModeSet                   
000024fd  GPIOPadConfigSet                 
00002b01  GPIOPinConfigure                 
00002c5f  GPIOPinTypeUART                  
000023d3  Philosopher                      
00002c8b  ResetISR                         
00002bcd  SysCtlPeripheralEnable           
00002c97  UARTClockSourceSet               
00001da5  UARTStdioConfig                  
00001d91  UARTgetc                         
00001ca1  UARTgets                         
00001c87  UARTprintf                       
00001aab  UARTvprintf                      
00001a4d  UARTwrite                        
2000c6c8  __STACK_END                      
00000200  __STACK_SIZE                     
2000c6c8  __STACK_TOP                      
00002d80  __TI_CINIT_Base                  
00002d90  __TI_CINIT_Limit                 
00002d6c  __TI_Handler_Table_Base          
00002d78  __TI_Handler_Table_Limit         
00002b49  __TI_auto_init_nobinit_nopinit   
00002a99  __TI_decompress_lzss             
00002c71  __TI_decompress_none             
ffffffff  __TI_pprof_out_hndl              
ffffffff  __TI_prof_data_size              
ffffffff  __TI_prof_data_start             
00000000  __TI_static_base__               
00002c7f  __TI_zero_init                   
0000262f  __aeabi_idiv0                    
0000262f  __aeabi_ldiv0                    
00002a1f  __aeabi_memclr                   
00002a1f  __aeabi_memclr4                  
00002a1f  __aeabi_memclr8                  
000028f7  __aeabi_memcpy                   
000028f7  __aeabi_memcpy4                  
000028f7  __aeabi_memcpy8                  
00002a21  __aeabi_memset                   
00002a21  __aeabi_memset4                  
00002a21  __aeabi_memset8                  
00002b8d  __aeabi_uidiv                    
00002b8d  __aeabi_uidivmod                 
ffffffff  __binit__                        
ffffffff  __c_args__                       
000023d1  __error__                        
UNDEFED   __mpu_init                       
2000c4c8  __stack                          
20000000  __start___llvm_prf_cnts          
20000000  __stop___llvm_prf_cnts           
00002c01  _c_int00_noargs                  
UNDEFED   _system_post_cinit               
00002c9d  _system_pre_init                 
00002ca1  abort                            
ffffffff  binit                            
0000236d  chopStickGive                    
00002315  chopStickTake                    
2000c708  currentState                     
00000000  g_pfnVectors                     
00002215  main                             
000028f7  memcpy                           
00002a27  memset                           
000021b1  pcTimerGetTimerName              
2000c70d  phil                             
00002699  pvPortMalloc                     
000012bf  pvTaskIncrementMutexHeldCount    
00001f63  pvTimerGetTimerID                
2000c6c8  pxCurrentTCB                     
000027df  pxPortInitialiseStack            
00001a3f  ucQueueGetQueueType              
00002d4c  ulMaxSyscallInterruptPriority    
00002835  ulPortGetIPSR                    
00001231  ulTaskNotifyTake                 
000029ff  uxListRemove                     
00001a3b  uxQueueGetQueueNumber            
00001a29  uxQueueMessagesWaiting           
00001a25  uxQueueMessagesWaitingFromISR    
00001a11  uxQueueSpacesAvailable           
00001211  uxTaskGetNumberOfTasks           
0000118d  uxTaskGetSystemState             
000010e5  uxTaskGetTaskNumber              
000010c9  uxTaskPriorityGet                
000010a9  uxTaskPriorityGetFromISR         
00001095  uxTaskResetEventItemValue        
000029e9  vListInitialise                  
000029e3  vListInitialiseItem              
000029ab  vListInsert                      
00002993  vListInsertEnd                   
000028e9  vPortEnableVFP                   
000027dd  vPortEndScheduler                
000027c5  vPortEnterCritical               
000027b3  vPortExitCritical                
00002639  vPortFree                        
00002637  vPortInitialiseBlocks            
000028ad  vPortSVCHandler                  
0000276f  vPortSetupTimerInterrupt         
000028cd  vPortStartFirstTask              
000019f5  vQueueAddToRegistry              
000019e5  vQueueDelete                     
000019e1  vQueueSetQueueNumber             
000019c7  vQueueUnregisterQueue            
00001987  vQueueWaitForMessageRestricted   
00001049  vTaskDelay                       
00000fcb  vTaskDelayUntil                  
00000f39  vTaskDelete                      
00000f21  vTaskEndScheduler                
00000f19  vTaskMissedYield                 
00000e99  vTaskNotifyGiveFromISR           
00000e35  vTaskPlaceOnEventList            
00000dd5  vTaskPlaceOnEventListRestricted  
00000d71  vTaskPlaceOnUnorderedEventList   
00000ced  vTaskPriorityInherit             
00000c1d  vTaskPrioritySet                 
00000bb1  vTaskResume                      
00000b95  vTaskSetTaskNumber               
000009f9  vTaskSetTimeOutState             
00000b47  vTaskStartScheduler              
00000ab5  vTaskSuspend                     
00000aa5  vTaskSuspendAll                  
00000a53  vTaskSwitchContext               
00001f4d  vTimerSetTimerID                 
2000c480  xMutex                           
00002631  xPortGetFreeHeapSize             
0000284d  xPortPendSVHandler               
0000277b  xPortStartScheduler              
00002749  xPortSysTickHandler              
00001973  xQueueCreateCountingSemaphore    
00001925  xQueueCreateMutex                
000018e9  xQueueGenericCreate              
0000142b  xQueueGenericReceive             
0000186b  xQueueGenericReset               
000016a3  xQueueGenericSend                
0000180f  xQueueGenericSendFromISR         
000017b9  xQueueGiveFromISR                
0000178d  xQueueGiveMutexRecursive         
00001609  xQueueIsQueueEmptyFromISR        
000015fb  xQueueIsQueueFullFromISR         
000015c9  xQueuePeekFromISR                
0000156d  xQueueReceiveFromISR             
2000c3b4  xQueueRegistry                   
0000153d  xQueueTakeMutexRecursive         
2000c494  xSemaphores                      
00000a07  xTaskCheckForTimeOut             
0000090d  xTaskGenericCreate               
00000791  xTaskGenericNotify               
000006e1  xTaskGenericNotifyFromISR        
000006d5  xTaskGetCurrentTaskHandle        
000006bd  xTaskGetSchedulerState           
000006b1  xTaskGetTickCount                
000006ab  xTaskGetTickCountFromISR         
000002ad  xTaskIncrementTick               
00000681  xTaskNotifyStateClear            
000005c5  xTaskNotifyWait                  
000004f9  xTaskPriorityDisinherit          
00000495  xTaskRemoveFromEventList         
00000445  xTaskRemoveFromUnorderedEventList
00000389  xTaskResumeAll                   
00000223  xTaskResumeFromISR               
00001f13  xTimerCreate                     
00001ee1  xTimerCreateTimerTask            
00001e65  xTimerGenericCommand             
00001e4d  xTimerIsTimerActive              


GLOBAL SYMBOLS: SORTED BY Symbol Address 

address   name                             
-------   ----                             
00000000  __TI_static_base__               
00000000  g_pfnVectors                     
00000200  __STACK_SIZE                     
00000223  xTaskResumeFromISR               
000002ad  xTaskIncrementTick               
00000389  xTaskResumeAll                   
00000445  xTaskRemoveFromUnorderedEventList
00000495  xTaskRemoveFromEventList         
000004f9  xTaskPriorityDisinherit          
000005c5  xTaskNotifyWait                  
00000681  xTaskNotifyStateClear            
000006ab  xTaskGetTickCountFromISR         
000006b1  xTaskGetTickCount                
000006bd  xTaskGetSchedulerState           
000006d5  xTaskGetCurrentTaskHandle        
000006e1  xTaskGenericNotifyFromISR        
00000791  xTaskGenericNotify               
0000090d  xTaskGenericCreate               
000009f9  vTaskSetTimeOutState             
00000a07  xTaskCheckForTimeOut             
00000a53  vTaskSwitchContext               
00000aa5  vTaskSuspendAll                  
00000ab5  vTaskSuspend                     
00000b47  vTaskStartScheduler              
00000b95  vTaskSetTaskNumber               
00000bb1  vTaskResume                      
00000c1d  vTaskPrioritySet                 
00000ced  vTaskPriorityInherit             
00000d71  vTaskPlaceOnUnorderedEventList   
00000dd5  vTaskPlaceOnEventListRestricted  
00000e35  vTaskPlaceOnEventList            
00000e99  vTaskNotifyGiveFromISR           
00000f19  vTaskMissedYield                 
00000f21  vTaskEndScheduler                
00000f39  vTaskDelete                      
00000fcb  vTaskDelayUntil                  
00001049  vTaskDelay                       
00001095  uxTaskResetEventItemValue        
000010a9  uxTaskPriorityGetFromISR         
000010c9  uxTaskPriorityGet                
000010e5  uxTaskGetTaskNumber              
0000118d  uxTaskGetSystemState             
00001211  uxTaskGetNumberOfTasks           
00001231  ulTaskNotifyTake                 
000012bf  pvTaskIncrementMutexHeldCount    
0000142b  xQueueGenericReceive             
0000153d  xQueueTakeMutexRecursive         
0000156d  xQueueReceiveFromISR             
000015c9  xQueuePeekFromISR                
000015fb  xQueueIsQueueFullFromISR         
00001609  xQueueIsQueueEmptyFromISR        
000016a3  xQueueGenericSend                
0000178d  xQueueGiveMutexRecursive         
000017b9  xQueueGiveFromISR                
0000180f  xQueueGenericSendFromISR         
0000186b  xQueueGenericReset               
000018e9  xQueueGenericCreate              
00001925  xQueueCreateMutex                
00001973  xQueueCreateCountingSemaphore    
00001987  vQueueWaitForMessageRestricted   
000019c7  vQueueUnregisterQueue            
000019e1  vQueueSetQueueNumber             
000019e5  vQueueDelete                     
000019f5  vQueueAddToRegistry              
00001a11  uxQueueSpacesAvailable           
00001a25  uxQueueMessagesWaitingFromISR    
00001a29  uxQueueMessagesWaiting           
00001a3b  uxQueueGetQueueNumber            
00001a3f  ucQueueGetQueueType              
00001a4d  UARTwrite                        
00001aab  UARTvprintf                      
00001c87  UARTprintf                       
00001ca1  UARTgets                         
00001d91  UARTgetc                         
00001da5  UARTStdioConfig                  
00001e4d  xTimerIsTimerActive              
00001e65  xTimerGenericCommand             
00001ee1  xTimerCreateTimerTask            
00001f13  xTimerCreate                     
00001f4d  vTimerSetTimerID                 
00001f63  pvTimerGetTimerID                
000021b1  pcTimerGetTimerName              
000021d9  ConfigureUART                    
00002215  main                             
000022b9  Eat                              
00002315  chopStickTake                    
0000236d  chopStickGive                    
000023d1  __error__                        
000023d3  Philosopher                      
000024fd  GPIOPadConfigSet                 
0000262f  __aeabi_idiv0                    
0000262f  __aeabi_ldiv0                    
00002631  xPortGetFreeHeapSize             
00002637  vPortInitialiseBlocks            
00002639  vPortFree                        
00002699  pvPortMalloc                     
00002749  xPortSysTickHandler              
0000276f  vPortSetupTimerInterrupt         
0000277b  xPortStartScheduler              
000027b3  vPortExitCritical                
000027c5  vPortEnterCritical               
000027dd  vPortEndScheduler                
000027df  pxPortInitialiseStack            
00002835  ulPortGetIPSR                    
0000284d  xPortPendSVHandler               
000028ad  vPortSVCHandler                  
000028cd  vPortStartFirstTask              
000028e9  vPortEnableVFP                   
000028f7  __aeabi_memcpy                   
000028f7  __aeabi_memcpy4                  
000028f7  __aeabi_memcpy8                  
000028f7  memcpy                           
00002993  vListInsertEnd                   
000029ab  vListInsert                      
000029e3  vListInitialiseItem              
000029e9  vListInitialise                  
000029ff  uxListRemove                     
00002a1f  __aeabi_memclr                   
00002a1f  __aeabi_memclr4                  
00002a1f  __aeabi_memclr8                  
00002a21  __aeabi_memset                   
00002a21  __aeabi_memset4                  
00002a21  __aeabi_memset8                  
00002a27  memset                           
00002a99  __TI_decompress_lzss             
00002b01  GPIOPinConfigure                 
00002b49  __TI_auto_init_nobinit_nopinit   
00002b8d  __aeabi_uidiv                    
00002b8d  __aeabi_uidivmod                 
00002bcd  SysCtlPeripheralEnable           
00002c01  _c_int00_noargs                  
00002c35  GPIODirModeSet                   
00002c5f  GPIOPinTypeUART                  
00002c71  __TI_decompress_none             
00002c7f  __TI_zero_init                   
00002c8b  ResetISR                         
00002c97  UARTClockSourceSet               
00002c9d  _system_pre_init                 
00002ca1  C$$EXIT                          
00002ca1  abort                            
00002d4c  ulMaxSyscallInterruptPriority    
00002d6c  __TI_Handler_Table_Base          
00002d78  __TI_Handler_Table_Limit         
00002d80  __TI_CINIT_Base                  
00002d90  __TI_CINIT_Limit                 
20000000  __start___llvm_prf_cnts          
20000000  __stop___llvm_prf_cnts           
2000c3b4  xQueueRegistry                   
2000c480  xMutex                           
2000c494  xSemaphores                      
2000c4c8  __stack                          
2000c6c8  __STACK_END                      
2000c6c8  __STACK_TOP                      
2000c6c8  pxCurrentTCB                     
2000c708  currentState                     
2000c70d  phil                             
ffffffff  __TI_pprof_out_hndl              
ffffffff  __TI_prof_data_size              
ffffffff  __TI_prof_data_start             
ffffffff  __binit__                        
ffffffff  __c_args__                       
ffffffff  binit                            
UNDEFED   __mpu_init                       
UNDEFED   _system_post_cinit               

[164 symbols]
