******************************************************************************
                  TI ARM Linker PC v20.2.7                     
******************************************************************************
>> Linked Thu Oct 26 19:43:41 2023

OUTPUT FILE NAME:   <LAB5A.out>
ENTRY POINT SYMBOL: "_c_int00_noargs"  address: 000030b5


MEMORY CONFIGURATION

         name            origin    length      used     unused   attr    fill
----------------------  --------  ---------  --------  --------  ----  --------
  FLASH                 00000000   00100000  00003766  000fc89a  R  X
  SRAM                  20000000   00040000  0000c96f  00033691  RW X


SEGMENT ALLOCATION MAP

run origin  load origin   length   init length attrs members
----------  ----------- ---------- ----------- ----- -------
00000000    00000000    00003768   00003768    r-x
  00000000    00000000    00000208   00000208    r-- .intvecs
  00000208    00000208    00003026   00003026    r-x .text
  00003230    00003230    000004f0   000004f0    r-- .const
  00003720    00003720    00000048   00000048    r-- .cinit
20000000    20000000    0000c96f   00000000    rw-
  20000000    20000000    0000026c   00000000    rw- .vtable
  2000026c    2000026c    0000c4a4   00000000    rw- .bss
  2000c710    2000c710    00000200   00000000    rw- .stack
  2000c910    2000c910    0000005f   00000000    rw- .data


SECTION ALLOCATION MAP

 output                                  attributes/
section   page    origin      length       input sections
--------  ----  ----------  ----------   ----------------
.intvecs   0    00000000    00000208     
                  00000000    00000208     tm4c129encpdt_startup_ccs.obj (.intvecs)

.text      0    00000208    00003026     
                  00000208    00001180     tasks.obj (.text)
                  00001388    000006c4     queue.obj (.text)
                  00001a4c    00000480     FreeRtos_Example.obj (.text)
                  00001ecc    0000038c     timers.obj (.text)
                  00002258    000002c8     pinout.obj (.text)
                  00002520    00000200     driverlib.lib : sysctl.obj (.text:SysCtlClockFreqSet)
                  00002720    00000132                   : gpio.obj (.text:GPIOPadConfigSet)
                  00002852    00000002     --HOLE-- [fill = 0]
                  00002854    00000118     heap_2.obj (.text)
                  0000296c    000000dc     port.obj (.text)
                  00002a48    000000d2     portasm.obj (.text)
                  00002b1a    00000002     --HOLE-- [fill = 0]
                  00002b1c    000000cc     buttons.obj (.text)
                  00002be8    0000009c     rtsv7M4_T_le_v4SPD16_eabi.lib : memcpy_t2.asm.obj (.text)
                  00002c84    0000008c     list.obj (.text)
                  00002d10    0000007a     rtsv7M4_T_le_v4SPD16_eabi.lib : memset_t2.asm.obj (.text)
                  00002d8a    00000002     --HOLE-- [fill = 0]
                  00002d8c    00000068     driverlib.lib : interrupt.obj (.text:IntEnable)
                  00002df4    00000068     rtsv7M4_T_le_v4SPD16_eabi.lib : copy_decompress_lzss.c.obj (.text:decompress:lzss:__TI_decompress_lzss)
                  00002e5c    00000056     driverlib.lib : gpio.obj (.text:GPIOIntTypeSet)
                  00002eb2    00000002     --HOLE-- [fill = 0]
                  00002eb4    00000048                   : gpio.obj (.text:GPIOPinConfigure)
                  00002efc    00000048                   : sysctl.obj (.text:_SysCtlFrequencyGet)
                  00002f44    00000046                   : uart.obj (.text:UARTConfigSetExpClk)
                  00002f8a    00000002     --HOLE-- [fill = 0]
                  00002f8c    00000044                   : gpio.obj (.text:_GPIOIntNumberGet)
                  00002fd0    00000044     rtsv7M4_T_le_v4SPD16_eabi.lib : autoinit.c.obj (.text:__TI_auto_init_nobinit_nopinit:__TI_auto_init_nobinit_nopinit)
                  00003014    00000038     driverlib.lib : sysctl.obj (.text:SysCtlPeripheralReady)
                  0000304c    00000034                   : interrupt.obj (.text:IntRegister)
                  00003080    00000034                   : sysctl.obj (.text:SysCtlPeripheralEnable)
                  000030b4    00000034     rtsv7M4_T_le_v4SPD16_eabi.lib : boot_cortex_m.c.obj (.text:_c_int00_noargs:_c_int00_noargs)
                  000030e8    0000002a     driverlib.lib : gpio.obj (.text:GPIODirModeSet)
                  00003112    00000002     --HOLE-- [fill = 0]
                  00003114    00000020                   : uart.obj (.text:UARTDisable)
                  00003134    00000020                   : sysctl.obj (.text:_SysCtlMemTimingGet)
                  00003154    00000018                   : gpio.obj (.text:GPIOIntRegister)
                  0000316c    00000018                   : gpio.obj (.text:GPIOPinTypeGPIOOutput)
                  00003184    00000014                   : uart.obj (.text:UARTEnable)
                  00003198    00000012                   : gpio.obj (.text:GPIOPinTypeEthernetLED)
                  000031aa    00000012                   : gpio.obj (.text:GPIOPinTypeUART)
                  000031bc    0000000e                   : gpio.obj (.text:GPIOIntDisable)
                  000031ca    0000000e                   : gpio.obj (.text:GPIOIntStatus)
                  000031d8    0000000e     rtsv7M4_T_le_v4SPD16_eabi.lib : copy_decompress_none.c.obj (.text:decompress:none:__TI_decompress_none)
                  000031e6    0000000c     driverlib.lib : gpio.obj (.text:GPIOIntEnable)
                  000031f2    0000000c     rtsv7M4_T_le_v4SPD16_eabi.lib : copy_zero_init.c.obj (.text:decompress:ZI:__TI_zero_init)
                  000031fe    0000000c     tm4c129encpdt_startup_ccs.obj (.text)
                  0000320a    0000000a     driverlib.lib : uart.obj (.text:UARTCharPut)
                  00003214    00000006                   : gpio.obj (.text:GPIOIntClear)
                  0000321a    00000006                   : gpio.obj (.text:GPIOPinRead)
                  00003220    00000006                   : gpio.obj (.text:GPIOPinWrite)
                  00003226    00000004     rtsv7M4_T_le_v4SPD16_eabi.lib : pre_init.c.obj (.text:_system_pre_init)
                  0000322a    00000004                                   : exit.c.obj (.text:abort:abort)

.const     0    00003230    000004f0     
                  00003230    000001b0     driverlib.lib : sysctl.obj (.const:g_pppui32XTALtoVCO)
                  000033e0    000000d8                   : gpio.obj (.const:g_ppui32GPIOIntMapSnowflake)
                  000034b8    000000c0                   : gpio.obj (.const:g_ppui32GPIOIntMapBlizzard)
                  00003578    00000090                   : gpio.obj (.const:g_pui32GPIOBaseAddrs)
                  00003608    00000070                   : interrupt.obj (.const)
                  00003678    0000006c                   : sysctl.obj (.const:g_pui32Xtals)
                  000036e4    00000030                   : sysctl.obj (.const:g_sXTALtoMEMTIM)
                  00003714    00000008                   : sysctl.obj (.const)
                  0000371c    00000004     port.obj (.const)

.cinit     0    00003720    00000048     
                  00003720    00000013     (.cinit..data.load) [load image, compression = lzss]
                  00003733    00000001     --HOLE-- [fill = 0]
                  00003734    0000000c     (__TI_handler_table)
                  00003740    00000008     (.cinit..bss.load) [load image, compression = zero_init]
                  00003748    00000008     (.cinit..vtable.load) [load image, compression = zero_init]
                  00003750    00000018     (__TI_cinit_table)

.init_array 
*          0    00000000    00000000     UNINITIALIZED

.vtable    0    20000000    0000026c     UNINITIALIZED
                  20000000    0000026c     driverlib.lib : interrupt.obj (.vtable)

.bss       0    2000026c    0000c4a4     UNINITIALIZED
                  2000026c    0000c350     heap_2.obj (.bss:ucHeap)
                  2000c5bc    00000064     tasks.obj (.bss:pxReadyTasksLists)
                  2000c620    00000040     (.common:xQueueRegistry)
                  2000c660    00000014     timers.obj (.bss:xActiveTimerList1)
                  2000c674    00000014     timers.obj (.bss:xActiveTimerList2)
                  2000c688    00000014     tasks.obj (.bss:xDelayedTaskList1)
                  2000c69c    00000014     tasks.obj (.bss:xDelayedTaskList2)
                  2000c6b0    00000014     tasks.obj (.bss:xPendingReadyList)
                  2000c6c4    00000014     tasks.obj (.bss:xSuspendedTaskList)
                  2000c6d8    00000014     tasks.obj (.bss:xTasksWaitingTermination)
                  2000c6ec    00000008     tasks.obj (.bss)
                  2000c6f4    00000008     timers.obj (.bss)
                  2000c6fc    00000008     heap_2.obj (.bss:xEnd)
                  2000c704    00000008     heap_2.obj (.bss:xStart)
                  2000c70c    00000004     (.common:xSemUART)

.data      0    2000c910    0000005f     UNINITIALIZED
                  2000c910    00000030     tasks.obj (.data)
                  2000c940    00000018     FreeRtos_Example.obj (.data)
                  2000c958    00000008     heap_2.obj (.data)
                  2000c960    00000008     timers.obj (.data)
                  2000c968    00000004     port.obj (.data)
                  2000c96c    00000003     buttons.obj (.data)

.stack     0    2000c710    00000200     UNINITIALIZED
                  2000c710    00000004     rtsv7M4_T_le_v4SPD16_eabi.lib : boot_cortex_m.c.obj (.stack)
                  2000c714    000001fc     --HOLE--

__llvm_prf_cnts 
*          0    20000000    00000000     UNINITIALIZED

MODULE SUMMARY

       Module                          code    ro data   rw data
       ------                          ----    -------   -------
    .\
       FreeRtos_Example.obj            1152    0         28     
       tm4c129encpdt_startup_ccs.obj   12      520       0      
    +--+-------------------------------+-------+---------+---------+
       Total:                          1164    520       28     
                                                                
    .\FreeRTOS\
       tasks.obj                       4480    0         256    
       queue.obj                       1732    0         64     
       timers.obj                      908     0         56     
       list.obj                        140     0         0      
    +--+-------------------------------+-------+---------+---------+
       Total:                          7260    0         376    
                                                                
    .\FreeRTOS\portable\CCS\ARM_CM4F\
       port.obj                        220     4         4      
       portasm.obj                     210     0         0      
    +--+-------------------------------+-------+---------+---------+
       Total:                          430     4         4      
                                                                
    .\FreeRTOS\portable\MemMang\
       heap_2.obj                      280     0         50024  
    +--+-------------------------------+-------+---------+---------+
       Total:                          280     0         50024  
                                                                
    .\drivers\
       pinout.obj                      712     0         0      
       buttons.obj                     204     0         3      
    +--+-------------------------------+-------+---------+---------+
       Total:                          916     0         3      
                                                                
    C:/ti/tivaware_c_series_2_1_4_178/driverlib/ccs/Debug/driverlib.lib
       sysctl.obj                      724     596       0      
       gpio.obj                        716     552       0      
       interrupt.obj                   156     112       620    
       uart.obj                        132     0         0      
    +--+-------------------------------+-------+---------+---------+
       Total:                          1728    1260      620    
                                                                
    C:\ti\ccs1210\ccs\tools\compiler\ti-cgt-arm_20.2.7.LTS\lib\rtsv7M4_T_le_v4SPD16_eabi.lib
       memcpy_t2.asm.obj               156     0         0      
       memset_t2.asm.obj               122     0         0      
       copy_decompress_lzss.c.obj      104     0         0      
       autoinit.c.obj                  68      0         0      
       boot_cortex_m.c.obj             52      0         0      
       copy_decompress_none.c.obj      14      0         0      
       copy_zero_init.c.obj            12      0         0      
       exit.c.obj                      4       0         0      
       pre_init.c.obj                  4       0         0      
    +--+-------------------------------+-------+---------+---------+
       Total:                          536     0         0      
                                                                
       Stack:                          0       0         512    
       Linker Generated:               0       71        0      
    +--+-------------------------------+-------+---------+---------+
       Grand Total:                    12314   1855      51567  


LINKER GENERATED COPY TABLES

__TI_cinit_table @ 00003750 records: 3, size/record: 8, table size: 24
	.data: load addr=00003720, load size=00000013 bytes, run addr=2000c910, run size=0000005f bytes, compression=lzss
	.bss: load addr=00003740, load size=00000008 bytes, run addr=2000026c, run size=0000c4a4 bytes, compression=zero_init
	.vtable: load addr=00003748, load size=00000008 bytes, run addr=20000000, run size=0000026c bytes, compression=zero_init


LINKER GENERATED HANDLER TABLE

__TI_handler_table @ 00003734 records: 3, size/record: 4, table size: 12
	index: 0, handler: __TI_zero_init
	index: 1, handler: __TI_decompress_lzss
	index: 2, handler: __TI_decompress_none


GLOBAL SYMBOLS: SORTED ALPHABETICALLY BY Name 

address   name                             
-------   ----                             
00001d4f  ButtonIntHandler                 
00002b91  ButtonsInit                      
00002b1d  ButtonsPoll                      
0000322b  C$$EXIT                          
00001c03  ConfigureUART                    
000030e9  GPIODirModeSet                   
00003215  GPIOIntClear                     
000031bd  GPIOIntDisable                   
000031e7  GPIOIntEnable                    
00003155  GPIOIntRegister                  
000031cb  GPIOIntStatus                    
00002e5d  GPIOIntTypeSet                   
00002721  GPIOPadConfigSet                 
00002eb5  GPIOPinConfigure                 
0000321b  GPIOPinRead                      
00003199  GPIOPinTypeEthernetLED           
0000316d  GPIOPinTypeGPIOOutput            
000031ab  GPIOPinTypeUART                  
00003221  GPIOPinWrite                     
00002d8d  IntEnable                        
0000304d  IntRegister                      
00002499  LEDRead                          
00002435  LEDWrite                         
00002259  PinoutSet                        
000031ff  ResetISR                         
00002521  SysCtlClockFreqSet               
00003081  SysCtlPeripheralEnable           
00003015  SysCtlPeripheralReady            
0000320b  UARTCharPut                      
00002f45  UARTConfigSetExpClk              
00003115  UARTDisable                      
00003185  UARTEnable                       
00001a4d  UARTStringPut                    
2000c910  __STACK_END                      
00000200  __STACK_SIZE                     
2000c910  __STACK_TOP                      
00003750  __TI_CINIT_Base                  
00003768  __TI_CINIT_Limit                 
00003734  __TI_Handler_Table_Base          
00003740  __TI_Handler_Table_Limit         
00002fd1  __TI_auto_init_nobinit_nopinit   
00002df5  __TI_decompress_lzss             
000031d9  __TI_decompress_none             
ffffffff  __TI_pprof_out_hndl              
ffffffff  __TI_prof_data_size              
ffffffff  __TI_prof_data_start             
00000000  __TI_static_base__               
000031f3  __TI_zero_init                   
00002d11  __aeabi_memclr                   
00002d11  __aeabi_memclr4                  
00002d11  __aeabi_memclr8                  
00002be9  __aeabi_memcpy                   
00002be9  __aeabi_memcpy4                  
00002be9  __aeabi_memcpy8                  
00002d13  __aeabi_memset                   
00002d13  __aeabi_memset4                  
00002d13  __aeabi_memset8                  
ffffffff  __binit__                        
ffffffff  __c_args__                       
00001d4d  __error__                        
UNDEFED   __mpu_init                       
2000c710  __stack                          
20000000  __start___llvm_prf_cnts          
20000000  __stop___llvm_prf_cnts           
000030b5  _c_int00_noargs                  
UNDEFED   _system_post_cinit               
00003227  _system_pre_init                 
0000322b  abort                            
ffffffff  binit                            
20000000  g_pfnRAMVectors                  
00000000  g_pfnVectors                     
00001c41  main                             
00002be9  memcpy                           
00002d19  memset                           
00002231  pcTimerGetTimerName              
000028bd  pvPortMalloc                     
000012bf  pvTaskIncrementMutexHeldCount    
00001fe3  pvTimerGetTimerID                
2000c910  pxCurrentTCB                     
00002a03  pxPortInitialiseStack            
00001a3f  ucQueueGetQueueType              
0000371c  ulMaxSyscallInterruptPriority    
00002a59  ulPortGetIPSR                    
00001231  ulTaskNotifyTake                 
00002cf1  uxListRemove                     
00001a3b  uxQueueGetQueueNumber            
00001a29  uxQueueMessagesWaiting           
00001a25  uxQueueMessagesWaitingFromISR    
00001a11  uxQueueSpacesAvailable           
00001211  uxTaskGetNumberOfTasks           
0000118d  uxTaskGetSystemState             
000010e5  uxTaskGetTaskNumber              
000010c9  uxTaskPriorityGet                
000010a9  uxTaskPriorityGetFromISR         
00001095  uxTaskResetEventItemValue        
00001bb1  vLightLED1                       
00001b61  vLightLED2                       
00002cdb  vListInitialise                  
00002cd5  vListInitialiseItem              
00002c9d  vListInsert                      
00002c85  vListInsertEnd                   
00002b0d  vPortEnableVFP                   
00002a01  vPortEndScheduler                
000029e9  vPortEnterCritical               
000029d7  vPortExitCritical                
0000285d  vPortFree                        
0000285b  vPortInitialiseBlocks            
00002ad1  vPortSVCHandler                  
00002993  vPortSetupTimerInterrupt         
00002af1  vPortStartFirstTask              
000019f5  vQueueAddToRegistry              
000019e5  vQueueDelete                     
000019e1  vQueueSetQueueNumber             
000019c7  vQueueUnregisterQueue            
00001987  vQueueWaitForMessageRestricted   
00001b2b  vStartLED1                       
00001af5  vStartLED2                       
00001abb  vStartLED3                       
00001a81  vStartLED4                       
00001049  vTaskDelay                       
00000fcb  vTaskDelayUntil                  
00000f39  vTaskDelete                      
00000f21  vTaskEndScheduler                
00000f19  vTaskMissedYield                 
00000e99  vTaskNotifyGiveFromISR           
00000e35  vTaskPlaceOnEventList            
00000dd5  vTaskPlaceOnEventListRestricted  
00000d71  vTaskPlaceOnUnorderedEventList   
00000ced  vTaskPriorityInherit             
00000c1d  vTaskPrioritySet                 
00000bb1  vTaskResume                      
00000b95  vTaskSetTaskNumber               
000009f9  vTaskSetTimeOutState             
00000b47  vTaskStartScheduler              
00000ab5  vTaskSuspend                     
00000aa5  vTaskSuspendAll                  
00000a53  vTaskSwitchContext               
00001fcd  vTimerSetTimerID                 
2000c940  xHandleBlink1                    
2000c944  xHandleBlink2                    
2000c948  xHandleBlink3                    
2000c94c  xHandleBlink4                    
2000c950  xHandleButton1                   
2000c954  xHandleButton2                   
00002855  xPortGetFreeHeapSize             
00002a71  xPortPendSVHandler               
0000299f  xPortStartScheduler              
0000296d  xPortSysTickHandler              
00001973  xQueueCreateCountingSemaphore    
00001925  xQueueCreateMutex                
000018e9  xQueueGenericCreate              
0000142b  xQueueGenericReceive             
0000186b  xQueueGenericReset               
000016a3  xQueueGenericSend                
0000180f  xQueueGenericSendFromISR         
000017b9  xQueueGiveFromISR                
0000178d  xQueueGiveMutexRecursive         
00001609  xQueueIsQueueEmptyFromISR        
000015fb  xQueueIsQueueFullFromISR         
000015c9  xQueuePeekFromISR                
0000156d  xQueueReceiveFromISR             
2000c620  xQueueRegistry                   
0000153d  xQueueTakeMutexRecursive         
2000c70c  xSemUART                         
00000a07  xTaskCheckForTimeOut             
0000090d  xTaskGenericCreate               
00000791  xTaskGenericNotify               
000006e1  xTaskGenericNotifyFromISR        
000006d5  xTaskGetCurrentTaskHandle        
000006bd  xTaskGetSchedulerState           
000006b1  xTaskGetTickCount                
000006ab  xTaskGetTickCountFromISR         
000002ad  xTaskIncrementTick               
00000681  xTaskNotifyStateClear            
000005c5  xTaskNotifyWait                  
000004f9  xTaskPriorityDisinherit          
00000495  xTaskRemoveFromEventList         
00000445  xTaskRemoveFromUnorderedEventList
00000389  xTaskResumeAll                   
00000223  xTaskResumeFromISR               
00001f93  xTimerCreate                     
00001f61  xTimerCreateTimerTask            
00001ee5  xTimerGenericCommand             
00001ecd  xTimerIsTimerActive              


GLOBAL SYMBOLS: SORTED BY Symbol Address 

address   name                             
-------   ----                             
00000000  __TI_static_base__               
00000000  g_pfnVectors                     
00000200  __STACK_SIZE                     
00000223  xTaskResumeFromISR               
000002ad  xTaskIncrementTick               
00000389  xTaskResumeAll                   
00000445  xTaskRemoveFromUnorderedEventList
00000495  xTaskRemoveFromEventList         
000004f9  xTaskPriorityDisinherit          
000005c5  xTaskNotifyWait                  
00000681  xTaskNotifyStateClear            
000006ab  xTaskGetTickCountFromISR         
000006b1  xTaskGetTickCount                
000006bd  xTaskGetSchedulerState           
000006d5  xTaskGetCurrentTaskHandle        
000006e1  xTaskGenericNotifyFromISR        
00000791  xTaskGenericNotify               
0000090d  xTaskGenericCreate               
000009f9  vTaskSetTimeOutState             
00000a07  xTaskCheckForTimeOut             
00000a53  vTaskSwitchContext               
00000aa5  vTaskSuspendAll                  
00000ab5  vTaskSuspend                     
00000b47  vTaskStartScheduler              
00000b95  vTaskSetTaskNumber               
00000bb1  vTaskResume                      
00000c1d  vTaskPrioritySet                 
00000ced  vTaskPriorityInherit             
00000d71  vTaskPlaceOnUnorderedEventList   
00000dd5  vTaskPlaceOnEventListRestricted  
00000e35  vTaskPlaceOnEventList            
00000e99  vTaskNotifyGiveFromISR           
00000f19  vTaskMissedYield                 
00000f21  vTaskEndScheduler                
00000f39  vTaskDelete                      
00000fcb  vTaskDelayUntil                  
00001049  vTaskDelay                       
00001095  uxTaskResetEventItemValue        
000010a9  uxTaskPriorityGetFromISR         
000010c9  uxTaskPriorityGet                
000010e5  uxTaskGetTaskNumber              
0000118d  uxTaskGetSystemState             
00001211  uxTaskGetNumberOfTasks           
00001231  ulTaskNotifyTake                 
000012bf  pvTaskIncrementMutexHeldCount    
0000142b  xQueueGenericReceive             
0000153d  xQueueTakeMutexRecursive         
0000156d  xQueueReceiveFromISR             
000015c9  xQueuePeekFromISR                
000015fb  xQueueIsQueueFullFromISR         
00001609  xQueueIsQueueEmptyFromISR        
000016a3  xQueueGenericSend                
0000178d  xQueueGiveMutexRecursive         
000017b9  xQueueGiveFromISR                
0000180f  xQueueGenericSendFromISR         
0000186b  xQueueGenericReset               
000018e9  xQueueGenericCreate              
00001925  xQueueCreateMutex                
00001973  xQueueCreateCountingSemaphore    
00001987  vQueueWaitForMessageRestricted   
000019c7  vQueueUnregisterQueue            
000019e1  vQueueSetQueueNumber             
000019e5  vQueueDelete                     
000019f5  vQueueAddToRegistry              
00001a11  uxQueueSpacesAvailable           
00001a25  uxQueueMessagesWaitingFromISR    
00001a29  uxQueueMessagesWaiting           
00001a3b  uxQueueGetQueueNumber            
00001a3f  ucQueueGetQueueType              
00001a4d  UARTStringPut                    
00001a81  vStartLED4                       
00001abb  vStartLED3                       
00001af5  vStartLED2                       
00001b2b  vStartLED1                       
00001b61  vLightLED2                       
00001bb1  vLightLED1                       
00001c03  ConfigureUART                    
00001c41  main                             
00001d4d  __error__                        
00001d4f  ButtonIntHandler                 
00001ecd  xTimerIsTimerActive              
00001ee5  xTimerGenericCommand             
00001f61  xTimerCreateTimerTask            
00001f93  xTimerCreate                     
00001fcd  vTimerSetTimerID                 
00001fe3  pvTimerGetTimerID                
00002231  pcTimerGetTimerName              
00002259  PinoutSet                        
00002435  LEDWrite                         
00002499  LEDRead                          
00002521  SysCtlClockFreqSet               
00002721  GPIOPadConfigSet                 
00002855  xPortGetFreeHeapSize             
0000285b  vPortInitialiseBlocks            
0000285d  vPortFree                        
000028bd  pvPortMalloc                     
0000296d  xPortSysTickHandler              
00002993  vPortSetupTimerInterrupt         
0000299f  xPortStartScheduler              
000029d7  vPortExitCritical                
000029e9  vPortEnterCritical               
00002a01  vPortEndScheduler                
00002a03  pxPortInitialiseStack            
00002a59  ulPortGetIPSR                    
00002a71  xPortPendSVHandler               
00002ad1  vPortSVCHandler                  
00002af1  vPortStartFirstTask              
00002b0d  vPortEnableVFP                   
00002b1d  ButtonsPoll                      
00002b91  ButtonsInit                      
00002be9  __aeabi_memcpy                   
00002be9  __aeabi_memcpy4                  
00002be9  __aeabi_memcpy8                  
00002be9  memcpy                           
00002c85  vListInsertEnd                   
00002c9d  vListInsert                      
00002cd5  vListInitialiseItem              
00002cdb  vListInitialise                  
00002cf1  uxListRemove                     
00002d11  __aeabi_memclr                   
00002d11  __aeabi_memclr4                  
00002d11  __aeabi_memclr8                  
00002d13  __aeabi_memset                   
00002d13  __aeabi_memset4                  
00002d13  __aeabi_memset8                  
00002d19  memset                           
00002d8d  IntEnable                        
00002df5  __TI_decompress_lzss             
00002e5d  GPIOIntTypeSet                   
00002eb5  GPIOPinConfigure                 
00002f45  UARTConfigSetExpClk              
00002fd1  __TI_auto_init_nobinit_nopinit   
00003015  SysCtlPeripheralReady            
0000304d  IntRegister                      
00003081  SysCtlPeripheralEnable           
000030b5  _c_int00_noargs                  
000030e9  GPIODirModeSet                   
00003115  UARTDisable                      
00003155  GPIOIntRegister                  
0000316d  GPIOPinTypeGPIOOutput            
00003185  UARTEnable                       
00003199  GPIOPinTypeEthernetLED           
000031ab  GPIOPinTypeUART                  
000031bd  GPIOIntDisable                   
000031cb  GPIOIntStatus                    
000031d9  __TI_decompress_none             
000031e7  GPIOIntEnable                    
000031f3  __TI_zero_init                   
000031ff  ResetISR                         
0000320b  UARTCharPut                      
00003215  GPIOIntClear                     
0000321b  GPIOPinRead                      
00003221  GPIOPinWrite                     
00003227  _system_pre_init                 
0000322b  C$$EXIT                          
0000322b  abort                            
0000371c  ulMaxSyscallInterruptPriority    
00003734  __TI_Handler_Table_Base          
00003740  __TI_Handler_Table_Limit         
00003750  __TI_CINIT_Base                  
00003768  __TI_CINIT_Limit                 
20000000  __start___llvm_prf_cnts          
20000000  __stop___llvm_prf_cnts           
20000000  g_pfnRAMVectors                  
2000c620  xQueueRegistry                   
2000c70c  xSemUART                         
2000c710  __stack                          
2000c910  __STACK_END                      
2000c910  __STACK_TOP                      
2000c910  pxCurrentTCB                     
2000c940  xHandleBlink1                    
2000c944  xHandleBlink2                    
2000c948  xHandleBlink3                    
2000c94c  xHandleBlink4                    
2000c950  xHandleButton1                   
2000c954  xHandleButton2                   
ffffffff  __TI_pprof_out_hndl              
ffffffff  __TI_prof_data_size              
ffffffff  __TI_prof_data_start             
ffffffff  __binit__                        
ffffffff  __c_args__                       
ffffffff  binit                            
UNDEFED   __mpu_init                       
UNDEFED   _system_post_cinit               

[184 symbols]
