<?xml version="1.0" encoding="ISO-8859-1" ?>
<link_info>
   <banner>TI ARM Linker PC v18.1.4.LTS</banner>
   <copyright>Copyright (c) 1996-2018 Texas Instruments Incorporated</copyright>
   <link_time>0x64c51630</link_time>
   <link_errors>0x0</link_errors>
   <output_file>LAB5A.out</output_file>
   <entry_point>
      <name>_c_int00_noargs</name>
      <address>0x3059</address>
   </entry_point>
   <input_file_list>
      <input_file id="fl-2">
         <path>.\</path>
         <kind>object</kind>
         <file>FreeRtos_Example.obj</file>
         <name>FreeRtos_Example.obj</name>
      </input_file>
      <input_file id="fl-3">
         <path>.\</path>
         <kind>object</kind>
         <file>USART.obj</file>
         <name>USART.obj</name>
      </input_file>
      <input_file id="fl-4">
         <path>.\</path>
         <kind>object</kind>
         <file>tm4c129encpdt_startup_ccs.obj</file>
         <name>tm4c129encpdt_startup_ccs.obj</name>
      </input_file>
      <input_file id="fl-5">
         <path>.\</path>
         <kind>object</kind>
         <file>uartstdio.obj</file>
         <name>uartstdio.obj</name>
      </input_file>
      <input_file id="fl-6">
         <path>.\FreeRTOS\</path>
         <kind>object</kind>
         <file>croutine.obj</file>
         <name>croutine.obj</name>
      </input_file>
      <input_file id="fl-7">
         <path>.\FreeRTOS\</path>
         <kind>object</kind>
         <file>event_groups.obj</file>
         <name>event_groups.obj</name>
      </input_file>
      <input_file id="fl-8">
         <path>.\FreeRTOS\</path>
         <kind>object</kind>
         <file>list.obj</file>
         <name>list.obj</name>
      </input_file>
      <input_file id="fl-9">
         <path>.\FreeRTOS\</path>
         <kind>object</kind>
         <file>queue.obj</file>
         <name>queue.obj</name>
      </input_file>
      <input_file id="fl-a">
         <path>.\FreeRTOS\</path>
         <kind>object</kind>
         <file>tasks.obj</file>
         <name>tasks.obj</name>
      </input_file>
      <input_file id="fl-b">
         <path>.\FreeRTOS\</path>
         <kind>object</kind>
         <file>timers.obj</file>
         <name>timers.obj</name>
      </input_file>
      <input_file id="fl-c">
         <path>.\FreeRTOS\portable\CCS\ARM_CM4F\</path>
         <kind>object</kind>
         <file>port.obj</file>
         <name>port.obj</name>
      </input_file>
      <input_file id="fl-d">
         <path>.\FreeRTOS\portable\CCS\ARM_CM4F\</path>
         <kind>object</kind>
         <file>portasm.obj</file>
         <name>portasm.obj</name>
      </input_file>
      <input_file id="fl-e">
         <path>.\FreeRTOS\portable\MemMang\</path>
         <kind>object</kind>
         <file>heap_2.obj</file>
         <name>heap_2.obj</name>
      </input_file>
      <input_file id="fl-f">
         <path>.\drivers\</path>
         <kind>object</kind>
         <file>buttons.obj</file>
         <name>buttons.obj</name>
      </input_file>
      <input_file id="fl-10">
         <path>.\drivers\</path>
         <kind>object</kind>
         <file>pinout.obj</file>
         <name>pinout.obj</name>
      </input_file>
      <input_file id="fl-15">
         <kind>object</kind>
         <file>&lt;internal&gt;</file>
         <name>&lt;internal&gt;</name>
      </input_file>
      <input_file id="fl-16">
         <path>C:\ti\tivaware_c_series_2_1_4_178\driverlib\ccs\Debug\</path>
         <kind>archive</kind>
         <file>driverlib.lib</file>
         <name>gpio.obj</name>
      </input_file>
      <input_file id="fl-17">
         <path>C:\ti\tivaware_c_series_2_1_4_178\driverlib\ccs\Debug\</path>
         <kind>archive</kind>
         <file>driverlib.lib</file>
         <name>interrupt.obj</name>
      </input_file>
      <input_file id="fl-18">
         <path>C:\ti\tivaware_c_series_2_1_4_178\driverlib\ccs\Debug\</path>
         <kind>archive</kind>
         <file>driverlib.lib</file>
         <name>sysctl.obj</name>
      </input_file>
      <input_file id="fl-19">
         <path>C:\ti\tivaware_c_series_2_1_4_178\driverlib\ccs\Debug\</path>
         <kind>archive</kind>
         <file>driverlib.lib</file>
         <name>uart.obj</name>
      </input_file>
      <input_file id="fl-1a">
         <path>C:\ti\tivaware_c_series_2_1_4_178\driverlib\ccs\Debug\</path>
         <kind>archive</kind>
         <file>driverlib.lib</file>
         <name>cpu.obj</name>
      </input_file>
      <input_file id="fl-d0">
         <path>C:\ti\ccsv8\tools\compiler\ti-cgt-arm_18.1.4.LTS\lib\</path>
         <kind>archive</kind>
         <file>rtsv7M4_T_le_v4SPD16_eabi.lib</file>
         <name>u_divt2.asm.obj</name>
      </input_file>
      <input_file id="fl-d1">
         <path>C:\ti\ccsv8\tools\compiler\ti-cgt-arm_18.1.4.LTS\lib\</path>
         <kind>archive</kind>
         <file>rtsv7M4_T_le_v4SPD16_eabi.lib</file>
         <name>memcpy_t2.asm.obj</name>
      </input_file>
      <input_file id="fl-d2">
         <path>C:\ti\ccsv8\tools\compiler\ti-cgt-arm_18.1.4.LTS\lib\</path>
         <kind>archive</kind>
         <file>rtsv7M4_T_le_v4SPD16_eabi.lib</file>
         <name>memset_t2.asm.obj</name>
      </input_file>
      <input_file id="fl-d3">
         <path>C:\ti\ccsv8\tools\compiler\ti-cgt-arm_18.1.4.LTS\lib\</path>
         <kind>archive</kind>
         <file>rtsv7M4_T_le_v4SPD16_eabi.lib</file>
         <name>copy_zero_init.c.obj</name>
      </input_file>
      <input_file id="fl-d4">
         <path>C:\ti\ccsv8\tools\compiler\ti-cgt-arm_18.1.4.LTS\lib\</path>
         <kind>archive</kind>
         <file>rtsv7M4_T_le_v4SPD16_eabi.lib</file>
         <name>copy_decompress_none.c.obj</name>
      </input_file>
      <input_file id="fl-d5">
         <path>C:\ti\ccsv8\tools\compiler\ti-cgt-arm_18.1.4.LTS\lib\</path>
         <kind>archive</kind>
         <file>rtsv7M4_T_le_v4SPD16_eabi.lib</file>
         <name>copy_decompress_lzss.c.obj</name>
      </input_file>
      <input_file id="fl-d6">
         <path>C:\ti\ccsv8\tools\compiler\ti-cgt-arm_18.1.4.LTS\lib\</path>
         <kind>archive</kind>
         <file>rtsv7M4_T_le_v4SPD16_eabi.lib</file>
         <name>boot_cortex_m.c.obj</name>
      </input_file>
      <input_file id="fl-d7">
         <path>C:\ti\ccsv8\tools\compiler\ti-cgt-arm_18.1.4.LTS\lib\</path>
         <kind>archive</kind>
         <file>rtsv7M4_T_le_v4SPD16_eabi.lib</file>
         <name>exit.c.obj</name>
      </input_file>
      <input_file id="fl-d8">
         <path>C:\ti\ccsv8\tools\compiler\ti-cgt-arm_18.1.4.LTS\lib\</path>
         <kind>archive</kind>
         <file>rtsv7M4_T_le_v4SPD16_eabi.lib</file>
         <name>_lock.c.obj</name>
      </input_file>
      <input_file id="fl-d9">
         <path>C:\ti\ccsv8\tools\compiler\ti-cgt-arm_18.1.4.LTS\lib\</path>
         <kind>archive</kind>
         <file>rtsv7M4_T_le_v4SPD16_eabi.lib</file>
         <name>args_main.c.obj</name>
      </input_file>
      <input_file id="fl-da">
         <path>C:\ti\ccsv8\tools\compiler\ti-cgt-arm_18.1.4.LTS\lib\</path>
         <kind>archive</kind>
         <file>rtsv7M4_T_le_v4SPD16_eabi.lib</file>
         <name>div0.asm.obj</name>
      </input_file>
      <input_file id="fl-db">
         <path>C:\ti\ccsv8\tools\compiler\ti-cgt-arm_18.1.4.LTS\lib\</path>
         <kind>archive</kind>
         <file>rtsv7M4_T_le_v4SPD16_eabi.lib</file>
         <name>autoinit.c.obj</name>
      </input_file>
      <input_file id="fl-dc">
         <path>C:\ti\ccsv8\tools\compiler\ti-cgt-arm_18.1.4.LTS\lib\</path>
         <kind>archive</kind>
         <file>rtsv7M4_T_le_v4SPD16_eabi.lib</file>
         <name>pre_init.c.obj</name>
      </input_file>
      <input_file id="fl-dd">
         <path>C:\ti\ccsv8\tools\compiler\ti-cgt-arm_18.1.4.LTS\lib\</path>
         <kind>archive</kind>
         <file>rtsv7M4_T_le_v4SPD16_eabi.lib</file>
         <name>cpy_tbl.c.obj</name>
      </input_file>
   </input_file_list>
   <object_component_list>
      <object_component id="oc-f">
         <name>.intvecs</name>
         <load_address>0x0</load_address>
         <run_address>0x0</run_address>
         <size>0x208</size>
         <input_file_ref idref="fl-4"/>
      </object_component>
      <object_component id="oc-7c">
         <name>.text</name>
         <load_address>0x208</load_address>
         <run_address>0x208</run_address>
         <size>0x1180</size>
         <input_file_ref idref="fl-a"/>
      </object_component>
      <object_component id="oc-128">
         <name>.text</name>
         <load_address>0x1388</load_address>
         <run_address>0x1388</run_address>
         <size>0x6c4</size>
         <input_file_ref idref="fl-9"/>
      </object_component>
      <object_component id="oc-bf">
         <name>.text</name>
         <load_address>0x1a4c</load_address>
         <run_address>0x1a4c</run_address>
         <size>0x480</size>
         <input_file_ref idref="fl-2"/>
      </object_component>
      <object_component id="oc-ee">
         <name>.text</name>
         <load_address>0x1ecc</load_address>
         <run_address>0x1ecc</run_address>
         <size>0x38c</size>
         <input_file_ref idref="fl-b"/>
      </object_component>
      <object_component id="oc-134">
         <name>.text</name>
         <load_address>0x2258</load_address>
         <run_address>0x2258</run_address>
         <size>0x2d4</size>
         <input_file_ref idref="fl-10"/>
      </object_component>
      <object_component id="oc-182">
         <name>.text:SysCtlClockFreqSet</name>
         <load_address>0x252c</load_address>
         <run_address>0x252c</run_address>
         <size>0x200</size>
         <input_file_ref idref="fl-18"/>
      </object_component>
      <object_component id="oc-22a">
         <name>.text:GPIOPadConfigSet</name>
         <load_address>0x272c</load_address>
         <run_address>0x272c</run_address>
         <size>0x132</size>
         <input_file_ref idref="fl-16"/>
      </object_component>
      <object_component id="oc-e8">
         <name>.text</name>
         <load_address>0x2860</load_address>
         <run_address>0x2860</run_address>
         <size>0x118</size>
         <input_file_ref idref="fl-e"/>
      </object_component>
      <object_component id="oc-2f">
         <name>.text</name>
         <load_address>0x2978</load_address>
         <run_address>0x2978</run_address>
         <size>0xdc</size>
         <input_file_ref idref="fl-c"/>
      </object_component>
      <object_component id="oc-2a">
         <name>.text</name>
         <load_address>0x2a54</load_address>
         <run_address>0x2a54</run_address>
         <size>0xd2</size>
         <input_file_ref idref="fl-d"/>
      </object_component>
      <object_component id="oc-13a">
         <name>.text</name>
         <load_address>0x2b28</load_address>
         <run_address>0x2b28</run_address>
         <size>0xcc</size>
         <input_file_ref idref="fl-f"/>
      </object_component>
      <object_component id="oc-43">
         <name>.text</name>
         <load_address>0x2bf4</load_address>
         <run_address>0x2bf4</run_address>
         <size>0x9c</size>
         <input_file_ref idref="fl-d1"/>
      </object_component>
      <object_component id="oc-d6">
         <name>.text</name>
         <load_address>0x2c90</load_address>
         <run_address>0x2c90</run_address>
         <size>0x8c</size>
         <input_file_ref idref="fl-8"/>
      </object_component>
      <object_component id="oc-b3">
         <name>.text</name>
         <load_address>0x2d1c</load_address>
         <run_address>0x2d1c</run_address>
         <size>0x7a</size>
         <input_file_ref idref="fl-d2"/>
      </object_component>
      <object_component id="oc-274">
         <name>.text:IntEnable</name>
         <load_address>0x2d98</load_address>
         <run_address>0x2d98</run_address>
         <size>0x68</size>
         <input_file_ref idref="fl-17"/>
      </object_component>
      <object_component id="oc-12">
         <name>.text:decompress:lzss:__TI_decompress_lzss</name>
         <load_address>0x2e00</load_address>
         <run_address>0x2e00</run_address>
         <size>0x68</size>
         <input_file_ref idref="fl-d5"/>
      </object_component>
      <object_component id="oc-176">
         <name>.text:GPIOIntTypeSet</name>
         <load_address>0x2e68</load_address>
         <run_address>0x2e68</run_address>
         <size>0x56</size>
         <input_file_ref idref="fl-16"/>
      </object_component>
      <object_component id="oc-14c">
         <name>.text:GPIOPinConfigure</name>
         <load_address>0x2ec0</load_address>
         <run_address>0x2ec0</run_address>
         <size>0x48</size>
         <input_file_ref idref="fl-16"/>
      </object_component>
      <object_component id="oc-283">
         <name>.text:_SysCtlFrequencyGet</name>
         <load_address>0x2f08</load_address>
         <run_address>0x2f08</run_address>
         <size>0x48</size>
         <input_file_ref idref="fl-18"/>
      </object_component>
      <object_component id="oc-152">
         <name>.text:UARTConfigSetExpClk</name>
         <load_address>0x2f50</load_address>
         <run_address>0x2f50</run_address>
         <size>0x46</size>
         <input_file_ref idref="fl-19"/>
      </object_component>
      <object_component id="oc-268">
         <name>.text:_GPIOIntNumberGet</name>
         <load_address>0x2f98</load_address>
         <run_address>0x2f98</run_address>
         <size>0x44</size>
         <input_file_ref idref="fl-16"/>
      </object_component>
      <object_component id="oc-19f">
         <name>.text:__TI_auto_init_nobinit_nopinit:__TI_auto_init_nobinit_nopinit</name>
         <load_address>0x2fdc</load_address>
         <run_address>0x2fdc</run_address>
         <size>0x44</size>
         <input_file_ref idref="fl-db"/>
      </object_component>
      <object_component id="oc-158">
         <name>.text:SysCtlPeripheralReady</name>
         <load_address>0x3020</load_address>
         <run_address>0x3020</run_address>
         <size>0x38</size>
         <input_file_ref idref="fl-18"/>
      </object_component>
      <object_component id="oc-61">
         <name>.text:_c_int00_noargs:_c_int00_noargs</name>
         <load_address>0x3058</load_address>
         <run_address>0x3058</run_address>
         <size>0x38</size>
         <input_file_ref idref="fl-d6"/>
      </object_component>
      <object_component id="oc-26e">
         <name>.text:IntRegister</name>
         <load_address>0x3090</load_address>
         <run_address>0x3090</run_address>
         <size>0x34</size>
         <input_file_ref idref="fl-17"/>
      </object_component>
      <object_component id="oc-140">
         <name>.text:SysCtlPeripheralEnable</name>
         <load_address>0x30c4</load_address>
         <run_address>0x30c4</run_address>
         <size>0x34</size>
         <input_file_ref idref="fl-18"/>
      </object_component>
      <object_component id="oc-24b">
         <name>.text:GPIODirModeSet</name>
         <load_address>0x30f8</load_address>
         <run_address>0x30f8</run_address>
         <size>0x2a</size>
         <input_file_ref idref="fl-16"/>
      </object_component>
      <object_component id="oc-257">
         <name>.text:UARTDisable</name>
         <load_address>0x3124</load_address>
         <run_address>0x3124</run_address>
         <size>0x20</size>
         <input_file_ref idref="fl-19"/>
      </object_component>
      <object_component id="oc-27d">
         <name>.text:_SysCtlMemTimingGet</name>
         <load_address>0x3144</load_address>
         <run_address>0x3144</run_address>
         <size>0x20</size>
         <input_file_ref idref="fl-18"/>
      </object_component>
      <object_component id="oc-170">
         <name>.text:GPIOIntRegister</name>
         <load_address>0x3164</load_address>
         <run_address>0x3164</run_address>
         <size>0x18</size>
         <input_file_ref idref="fl-16"/>
      </object_component>
      <object_component id="oc-15e">
         <name>.text:GPIOPinTypeGPIOOutput</name>
         <load_address>0x317c</load_address>
         <run_address>0x317c</run_address>
         <size>0x18</size>
         <input_file_ref idref="fl-16"/>
      </object_component>
      <object_component id="oc-25d">
         <name>.text:UARTEnable</name>
         <load_address>0x3194</load_address>
         <run_address>0x3194</run_address>
         <size>0x14</size>
         <input_file_ref idref="fl-19"/>
      </object_component>
      <object_component id="oc-230">
         <name>.text:GPIOPinTypeEthernetLED</name>
         <load_address>0x31a8</load_address>
         <run_address>0x31a8</run_address>
         <size>0x12</size>
         <input_file_ref idref="fl-16"/>
      </object_component>
      <object_component id="oc-146">
         <name>.text:GPIOPinTypeUART</name>
         <load_address>0x31ba</load_address>
         <run_address>0x31ba</run_address>
         <size>0x12</size>
         <input_file_ref idref="fl-16"/>
      </object_component>
      <object_component id="oc-164">
         <name>.text:GPIOIntDisable</name>
         <load_address>0x31cc</load_address>
         <run_address>0x31cc</run_address>
         <size>0xe</size>
         <input_file_ref idref="fl-16"/>
      </object_component>
      <object_component id="oc-189">
         <name>.text:GPIOIntStatus</name>
         <load_address>0x31da</load_address>
         <run_address>0x31da</run_address>
         <size>0xe</size>
         <input_file_ref idref="fl-16"/>
      </object_component>
      <object_component id="oc-18">
         <name>.text:decompress:none:__TI_decompress_none</name>
         <load_address>0x31e8</load_address>
         <run_address>0x31e8</run_address>
         <size>0xe</size>
         <input_file_ref idref="fl-d4"/>
      </object_component>
      <object_component id="oc-17c">
         <name>.text:GPIOIntEnable</name>
         <load_address>0x31f6</load_address>
         <run_address>0x31f6</run_address>
         <size>0xc</size>
         <input_file_ref idref="fl-16"/>
      </object_component>
      <object_component id="oc-55">
         <name>.text:decompress:ZI:__TI_zero_init</name>
         <load_address>0x3202</load_address>
         <run_address>0x3202</run_address>
         <size>0xc</size>
         <input_file_ref idref="fl-d3"/>
      </object_component>
      <object_component id="oc-24">
         <name>.text</name>
         <load_address>0x320e</load_address>
         <run_address>0x320e</run_address>
         <size>0xc</size>
         <input_file_ref idref="fl-4"/>
      </object_component>
      <object_component id="oc-12e">
         <name>.text:UARTCharPut</name>
         <load_address>0x321a</load_address>
         <run_address>0x321a</run_address>
         <size>0xa</size>
         <input_file_ref idref="fl-19"/>
      </object_component>
      <object_component id="oc-16a">
         <name>.text:GPIOIntClear</name>
         <load_address>0x3224</load_address>
         <run_address>0x3224</run_address>
         <size>0x6</size>
         <input_file_ref idref="fl-16"/>
      </object_component>
      <object_component id="oc-23c">
         <name>.text:GPIOPinRead</name>
         <load_address>0x322a</load_address>
         <run_address>0x322a</run_address>
         <size>0x6</size>
         <input_file_ref idref="fl-16"/>
      </object_component>
      <object_component id="oc-236">
         <name>.text:GPIOPinWrite</name>
         <load_address>0x3230</load_address>
         <run_address>0x3230</run_address>
         <size>0x6</size>
         <input_file_ref idref="fl-16"/>
      </object_component>
      <object_component id="oc-b9">
         <name>.text:_system_pre_init</name>
         <load_address>0x3236</load_address>
         <run_address>0x3236</run_address>
         <size>0x4</size>
         <input_file_ref idref="fl-dc"/>
      </object_component>
      <object_component id="oc-193">
         <name>.text:abort:abort</name>
         <load_address>0x323a</load_address>
         <run_address>0x323a</run_address>
         <size>0x4</size>
         <input_file_ref idref="fl-d7"/>
      </object_component>
      <object_component id="oc-28c">
         <name>.const:g_pppui32XTALtoVCO</name>
         <load_address>0x3240</load_address>
         <run_address>0x3240</run_address>
         <size>0x1b0</size>
         <input_file_ref idref="fl-18"/>
      </object_component>
      <object_component id="oc-2f6">
         <name>.const:g_ppui32GPIOIntMapSnowflake</name>
         <load_address>0x33f0</load_address>
         <run_address>0x33f0</run_address>
         <size>0xd8</size>
         <input_file_ref idref="fl-16"/>
      </object_component>
      <object_component id="oc-2f3">
         <name>.const:g_ppui32GPIOIntMapBlizzard</name>
         <load_address>0x34c8</load_address>
         <run_address>0x34c8</run_address>
         <size>0xc0</size>
         <input_file_ref idref="fl-16"/>
      </object_component>
      <object_component id="oc-252">
         <name>.const:g_pui32GPIOBaseAddrs</name>
         <load_address>0x3588</load_address>
         <run_address>0x3588</run_address>
         <size>0x90</size>
         <input_file_ref idref="fl-16"/>
      </object_component>
      <object_component id="oc-2ff">
         <name>.const</name>
         <load_address>0x3618</load_address>
         <run_address>0x3618</run_address>
         <size>0x70</size>
         <input_file_ref idref="fl-17"/>
      </object_component>
      <object_component id="oc-289">
         <name>.const:g_pui32Xtals</name>
         <load_address>0x3688</load_address>
         <run_address>0x3688</run_address>
         <size>0x6c</size>
         <input_file_ref idref="fl-18"/>
      </object_component>
      <object_component id="oc-303">
         <name>.const:g_sXTALtoMEMTIM</name>
         <load_address>0x36f4</load_address>
         <run_address>0x36f4</run_address>
         <size>0x30</size>
         <input_file_ref idref="fl-18"/>
      </object_component>
      <object_component id="oc-28f">
         <name>.const</name>
         <load_address>0x3724</load_address>
         <run_address>0x3724</run_address>
         <size>0x8</size>
         <input_file_ref idref="fl-18"/>
      </object_component>
      <object_component id="oc-79">
         <name>.const</name>
         <load_address>0x372c</load_address>
         <run_address>0x372c</run_address>
         <size>0x4</size>
         <input_file_ref idref="fl-c"/>
      </object_component>
      <object_component id="oc-380">
         <name>.cinit..data.load</name>
         <load_address>0x3730</load_address>
         <run_address>0x3730</run_address>
         <size>0x13</size>
      </object_component>
      <object_component id="oc-37d">
         <name>__TI_handler_table</name>
         <load_address>0x3744</load_address>
         <run_address>0x3744</run_address>
         <size>0xc</size>
      </object_component>
      <object_component id="oc-381">
         <name>.cinit..bss.load</name>
         <load_address>0x3750</load_address>
         <run_address>0x3750</run_address>
         <size>0x8</size>
      </object_component>
      <object_component id="oc-37f">
         <name>.cinit..vtable.load</name>
         <load_address>0x3758</load_address>
         <run_address>0x3758</run_address>
         <size>0x8</size>
      </object_component>
      <object_component id="oc-37e">
         <name>__TI_cinit_table</name>
         <load_address>0x3760</load_address>
         <run_address>0x3760</run_address>
         <size>0x18</size>
      </object_component>
      <object_component id="oc-2fa">
         <name>.vtable</name>
         <uninitialized>true</uninitialized>
         <run_address>0x20000000</run_address>
         <size>0x26c</size>
         <input_file_ref idref="fl-17"/>
      </object_component>
      <object_component id="oc-18f">
         <name>.data</name>
         <load_address>0x2000c940</load_address>
         <run_address>0x2000c940</run_address>
         <size>0x18</size>
         <input_file_ref idref="fl-2"/>
      </object_component>
      <object_component id="oc-76">
         <name>.data</name>
         <load_address>0x2000c910</load_address>
         <run_address>0x2000c910</run_address>
         <size>0x30</size>
         <input_file_ref idref="fl-a"/>
      </object_component>
      <object_component id="oc-1fa">
         <name>.data</name>
         <load_address>0x2000c960</load_address>
         <run_address>0x2000c960</run_address>
         <size>0x8</size>
         <input_file_ref idref="fl-b"/>
      </object_component>
      <object_component id="oc-83">
         <name>.data</name>
         <load_address>0x2000c968</load_address>
         <run_address>0x2000c968</run_address>
         <size>0x4</size>
         <input_file_ref idref="fl-c"/>
      </object_component>
      <object_component id="oc-1ec">
         <name>.data</name>
         <load_address>0x2000c958</load_address>
         <run_address>0x2000c958</run_address>
         <size>0x8</size>
         <input_file_ref idref="fl-e"/>
      </object_component>
      <object_component id="oc-244">
         <name>.data</name>
         <load_address>0x2000c96c</load_address>
         <run_address>0x2000c96c</run_address>
         <size>0x3</size>
         <input_file_ref idref="fl-f"/>
      </object_component>
      <object_component id="oc-e2">
         <name>.bss:pxReadyTasksLists</name>
         <uninitialized>true</uninitialized>
         <run_address>0x2000c5bc</run_address>
         <size>0x64</size>
         <input_file_ref idref="fl-a"/>
      </object_component>
      <object_component id="oc-f4">
         <name>.bss:xDelayedTaskList1</name>
         <uninitialized>true</uninitialized>
         <run_address>0x2000c688</run_address>
         <size>0x14</size>
         <input_file_ref idref="fl-a"/>
      </object_component>
      <object_component id="oc-f7">
         <name>.bss:xDelayedTaskList2</name>
         <uninitialized>true</uninitialized>
         <run_address>0x2000c69c</run_address>
         <size>0x14</size>
         <input_file_ref idref="fl-a"/>
      </object_component>
      <object_component id="oc-e5">
         <name>.bss</name>
         <uninitialized>true</uninitialized>
         <run_address>0x2000c6ec</run_address>
         <size>0x8</size>
         <input_file_ref idref="fl-a"/>
      </object_component>
      <object_component id="oc-df">
         <name>.bss:xPendingReadyList</name>
         <uninitialized>true</uninitialized>
         <run_address>0x2000c6b0</run_address>
         <size>0x14</size>
         <input_file_ref idref="fl-a"/>
      </object_component>
      <object_component id="oc-fa">
         <name>.bss:xTasksWaitingTermination</name>
         <uninitialized>true</uninitialized>
         <run_address>0x2000c6d8</run_address>
         <size>0x14</size>
         <input_file_ref idref="fl-a"/>
      </object_component>
      <object_component id="oc-dc">
         <name>.bss:xSuspendedTaskList</name>
         <uninitialized>true</uninitialized>
         <run_address>0x2000c6c4</run_address>
         <size>0x14</size>
         <input_file_ref idref="fl-a"/>
      </object_component>
      <object_component id="oc-1fd">
         <name>.bss:xActiveTimerList1</name>
         <uninitialized>true</uninitialized>
         <run_address>0x2000c660</run_address>
         <size>0x14</size>
         <input_file_ref idref="fl-b"/>
      </object_component>
      <object_component id="oc-200">
         <name>.bss:xActiveTimerList2</name>
         <uninitialized>true</uninitialized>
         <run_address>0x2000c674</run_address>
         <size>0x14</size>
         <input_file_ref idref="fl-b"/>
      </object_component>
      <object_component id="oc-203">
         <name>.bss</name>
         <uninitialized>true</uninitialized>
         <run_address>0x2000c6f4</run_address>
         <size>0x8</size>
         <input_file_ref idref="fl-b"/>
      </object_component>
      <object_component id="oc-1f2">
         <name>.bss:ucHeap</name>
         <uninitialized>true</uninitialized>
         <run_address>0x2000026c</run_address>
         <size>0xc350</size>
         <input_file_ref idref="fl-e"/>
      </object_component>
      <object_component id="oc-1ef">
         <name>.bss:xStart</name>
         <uninitialized>true</uninitialized>
         <run_address>0x2000c704</run_address>
         <size>0x8</size>
         <input_file_ref idref="fl-e"/>
      </object_component>
      <object_component id="oc-1f5">
         <name>.bss:xEnd</name>
         <uninitialized>true</uninitialized>
         <run_address>0x2000c6fc</run_address>
         <size>0x8</size>
         <input_file_ref idref="fl-e"/>
      </object_component>
      <object_component id="oc-188">
         <name>.common:xSemUART</name>
         <uninitialized>true</uninitialized>
         <run_address>0x2000c70c</run_address>
         <size>0x4</size>
      </object_component>
      <object_component id="oc-21f">
         <name>.common:xQueueRegistry</name>
         <uninitialized>true</uninitialized>
         <run_address>0x2000c620</run_address>
         <size>0x40</size>
      </object_component>
      <object_component id="oc-21">
         <name>.stack</name>
         <uninitialized>true</uninitialized>
         <run_address>0x2000c710</run_address>
         <size>0x4</size>
         <input_file_ref idref="fl-d6"/>
      </object_component>
      <object_component id="oc-382">
         <name>.stack</name>
         <uninitialized>true</uninitialized>
         <run_address>0x2000c710</run_address>
         <size>0x0</size>
      </object_component>
      <object_component id="oc-10c">
         <name>.debug_info</name>
         <load_address>0x0</load_address>
         <run_address>0x0</run_address>
         <size>0xa20</size>
         <input_file_ref idref="fl-2"/>
      </object_component>
      <object_component id="oc-190">
         <name>.debug_info</name>
         <load_address>0xa20</load_address>
         <run_address>0xa20</run_address>
         <size>0x1b6</size>
         <input_file_ref idref="fl-2"/>
      </object_component>
      <object_component id="oc-c0">
         <name>.debug_info</name>
         <load_address>0xbd6</load_address>
         <run_address>0xbd6</run_address>
         <size>0xd96</size>
         <input_file_ref idref="fl-2"/>
      </object_component>
      <object_component id="oc-fe">
         <name>.debug_info</name>
         <load_address>0x196c</load_address>
         <run_address>0x196c</run_address>
         <size>0x2ef</size>
         <input_file_ref idref="fl-2"/>
      </object_component>
      <object_component id="oc-99">
         <name>.debug_info</name>
         <load_address>0x1c5b</load_address>
         <run_address>0x1c5b</run_address>
         <size>0x26b</size>
         <input_file_ref idref="fl-2"/>
      </object_component>
      <object_component id="oc-10e">
         <name>.debug_info</name>
         <load_address>0x1ec6</load_address>
         <run_address>0x1ec6</run_address>
         <size>0x8b</size>
         <input_file_ref idref="fl-2"/>
      </object_component>
      <object_component id="oc-21a">
         <name>.debug_info</name>
         <load_address>0x1f51</load_address>
         <run_address>0x1f51</run_address>
         <size>0x46</size>
         <input_file_ref idref="fl-2"/>
      </object_component>
      <object_component id="oc-215">
         <name>.debug_info</name>
         <load_address>0x1f97</load_address>
         <run_address>0x1f97</run_address>
         <size>0x2c</size>
         <input_file_ref idref="fl-2"/>
      </object_component>
      <object_component id="oc-88">
         <name>.debug_info</name>
         <load_address>0x1fc3</load_address>
         <run_address>0x1fc3</run_address>
         <size>0x2c</size>
         <input_file_ref idref="fl-2"/>
      </object_component>
      <object_component id="oc-113">
         <name>.debug_info</name>
         <load_address>0x1fef</load_address>
         <run_address>0x1fef</run_address>
         <size>0x297</size>
         <input_file_ref idref="fl-2"/>
      </object_component>
      <object_component id="oc-94">
         <name>.debug_info</name>
         <load_address>0x2286</load_address>
         <run_address>0x2286</run_address>
         <size>0xbb</size>
         <input_file_ref idref="fl-2"/>
      </object_component>
      <object_component id="oc-8d">
         <name>.debug_info</name>
         <load_address>0x2341</load_address>
         <run_address>0x2341</run_address>
         <size>0x53</size>
         <input_file_ref idref="fl-2"/>
      </object_component>
      <object_component id="oc-107">
         <name>.debug_info</name>
         <load_address>0x2394</load_address>
         <run_address>0x2394</run_address>
         <size>0x14c</size>
         <input_file_ref idref="fl-2"/>
      </object_component>
      <object_component id="oc-37">
         <name>.debug_info</name>
         <load_address>0x24e0</load_address>
         <run_address>0x24e0</run_address>
         <size>0x33b</size>
         <input_file_ref idref="fl-4"/>
      </object_component>
      <object_component id="oc-10">
         <name>.debug_info</name>
         <load_address>0x281b</load_address>
         <run_address>0x281b</run_address>
         <size>0xe2</size>
         <input_file_ref idref="fl-4"/>
      </object_component>
      <object_component id="oc-25">
         <name>.debug_info</name>
         <load_address>0x28fd</load_address>
         <run_address>0x28fd</run_address>
         <size>0x261</size>
         <input_file_ref idref="fl-4"/>
      </object_component>
      <object_component id="oc-3e">
         <name>.debug_info</name>
         <load_address>0x2b5e</load_address>
         <run_address>0x2b5e</run_address>
         <size>0x84</size>
         <input_file_ref idref="fl-4"/>
      </object_component>
      <object_component id="oc-2b6">
         <name>.debug_info</name>
         <load_address>0x2be2</load_address>
         <run_address>0x2be2</run_address>
         <size>0x5e8</size>
         <input_file_ref idref="fl-7"/>
      </object_component>
      <object_component id="oc-1d3">
         <name>.debug_info</name>
         <load_address>0x31ca</load_address>
         <run_address>0x31ca</run_address>
         <size>0x110</size>
         <input_file_ref idref="fl-7"/>
      </object_component>
      <object_component id="oc-331">
         <name>.debug_info</name>
         <load_address>0x32da</load_address>
         <run_address>0x32da</run_address>
         <size>0x39</size>
         <input_file_ref idref="fl-7"/>
      </object_component>
      <object_component id="oc-1dd">
         <name>.debug_info</name>
         <load_address>0x3313</load_address>
         <run_address>0x3313</run_address>
         <size>0x46</size>
         <input_file_ref idref="fl-7"/>
      </object_component>
      <object_component id="oc-336">
         <name>.debug_info</name>
         <load_address>0x3359</load_address>
         <run_address>0x3359</run_address>
         <size>0x76</size>
         <input_file_ref idref="fl-7"/>
      </object_component>
      <object_component id="oc-1e3">
         <name>.debug_info</name>
         <load_address>0x33cf</load_address>
         <run_address>0x33cf</run_address>
         <size>0x2f2</size>
         <input_file_ref idref="fl-8"/>
      </object_component>
      <object_component id="oc-da">
         <name>.debug_info</name>
         <load_address>0x36c1</load_address>
         <run_address>0x36c1</run_address>
         <size>0x6b8</size>
         <input_file_ref idref="fl-8"/>
      </object_component>
      <object_component id="oc-220">
         <name>.debug_info</name>
         <load_address>0x3d79</load_address>
         <run_address>0x3d79</run_address>
         <size>0x7de</size>
         <input_file_ref idref="fl-9"/>
      </object_component>
      <object_component id="oc-12a">
         <name>.debug_info</name>
         <load_address>0x4557</load_address>
         <run_address>0x4557</run_address>
         <size>0x31b5</size>
         <input_file_ref idref="fl-9"/>
      </object_component>
      <object_component id="oc-2d4">
         <name>.debug_info</name>
         <load_address>0x770c</load_address>
         <run_address>0x770c</run_address>
         <size>0x1cd</size>
         <input_file_ref idref="fl-9"/>
      </object_component>
      <object_component id="oc-d3">
         <name>.debug_info</name>
         <load_address>0x78d9</load_address>
         <run_address>0x78d9</run_address>
         <size>0x742</size>
         <input_file_ref idref="fl-a"/>
      </object_component>
      <object_component id="oc-77">
         <name>.debug_info</name>
         <load_address>0x801b</load_address>
         <run_address>0x801b</run_address>
         <size>0x316</size>
         <input_file_ref idref="fl-a"/>
      </object_component>
      <object_component id="oc-e3">
         <name>.debug_info</name>
         <load_address>0x8331</load_address>
         <run_address>0x8331</run_address>
         <size>0x112</size>
         <input_file_ref idref="fl-a"/>
      </object_component>
      <object_component id="oc-f5">
         <name>.debug_info</name>
         <load_address>0x8443</load_address>
         <run_address>0x8443</run_address>
         <size>0x112</size>
         <input_file_ref idref="fl-a"/>
      </object_component>
      <object_component id="oc-f8">
         <name>.debug_info</name>
         <load_address>0x8555</load_address>
         <run_address>0x8555</run_address>
         <size>0x112</size>
         <input_file_ref idref="fl-a"/>
      </object_component>
      <object_component id="oc-e6">
         <name>.debug_info</name>
         <load_address>0x8667</load_address>
         <run_address>0x8667</run_address>
         <size>0x154</size>
         <input_file_ref idref="fl-a"/>
      </object_component>
      <object_component id="oc-e0">
         <name>.debug_info</name>
         <load_address>0x87bb</load_address>
         <run_address>0x87bb</run_address>
         <size>0x112</size>
         <input_file_ref idref="fl-a"/>
      </object_component>
      <object_component id="oc-fb">
         <name>.debug_info</name>
         <load_address>0x88cd</load_address>
         <run_address>0x88cd</run_address>
         <size>0x120</size>
         <input_file_ref idref="fl-a"/>
      </object_component>
      <object_component id="oc-dd">
         <name>.debug_info</name>
         <load_address>0x89ed</load_address>
         <run_address>0x89ed</run_address>
         <size>0x114</size>
         <input_file_ref idref="fl-a"/>
      </object_component>
      <object_component id="oc-7e">
         <name>.debug_info</name>
         <load_address>0x8b01</load_address>
         <run_address>0x8b01</run_address>
         <size>0x551d</size>
         <input_file_ref idref="fl-a"/>
      </object_component>
      <object_component id="oc-1d8">
         <name>.debug_info</name>
         <load_address>0xe01e</load_address>
         <run_address>0xe01e</run_address>
         <size>0x169</size>
         <input_file_ref idref="fl-a"/>
      </object_component>
      <object_component id="oc-207">
         <name>.debug_info</name>
         <load_address>0xe187</load_address>
         <run_address>0xe187</run_address>
         <size>0x7ff</size>
         <input_file_ref idref="fl-b"/>
      </object_component>
      <object_component id="oc-1fe">
         <name>.debug_info</name>
         <load_address>0xe986</load_address>
         <run_address>0xe986</run_address>
         <size>0x113</size>
         <input_file_ref idref="fl-b"/>
      </object_component>
      <object_component id="oc-201">
         <name>.debug_info</name>
         <load_address>0xea99</load_address>
         <run_address>0xea99</run_address>
         <size>0x113</size>
         <input_file_ref idref="fl-b"/>
      </object_component>
      <object_component id="oc-204">
         <name>.debug_info</name>
         <load_address>0xebac</load_address>
         <run_address>0xebac</run_address>
         <size>0x14b</size>
         <input_file_ref idref="fl-b"/>
      </object_component>
      <object_component id="oc-1fb">
         <name>.debug_info</name>
         <load_address>0xecf7</load_address>
         <run_address>0xecf7</run_address>
         <size>0x107</size>
         <input_file_ref idref="fl-b"/>
      </object_component>
      <object_component id="oc-ef">
         <name>.debug_info</name>
         <load_address>0xedfe</load_address>
         <run_address>0xedfe</run_address>
         <size>0x1c02</size>
         <input_file_ref idref="fl-b"/>
      </object_component>
      <object_component id="oc-208">
         <name>.debug_info</name>
         <load_address>0x10a00</load_address>
         <run_address>0x10a00</run_address>
         <size>0x1ce</size>
         <input_file_ref idref="fl-b"/>
      </object_component>
      <object_component id="oc-87">
         <name>.debug_info</name>
         <load_address>0x10bce</load_address>
         <run_address>0x10bce</run_address>
         <size>0x3d2</size>
         <input_file_ref idref="fl-c"/>
      </object_component>
      <object_component id="oc-7a">
         <name>.debug_info</name>
         <load_address>0x10fa0</load_address>
         <run_address>0x10fa0</run_address>
         <size>0x140</size>
         <input_file_ref idref="fl-c"/>
      </object_component>
      <object_component id="oc-84">
         <name>.debug_info</name>
         <load_address>0x110e0</load_address>
         <run_address>0x110e0</run_address>
         <size>0x127</size>
         <input_file_ref idref="fl-c"/>
      </object_component>
      <object_component id="oc-31">
         <name>.debug_info</name>
         <load_address>0x11207</load_address>
         <run_address>0x11207</run_address>
         <size>0x9f7</size>
         <input_file_ref idref="fl-c"/>
      </object_component>
      <object_component id="oc-2d">
         <name>.debug_info</name>
         <load_address>0x11bfe</load_address>
         <run_address>0x11bfe</run_address>
         <size>0x278</size>
         <input_file_ref idref="fl-d"/>
      </object_component>
      <object_component id="oc-1f9">
         <name>.debug_info</name>
         <load_address>0x11e76</load_address>
         <run_address>0x11e76</run_address>
         <size>0x39b</size>
         <input_file_ref idref="fl-e"/>
      </object_component>
      <object_component id="oc-1f3">
         <name>.debug_info</name>
         <load_address>0x12211</load_address>
         <run_address>0x12211</run_address>
         <size>0x10e</size>
         <input_file_ref idref="fl-e"/>
      </object_component>
      <object_component id="oc-1f0">
         <name>.debug_info</name>
         <load_address>0x1231f</load_address>
         <run_address>0x1231f</run_address>
         <size>0x10e</size>
         <input_file_ref idref="fl-e"/>
      </object_component>
      <object_component id="oc-1f6">
         <name>.debug_info</name>
         <load_address>0x1242d</load_address>
         <run_address>0x1242d</run_address>
         <size>0x10a</size>
         <input_file_ref idref="fl-e"/>
      </object_component>
      <object_component id="oc-1ed">
         <name>.debug_info</name>
         <load_address>0x12537</load_address>
         <run_address>0x12537</run_address>
         <size>0x128</size>
         <input_file_ref idref="fl-e"/>
      </object_component>
      <object_component id="oc-e9">
         <name>.debug_info</name>
         <load_address>0x1265f</load_address>
         <run_address>0x1265f</run_address>
         <size>0x7aa</size>
         <input_file_ref idref="fl-e"/>
      </object_component>
      <object_component id="oc-2bd">
         <name>.debug_info</name>
         <load_address>0x12e09</load_address>
         <run_address>0x12e09</run_address>
         <size>0x62</size>
         <input_file_ref idref="fl-e"/>
      </object_component>
      <object_component id="oc-248">
         <name>.debug_info</name>
         <load_address>0x12e6b</load_address>
         <run_address>0x12e6b</run_address>
         <size>0x2e4</size>
         <input_file_ref idref="fl-f"/>
      </object_component>
      <object_component id="oc-245">
         <name>.debug_info</name>
         <load_address>0x1314f</load_address>
         <run_address>0x1314f</run_address>
         <size>0x11e</size>
         <input_file_ref idref="fl-f"/>
      </object_component>
      <object_component id="oc-13b">
         <name>.debug_info</name>
         <load_address>0x1326d</load_address>
         <run_address>0x1326d</run_address>
         <size>0x3e3</size>
         <input_file_ref idref="fl-f"/>
      </object_component>
      <object_component id="oc-243">
         <name>.debug_info</name>
         <load_address>0x13650</load_address>
         <run_address>0x13650</run_address>
         <size>0x395</size>
         <input_file_ref idref="fl-10"/>
      </object_component>
      <object_component id="oc-135">
         <name>.debug_info</name>
         <load_address>0x139e5</load_address>
         <run_address>0x139e5</run_address>
         <size>0x65d</size>
         <input_file_ref idref="fl-10"/>
      </object_component>
      <object_component id="oc-256">
         <name>.debug_info</name>
         <load_address>0x14042</load_address>
         <run_address>0x14042</run_address>
         <size>0x240</size>
         <input_file_ref idref="fl-16"/>
      </object_component>
      <object_component id="oc-2f4">
         <name>.debug_info</name>
         <load_address>0x14282</load_address>
         <run_address>0x14282</run_address>
         <size>0x167</size>
         <input_file_ref idref="fl-16"/>
      </object_component>
      <object_component id="oc-2f7">
         <name>.debug_info</name>
         <load_address>0x143e9</load_address>
         <run_address>0x143e9</run_address>
         <size>0x169</size>
         <input_file_ref idref="fl-16"/>
      </object_component>
      <object_component id="oc-253">
         <name>.debug_info</name>
         <load_address>0x14552</load_address>
         <run_address>0x14552</run_address>
         <size>0x15b</size>
         <input_file_ref idref="fl-16"/>
      </object_component>
      <object_component id="oc-237">
         <name>.debug_info</name>
         <load_address>0x146ad</load_address>
         <run_address>0x146ad</run_address>
         <size>0x2a3</size>
         <input_file_ref idref="fl-16"/>
      </object_component>
      <object_component id="oc-24c">
         <name>.debug_info</name>
         <load_address>0x14950</load_address>
         <run_address>0x14950</run_address>
         <size>0x2b3</size>
         <input_file_ref idref="fl-16"/>
      </object_component>
      <object_component id="oc-22b">
         <name>.debug_info</name>
         <load_address>0x14c03</load_address>
         <run_address>0x14c03</run_address>
         <size>0x316</size>
         <input_file_ref idref="fl-16"/>
      </object_component>
      <object_component id="oc-147">
         <name>.debug_info</name>
         <load_address>0x14f19</load_address>
         <run_address>0x14f19</run_address>
         <size>0x27b</size>
         <input_file_ref idref="fl-16"/>
      </object_component>
      <object_component id="oc-15f">
         <name>.debug_info</name>
         <load_address>0x15194</load_address>
         <run_address>0x15194</run_address>
         <size>0x2b7</size>
         <input_file_ref idref="fl-16"/>
      </object_component>
      <object_component id="oc-231">
         <name>.debug_info</name>
         <load_address>0x1544b</load_address>
         <run_address>0x1544b</run_address>
         <size>0x289</size>
         <input_file_ref idref="fl-16"/>
      </object_component>
      <object_component id="oc-23d">
         <name>.debug_info</name>
         <load_address>0x156d4</load_address>
         <run_address>0x156d4</run_address>
         <size>0x27b</size>
         <input_file_ref idref="fl-16"/>
      </object_component>
      <object_component id="oc-14d">
         <name>.debug_info</name>
         <load_address>0x1594f</load_address>
         <run_address>0x1594f</run_address>
         <size>0x280</size>
         <input_file_ref idref="fl-16"/>
      </object_component>
      <object_component id="oc-269">
         <name>.debug_info</name>
         <load_address>0x15bcf</load_address>
         <run_address>0x15bcf</run_address>
         <size>0x298</size>
         <input_file_ref idref="fl-16"/>
      </object_component>
      <object_component id="oc-177">
         <name>.debug_info</name>
         <load_address>0x15e67</load_address>
         <run_address>0x15e67</run_address>
         <size>0x2bb</size>
         <input_file_ref idref="fl-16"/>
      </object_component>
      <object_component id="oc-18a">
         <name>.debug_info</name>
         <load_address>0x16122</load_address>
         <run_address>0x16122</run_address>
         <size>0x27f</size>
         <input_file_ref idref="fl-16"/>
      </object_component>
      <object_component id="oc-171">
         <name>.debug_info</name>
         <load_address>0x163a1</load_address>
         <run_address>0x163a1</run_address>
         <size>0x2cf</size>
         <input_file_ref idref="fl-16"/>
      </object_component>
      <object_component id="oc-17d">
         <name>.debug_info</name>
         <load_address>0x16670</load_address>
         <run_address>0x16670</run_address>
         <size>0x28f</size>
         <input_file_ref idref="fl-16"/>
      </object_component>
      <object_component id="oc-165">
         <name>.debug_info</name>
         <load_address>0x168ff</load_address>
         <run_address>0x168ff</run_address>
         <size>0x291</size>
         <input_file_ref idref="fl-16"/>
      </object_component>
      <object_component id="oc-16b">
         <name>.debug_info</name>
         <load_address>0x16b90</load_address>
         <run_address>0x16b90</run_address>
         <size>0x28d</size>
         <input_file_ref idref="fl-16"/>
      </object_component>
      <object_component id="oc-224">
         <name>.debug_info</name>
         <load_address>0x16e1d</load_address>
         <run_address>0x16e1d</run_address>
         <size>0x18b</size>
         <input_file_ref idref="fl-16"/>
      </object_component>
      <object_component id="oc-2fe">
         <name>.debug_info</name>
         <load_address>0x16fa8</load_address>
         <run_address>0x16fa8</run_address>
         <size>0x20e</size>
         <input_file_ref idref="fl-17"/>
      </object_component>
      <object_component id="oc-300">
         <name>.debug_info</name>
         <load_address>0x171b6</load_address>
         <run_address>0x171b6</run_address>
         <size>0x210</size>
         <input_file_ref idref="fl-17"/>
      </object_component>
      <object_component id="oc-2fb">
         <name>.debug_info</name>
         <load_address>0x173c6</load_address>
         <run_address>0x173c6</run_address>
         <size>0x157</size>
         <input_file_ref idref="fl-17"/>
      </object_component>
      <object_component id="oc-26f">
         <name>.debug_info</name>
         <load_address>0x1751d</load_address>
         <run_address>0x1751d</run_address>
         <size>0x2c1</size>
         <input_file_ref idref="fl-17"/>
      </object_component>
      <object_component id="oc-276">
         <name>.debug_info</name>
         <load_address>0x177de</load_address>
         <run_address>0x177de</run_address>
         <size>0x268</size>
         <input_file_ref idref="fl-17"/>
      </object_component>
      <object_component id="oc-24a">
         <name>.debug_info</name>
         <load_address>0x17a46</load_address>
         <run_address>0x17a46</run_address>
         <size>0x298</size>
         <input_file_ref idref="fl-18"/>
      </object_component>
      <object_component id="oc-28a">
         <name>.debug_info</name>
         <load_address>0x17cde</load_address>
         <run_address>0x17cde</run_address>
         <size>0x14d</size>
         <input_file_ref idref="fl-18"/>
      </object_component>
      <object_component id="oc-28d">
         <name>.debug_info</name>
         <load_address>0x17e2b</load_address>
         <run_address>0x17e2b</run_address>
         <size>0x159</size>
         <input_file_ref idref="fl-18"/>
      </object_component>
      <object_component id="oc-304">
         <name>.debug_info</name>
         <load_address>0x17f84</load_address>
         <run_address>0x17f84</run_address>
         <size>0x153</size>
         <input_file_ref idref="fl-18"/>
      </object_component>
      <object_component id="oc-290">
         <name>.debug_info</name>
         <load_address>0x180d7</load_address>
         <run_address>0x180d7</run_address>
         <size>0x160</size>
         <input_file_ref idref="fl-18"/>
      </object_component>
      <object_component id="oc-15b">
         <name>.debug_info</name>
         <load_address>0x18237</load_address>
         <run_address>0x18237</run_address>
         <size>0x27f</size>
         <input_file_ref idref="fl-18"/>
      </object_component>
      <object_component id="oc-144">
         <name>.debug_info</name>
         <load_address>0x184b6</load_address>
         <run_address>0x184b6</run_address>
         <size>0x27d</size>
         <input_file_ref idref="fl-18"/>
      </object_component>
      <object_component id="oc-280">
         <name>.debug_info</name>
         <load_address>0x18733</load_address>
         <run_address>0x18733</run_address>
         <size>0x270</size>
         <input_file_ref idref="fl-18"/>
      </object_component>
      <object_component id="oc-286">
         <name>.debug_info</name>
         <load_address>0x189a3</load_address>
         <run_address>0x189a3</run_address>
         <size>0x2ba</size>
         <input_file_ref idref="fl-18"/>
      </object_component>
      <object_component id="oc-185">
         <name>.debug_info</name>
         <load_address>0x18c5d</load_address>
         <run_address>0x18c5d</run_address>
         <size>0x49a</size>
         <input_file_ref idref="fl-18"/>
      </object_component>
      <object_component id="oc-2e7">
         <name>.debug_info</name>
         <load_address>0x190f7</load_address>
         <run_address>0x190f7</run_address>
         <size>0x5f</size>
         <input_file_ref idref="fl-18"/>
      </object_component>
      <object_component id="oc-229">
         <name>.debug_info</name>
         <load_address>0x19156</load_address>
         <run_address>0x19156</run_address>
         <size>0x227</size>
         <input_file_ref idref="fl-19"/>
      </object_component>
      <object_component id="oc-260">
         <name>.debug_info</name>
         <load_address>0x1937d</load_address>
         <run_address>0x1937d</run_address>
         <size>0x247</size>
         <input_file_ref idref="fl-19"/>
      </object_component>
      <object_component id="oc-25a">
         <name>.debug_info</name>
         <load_address>0x195c4</load_address>
         <run_address>0x195c4</run_address>
         <size>0x249</size>
         <input_file_ref idref="fl-19"/>
      </object_component>
      <object_component id="oc-155">
         <name>.debug_info</name>
         <load_address>0x1980d</load_address>
         <run_address>0x1980d</run_address>
         <size>0x326</size>
         <input_file_ref idref="fl-19"/>
      </object_component>
      <object_component id="oc-131">
         <name>.debug_info</name>
         <load_address>0x19b33</load_address>
         <run_address>0x19b33</run_address>
         <size>0x273</size>
         <input_file_ref idref="fl-19"/>
      </object_component>
      <object_component id="oc-45">
         <name>.debug_info</name>
         <load_address>0x19da6</load_address>
         <run_address>0x19da6</run_address>
         <size>0x11c</size>
         <input_file_ref idref="fl-d1"/>
      </object_component>
      <object_component id="oc-b4">
         <name>.debug_info</name>
         <load_address>0x19ec2</load_address>
         <run_address>0x19ec2</run_address>
         <size>0x14a</size>
         <input_file_ref idref="fl-d2"/>
      </object_component>
      <object_component id="oc-b2">
         <name>.debug_info</name>
         <load_address>0x1a00c</load_address>
         <run_address>0x1a00c</run_address>
         <size>0x31e</size>
         <input_file_ref idref="fl-d3"/>
      </object_component>
      <object_component id="oc-56">
         <name>.debug_info</name>
         <load_address>0x1a32a</load_address>
         <run_address>0x1a32a</run_address>
         <size>0x1b5</size>
         <input_file_ref idref="fl-d3"/>
      </object_component>
      <object_component id="oc-ad">
         <name>.debug_info</name>
         <load_address>0x1a4df</load_address>
         <run_address>0x1a4df</run_address>
         <size>0x46</size>
         <input_file_ref idref="fl-d3"/>
      </object_component>
      <object_component id="oc-11f">
         <name>.debug_info</name>
         <load_address>0x1a525</load_address>
         <run_address>0x1a525</run_address>
         <size>0x2c</size>
         <input_file_ref idref="fl-d3"/>
      </object_component>
      <object_component id="oc-4e">
         <name>.debug_info</name>
         <load_address>0x1a551</load_address>
         <run_address>0x1a551</run_address>
         <size>0x2a8</size>
         <input_file_ref idref="fl-d4"/>
      </object_component>
      <object_component id="oc-1c">
         <name>.debug_info</name>
         <load_address>0x1a7f9</load_address>
         <run_address>0x1a7f9</run_address>
         <size>0x1ea</size>
         <input_file_ref idref="fl-d4"/>
      </object_component>
      <object_component id="oc-49">
         <name>.debug_info</name>
         <load_address>0x1a9e3</load_address>
         <run_address>0x1a9e3</run_address>
         <size>0x46</size>
         <input_file_ref idref="fl-d4"/>
      </object_component>
      <object_component id="oc-a5">
         <name>.debug_info</name>
         <load_address>0x1aa29</load_address>
         <run_address>0x1aa29</run_address>
         <size>0x2c</size>
         <input_file_ref idref="fl-d4"/>
      </object_component>
      <object_component id="oc-a3">
         <name>.debug_info</name>
         <load_address>0x1aa55</load_address>
         <run_address>0x1aa55</run_address>
         <size>0x29e</size>
         <input_file_ref idref="fl-d5"/>
      </object_component>
      <object_component id="oc-13">
         <name>.debug_info</name>
         <load_address>0x1acf3</load_address>
         <run_address>0x1acf3</run_address>
         <size>0x250</size>
         <input_file_ref idref="fl-d5"/>
      </object_component>
      <object_component id="oc-39">
         <name>.debug_info</name>
         <load_address>0x1af43</load_address>
         <run_address>0x1af43</run_address>
         <size>0x60</size>
         <input_file_ref idref="fl-d5"/>
      </object_component>
      <object_component id="oc-118">
         <name>.debug_info</name>
         <load_address>0x1afa3</load_address>
         <run_address>0x1afa3</run_address>
         <size>0x46</size>
         <input_file_ref idref="fl-d5"/>
      </object_component>
      <object_component id="oc-9e">
         <name>.debug_info</name>
         <load_address>0x1afe9</load_address>
         <run_address>0x1afe9</run_address>
         <size>0x39</size>
         <input_file_ref idref="fl-d5"/>
      </object_component>
      <object_component id="oc-22">
         <name>.debug_info</name>
         <load_address>0x1b022</load_address>
         <run_address>0x1b022</run_address>
         <size>0x10b</size>
         <input_file_ref idref="fl-d6"/>
      </object_component>
      <object_component id="oc-62">
         <name>.debug_info</name>
         <load_address>0x1b12d</load_address>
         <run_address>0x1b12d</run_address>
         <size>0x1af</size>
         <input_file_ref idref="fl-d6"/>
      </object_component>
      <object_component id="oc-197">
         <name>.debug_info</name>
         <load_address>0x1b2dc</load_address>
         <run_address>0x1b2dc</run_address>
         <size>0x122</size>
         <input_file_ref idref="fl-d7"/>
      </object_component>
      <object_component id="oc-2a1">
         <name>.debug_info</name>
         <load_address>0x1b3fe</load_address>
         <run_address>0x1b3fe</run_address>
         <size>0x552</size>
         <input_file_ref idref="fl-db"/>
      </object_component>
      <object_component id="oc-1a2">
         <name>.debug_info</name>
         <load_address>0x1b950</load_address>
         <run_address>0x1b950</run_address>
         <size>0x1a6</size>
         <input_file_ref idref="fl-db"/>
      </object_component>
      <object_component id="oc-31e">
         <name>.debug_info</name>
         <load_address>0x1baf6</load_address>
         <run_address>0x1baf6</run_address>
         <size>0x39</size>
         <input_file_ref idref="fl-db"/>
      </object_component>
      <object_component id="oc-34a">
         <name>.debug_info</name>
         <load_address>0x1bb2f</load_address>
         <run_address>0x1bb2f</run_address>
         <size>0x39</size>
         <input_file_ref idref="fl-db"/>
      </object_component>
      <object_component id="oc-323">
         <name>.debug_info</name>
         <load_address>0x1bb68</load_address>
         <run_address>0x1bb68</run_address>
         <size>0x39</size>
         <input_file_ref idref="fl-db"/>
      </object_component>
      <object_component id="oc-328">
         <name>.debug_info</name>
         <load_address>0x1bba1</load_address>
         <run_address>0x1bba1</run_address>
         <size>0xcd</size>
         <input_file_ref idref="fl-db"/>
      </object_component>
      <object_component id="oc-ba">
         <name>.debug_info</name>
         <load_address>0x1bc6e</load_address>
         <run_address>0x1bc6e</run_address>
         <size>0x153</size>
         <input_file_ref idref="fl-dc"/>
      </object_component>
      <object_component id="oc-383">
         <name>.debug_info</name>
         <load_address>0x1bdc1</load_address>
         <run_address>0x1bdc1</run_address>
         <size>0x97</size>
      </object_component>
      <object_component id="oc-214">
         <name>.debug_line</name>
         <load_address>0x0</load_address>
         <run_address>0x0</run_address>
         <size>0x227</size>
         <input_file_ref idref="fl-2"/>
      </object_component>
      <object_component id="oc-295">
         <name>.debug_line</name>
         <load_address>0x227</load_address>
         <run_address>0x227</run_address>
         <size>0x39</size>
         <input_file_ref idref="fl-2"/>
      </object_component>
      <object_component id="oc-c3">
         <name>.debug_line</name>
         <load_address>0x260</load_address>
         <run_address>0x260</run_address>
         <size>0x1f1</size>
         <input_file_ref idref="fl-2"/>
      </object_component>
      <object_component id="oc-101">
         <name>.debug_line</name>
         <load_address>0x451</load_address>
         <run_address>0x451</run_address>
         <size>0x70</size>
         <input_file_ref idref="fl-2"/>
      </object_component>
      <object_component id="oc-9c">
         <name>.debug_line</name>
         <load_address>0x4c1</load_address>
         <run_address>0x4c1</run_address>
         <size>0x69</size>
         <input_file_ref idref="fl-2"/>
      </object_component>
      <object_component id="oc-111">
         <name>.debug_line</name>
         <load_address>0x52a</load_address>
         <run_address>0x52a</run_address>
         <size>0x20</size>
         <input_file_ref idref="fl-2"/>
      </object_component>
      <object_component id="oc-21d">
         <name>.debug_line</name>
         <load_address>0x54a</load_address>
         <run_address>0x54a</run_address>
         <size>0x71</size>
         <input_file_ref idref="fl-2"/>
      </object_component>
      <object_component id="oc-218">
         <name>.debug_line</name>
         <load_address>0x5bb</load_address>
         <run_address>0x5bb</run_address>
         <size>0x72</size>
         <input_file_ref idref="fl-2"/>
      </object_component>
      <object_component id="oc-8b">
         <name>.debug_line</name>
         <load_address>0x62d</load_address>
         <run_address>0x62d</run_address>
         <size>0x74</size>
         <input_file_ref idref="fl-2"/>
      </object_component>
      <object_component id="oc-116">
         <name>.debug_line</name>
         <load_address>0x6a1</load_address>
         <run_address>0x6a1</run_address>
         <size>0x6d</size>
         <input_file_ref idref="fl-2"/>
      </object_component>
      <object_component id="oc-97">
         <name>.debug_line</name>
         <load_address>0x70e</load_address>
         <run_address>0x70e</run_address>
         <size>0x6a</size>
         <input_file_ref idref="fl-2"/>
      </object_component>
      <object_component id="oc-90">
         <name>.debug_line</name>
         <load_address>0x778</load_address>
         <run_address>0x778</run_address>
         <size>0x83</size>
         <input_file_ref idref="fl-2"/>
      </object_component>
      <object_component id="oc-10a">
         <name>.debug_line</name>
         <load_address>0x7fb</load_address>
         <run_address>0x7fb</run_address>
         <size>0x70</size>
         <input_file_ref idref="fl-2"/>
      </object_component>
      <object_component id="oc-93">
         <name>.debug_line</name>
         <load_address>0x86b</load_address>
         <run_address>0x86b</run_address>
         <size>0x42</size>
         <input_file_ref idref="fl-4"/>
      </object_component>
      <object_component id="oc-36">
         <name>.debug_line</name>
         <load_address>0x8ad</load_address>
         <run_address>0x8ad</run_address>
         <size>0x42</size>
         <input_file_ref idref="fl-4"/>
      </object_component>
      <object_component id="oc-28">
         <name>.debug_line</name>
         <load_address>0x8ef</load_address>
         <run_address>0x8ef</run_address>
         <size>0x9c</size>
         <input_file_ref idref="fl-4"/>
      </object_component>
      <object_component id="oc-41">
         <name>.debug_line</name>
         <load_address>0x98b</load_address>
         <run_address>0x98b</run_address>
         <size>0x20</size>
         <input_file_ref idref="fl-4"/>
      </object_component>
      <object_component id="oc-330">
         <name>.debug_line</name>
         <load_address>0x9ab</load_address>
         <run_address>0x9ab</run_address>
         <size>0x177</size>
         <input_file_ref idref="fl-7"/>
      </object_component>
      <object_component id="oc-1d6">
         <name>.debug_line</name>
         <load_address>0xb22</load_address>
         <run_address>0xb22</run_address>
         <size>0x65</size>
         <input_file_ref idref="fl-7"/>
      </object_component>
      <object_component id="oc-334">
         <name>.debug_line</name>
         <load_address>0xb87</load_address>
         <run_address>0xb87</run_address>
         <size>0x78</size>
         <input_file_ref idref="fl-7"/>
      </object_component>
      <object_component id="oc-1e0">
         <name>.debug_line</name>
         <load_address>0xbff</load_address>
         <run_address>0xbff</run_address>
         <size>0x72</size>
         <input_file_ref idref="fl-7"/>
      </object_component>
      <object_component id="oc-339">
         <name>.debug_line</name>
         <load_address>0xc71</load_address>
         <run_address>0xc71</run_address>
         <size>0x70</size>
         <input_file_ref idref="fl-7"/>
      </object_component>
      <object_component id="oc-2b8">
         <name>.debug_line</name>
         <load_address>0xce1</load_address>
         <run_address>0xce1</run_address>
         <size>0x20</size>
         <input_file_ref idref="fl-8"/>
      </object_component>
      <object_component id="oc-d9">
         <name>.debug_line</name>
         <load_address>0xd01</load_address>
         <run_address>0xd01</run_address>
         <size>0x11e</size>
         <input_file_ref idref="fl-8"/>
      </object_component>
      <object_component id="oc-2d3">
         <name>.debug_line</name>
         <load_address>0xe1f</load_address>
         <run_address>0xe1f</run_address>
         <size>0x1c0</size>
         <input_file_ref idref="fl-9"/>
      </object_component>
      <object_component id="oc-129">
         <name>.debug_line</name>
         <load_address>0xfdf</load_address>
         <run_address>0xfdf</run_address>
         <size>0x6d7</size>
         <input_file_ref idref="fl-9"/>
      </object_component>
      <object_component id="oc-2d7">
         <name>.debug_line</name>
         <load_address>0x16b6</load_address>
         <run_address>0x16b6</run_address>
         <size>0x69</size>
         <input_file_ref idref="fl-9"/>
      </object_component>
      <object_component id="oc-1d2">
         <name>.debug_line</name>
         <load_address>0x171f</load_address>
         <run_address>0x171f</run_address>
         <size>0x1be</size>
         <input_file_ref idref="fl-a"/>
      </object_component>
      <object_component id="oc-d2">
         <name>.debug_line</name>
         <load_address>0x18dd</load_address>
         <run_address>0x18dd</run_address>
         <size>0x69</size>
         <input_file_ref idref="fl-a"/>
      </object_component>
      <object_component id="oc-1e9">
         <name>.debug_line</name>
         <load_address>0x1946</load_address>
         <run_address>0x1946</run_address>
         <size>0x69</size>
         <input_file_ref idref="fl-a"/>
      </object_component>
      <object_component id="oc-20e">
         <name>.debug_line</name>
         <load_address>0x19af</load_address>
         <run_address>0x19af</run_address>
         <size>0x69</size>
         <input_file_ref idref="fl-a"/>
      </object_component>
      <object_component id="oc-210">
         <name>.debug_line</name>
         <load_address>0x1a18</load_address>
         <run_address>0x1a18</run_address>
         <size>0x69</size>
         <input_file_ref idref="fl-a"/>
      </object_component>
      <object_component id="oc-1eb">
         <name>.debug_line</name>
         <load_address>0x1a81</load_address>
         <run_address>0x1a81</run_address>
         <size>0x69</size>
         <input_file_ref idref="fl-a"/>
      </object_component>
      <object_component id="oc-1e7">
         <name>.debug_line</name>
         <load_address>0x1aea</load_address>
         <run_address>0x1aea</run_address>
         <size>0x69</size>
         <input_file_ref idref="fl-a"/>
      </object_component>
      <object_component id="oc-212">
         <name>.debug_line</name>
         <load_address>0x1b53</load_address>
         <run_address>0x1b53</run_address>
         <size>0x69</size>
         <input_file_ref idref="fl-a"/>
      </object_component>
      <object_component id="oc-1e5">
         <name>.debug_line</name>
         <load_address>0x1bbc</load_address>
         <run_address>0x1bbc</run_address>
         <size>0x69</size>
         <input_file_ref idref="fl-a"/>
      </object_component>
      <object_component id="oc-80">
         <name>.debug_line</name>
         <load_address>0x1c25</load_address>
         <run_address>0x1c25</run_address>
         <size>0xd9a</size>
         <input_file_ref idref="fl-a"/>
      </object_component>
      <object_component id="oc-1db">
         <name>.debug_line</name>
         <load_address>0x29bf</load_address>
         <run_address>0x29bf</run_address>
         <size>0x69</size>
         <input_file_ref idref="fl-a"/>
      </object_component>
      <object_component id="oc-2d1">
         <name>.debug_line</name>
         <load_address>0x2a28</load_address>
         <run_address>0x2a28</run_address>
         <size>0x1c8</size>
         <input_file_ref idref="fl-b"/>
      </object_component>
      <object_component id="oc-2cb">
         <name>.debug_line</name>
         <load_address>0x2bf0</load_address>
         <run_address>0x2bf0</run_address>
         <size>0x6a</size>
         <input_file_ref idref="fl-b"/>
      </object_component>
      <object_component id="oc-2cd">
         <name>.debug_line</name>
         <load_address>0x2c5a</load_address>
         <run_address>0x2c5a</run_address>
         <size>0x6a</size>
         <input_file_ref idref="fl-b"/>
      </object_component>
      <object_component id="oc-2cf">
         <name>.debug_line</name>
         <load_address>0x2cc4</load_address>
         <run_address>0x2cc4</run_address>
         <size>0x6a</size>
         <input_file_ref idref="fl-b"/>
      </object_component>
      <object_component id="oc-2c9">
         <name>.debug_line</name>
         <load_address>0x2d2e</load_address>
         <run_address>0x2d2e</run_address>
         <size>0x6a</size>
         <input_file_ref idref="fl-b"/>
      </object_component>
      <object_component id="oc-f2">
         <name>.debug_line</name>
         <load_address>0x2d98</load_address>
         <run_address>0x2d98</run_address>
         <size>0x39c</size>
         <input_file_ref idref="fl-b"/>
      </object_component>
      <object_component id="oc-20b">
         <name>.debug_line</name>
         <load_address>0x3134</load_address>
         <run_address>0x3134</run_address>
         <size>0x6a</size>
         <input_file_ref idref="fl-b"/>
      </object_component>
      <object_component id="oc-106">
         <name>.debug_line</name>
         <load_address>0x319e</load_address>
         <run_address>0x319e</run_address>
         <size>0xce</size>
         <input_file_ref idref="fl-c"/>
      </object_component>
      <object_component id="oc-d5">
         <name>.debug_line</name>
         <load_address>0x326c</load_address>
         <run_address>0x326c</run_address>
         <size>0x7e</size>
         <input_file_ref idref="fl-c"/>
      </object_component>
      <object_component id="oc-104">
         <name>.debug_line</name>
         <load_address>0x32ea</load_address>
         <run_address>0x32ea</run_address>
         <size>0x7e</size>
         <input_file_ref idref="fl-c"/>
      </object_component>
      <object_component id="oc-30">
         <name>.debug_line</name>
         <load_address>0x3368</load_address>
         <run_address>0x3368</run_address>
         <size>0x159</size>
         <input_file_ref idref="fl-c"/>
      </object_component>
      <object_component id="oc-2c">
         <name>.debug_line</name>
         <load_address>0x34c1</load_address>
         <run_address>0x34c1</run_address>
         <size>0x11a</size>
         <input_file_ref idref="fl-d"/>
      </object_component>
      <object_component id="oc-2c7">
         <name>.debug_line</name>
         <load_address>0x35db</load_address>
         <run_address>0x35db</run_address>
         <size>0x70</size>
         <input_file_ref idref="fl-e"/>
      </object_component>
      <object_component id="oc-2c3">
         <name>.debug_line</name>
         <load_address>0x364b</load_address>
         <run_address>0x364b</run_address>
         <size>0x7b</size>
         <input_file_ref idref="fl-e"/>
      </object_component>
      <object_component id="oc-2bc">
         <name>.debug_line</name>
         <load_address>0x36c6</load_address>
         <run_address>0x36c6</run_address>
         <size>0x7b</size>
         <input_file_ref idref="fl-e"/>
      </object_component>
      <object_component id="oc-2c5">
         <name>.debug_line</name>
         <load_address>0x3741</load_address>
         <run_address>0x3741</run_address>
         <size>0x7b</size>
         <input_file_ref idref="fl-e"/>
      </object_component>
      <object_component id="oc-2ba">
         <name>.debug_line</name>
         <load_address>0x37bc</load_address>
         <run_address>0x37bc</run_address>
         <size>0x7b</size>
         <input_file_ref idref="fl-e"/>
      </object_component>
      <object_component id="oc-ec">
         <name>.debug_line</name>
         <load_address>0x3837</load_address>
         <run_address>0x3837</run_address>
         <size>0x16a</size>
         <input_file_ref idref="fl-e"/>
      </object_component>
      <object_component id="oc-2c0">
         <name>.debug_line</name>
         <load_address>0x39a1</load_address>
         <run_address>0x39a1</run_address>
         <size>0x7b</size>
         <input_file_ref idref="fl-e"/>
      </object_component>
      <object_component id="oc-2e4">
         <name>.debug_line</name>
         <load_address>0x3a1c</load_address>
         <run_address>0x3a1c</run_address>
         <size>0x56</size>
         <input_file_ref idref="fl-f"/>
      </object_component>
      <object_component id="oc-2e2">
         <name>.debug_line</name>
         <load_address>0x3a72</load_address>
         <run_address>0x3a72</run_address>
         <size>0x75</size>
         <input_file_ref idref="fl-f"/>
      </object_component>
      <object_component id="oc-13f">
         <name>.debug_line</name>
         <load_address>0x3ae7</load_address>
         <run_address>0x3ae7</run_address>
         <size>0xd7</size>
         <input_file_ref idref="fl-f"/>
      </object_component>
      <object_component id="oc-2e0">
         <name>.debug_line</name>
         <load_address>0x3bbe</load_address>
         <run_address>0x3bbe</run_address>
         <size>0x56</size>
         <input_file_ref idref="fl-10"/>
      </object_component>
      <object_component id="oc-138">
[...]
      <symbol id="sm-1ad">
         <name>vQueueDelete</name>
         <value>0x19e3</value>
         <object_component_ref idref="oc-128"/>
      </symbol>
      <symbol id="sm-1ae">
         <name>ucQueueGetQueueType</name>
         <value>0x1a3d</value>
         <object_component_ref idref="oc-128"/>
      </symbol>
      <symbol id="sm-33a">
         <name>vTaskDelay</name>
         <value>0x1049</value>
         <object_component_ref idref="oc-7c"/>
      </symbol>
      <symbol id="sm-33b">
         <name>vTaskSuspendAll</name>
         <value>0xaa5</value>
         <object_component_ref idref="oc-7c"/>
      </symbol>
      <symbol id="sm-33c">
         <name>vTaskPriorityInherit</name>
         <value>0xced</value>
         <object_component_ref idref="oc-7c"/>
      </symbol>
      <symbol id="sm-33d">
         <name>vTaskPlaceOnEventList</name>
         <value>0xe35</value>
         <object_component_ref idref="oc-7c"/>
      </symbol>
      <symbol id="sm-33e">
         <name>vTaskSetTaskNumber</name>
         <value>0xb95</value>
         <object_component_ref idref="oc-7c"/>
      </symbol>
      <symbol id="sm-33f">
         <name>uxTaskPriorityGetFromISR</name>
         <value>0x10a9</value>
         <object_component_ref idref="oc-7c"/>
      </symbol>
      <symbol id="sm-340">
         <name>ulTaskNotifyTake</name>
         <value>0x1231</value>
         <object_component_ref idref="oc-7c"/>
      </symbol>
      <symbol id="sm-341">
         <name>xTaskCheckForTimeOut</name>
         <value>0xa07</value>
         <object_component_ref idref="oc-7c"/>
      </symbol>
      <symbol id="sm-342">
         <name>xTaskRemoveFromUnorderedEventList</name>
         <value>0x445</value>
         <object_component_ref idref="oc-7c"/>
      </symbol>
      <symbol id="sm-343">
         <name>vTaskPrioritySet</name>
         <value>0xc1d</value>
         <object_component_ref idref="oc-7c"/>
      </symbol>
      <symbol id="sm-344">
         <name>xTaskPriorityDisinherit</name>
         <value>0x4f9</value>
         <object_component_ref idref="oc-7c"/>
      </symbol>
      <symbol id="sm-345">
         <name>vTaskStartScheduler</name>
         <value>0xb47</value>
         <object_component_ref idref="oc-7c"/>
      </symbol>
      <symbol id="sm-346">
         <name>xTaskNotifyStateClear</name>
         <value>0x681</value>
         <object_component_ref idref="oc-7c"/>
      </symbol>
      <symbol id="sm-347">
         <name>pvTaskIncrementMutexHeldCount</name>
         <value>0x12bf</value>
         <object_component_ref idref="oc-7c"/>
      </symbol>
      <symbol id="sm-348">
         <name>xTaskGenericNotify</name>
         <value>0x791</value>
         <object_component_ref idref="oc-7c"/>
      </symbol>
      <symbol id="sm-349">
         <name>vTaskDelayUntil</name>
         <value>0xfcb</value>
         <object_component_ref idref="oc-7c"/>
      </symbol>
      <symbol id="sm-34a">
         <name>uxTaskGetTaskNumber</name>
         <value>0x10e5</value>
         <object_component_ref idref="oc-7c"/>
      </symbol>
      <symbol id="sm-34b">
         <name>vTaskEndScheduler</name>
         <value>0xf21</value>
         <object_component_ref idref="oc-7c"/>
      </symbol>
      <symbol id="sm-34c">
         <name>xTaskNotifyWait</name>
         <value>0x5c5</value>
         <object_component_ref idref="oc-7c"/>
      </symbol>
      <symbol id="sm-34d">
         <name>vTaskMissedYield</name>
         <value>0xf19</value>
         <object_component_ref idref="oc-7c"/>
      </symbol>
      <symbol id="sm-34e">
         <name>uxTaskGetNumberOfTasks</name>
         <value>0x1211</value>
         <object_component_ref idref="oc-7c"/>
      </symbol>
      <symbol id="sm-34f">
         <name>xTaskGenericNotifyFromISR</name>
         <value>0x6e1</value>
         <object_component_ref idref="oc-7c"/>
      </symbol>
      <symbol id="sm-350">
         <name>uxTaskPriorityGet</name>
         <value>0x10c9</value>
         <object_component_ref idref="oc-7c"/>
      </symbol>
      <symbol id="sm-351">
         <name>xTaskResumeAll</name>
         <value>0x389</value>
         <object_component_ref idref="oc-7c"/>
      </symbol>
      <symbol id="sm-352">
         <name>xTaskGetTickCount</name>
         <value>0x6b1</value>
         <object_component_ref idref="oc-7c"/>
      </symbol>
      <symbol id="sm-353">
         <name>xTaskGenericCreate</name>
         <value>0x90d</value>
         <object_component_ref idref="oc-7c"/>
      </symbol>
      <symbol id="sm-354">
         <name>uxTaskGetSystemState</name>
         <value>0x118d</value>
         <object_component_ref idref="oc-7c"/>
      </symbol>
      <symbol id="sm-355">
         <name>vTaskDelete</name>
         <value>0xf39</value>
         <object_component_ref idref="oc-7c"/>
      </symbol>
      <symbol id="sm-356">
         <name>pxCurrentTCB</name>
         <value>0x2000c910</value>
         <object_component_ref idref="oc-76"/>
      </symbol>
      <symbol id="sm-357">
         <name>vTaskNotifyGiveFromISR</name>
         <value>0xe99</value>
         <object_component_ref idref="oc-7c"/>
      </symbol>
      <symbol id="sm-358">
         <name>vTaskSuspend</name>
         <value>0xab5</value>
         <object_component_ref idref="oc-7c"/>
      </symbol>
      <symbol id="sm-359">
         <name>xTaskGetTickCountFromISR</name>
         <value>0x6ab</value>
         <object_component_ref idref="oc-7c"/>
      </symbol>
      <symbol id="sm-35a">
         <name>vTaskResume</name>
         <value>0xbb1</value>
         <object_component_ref idref="oc-7c"/>
      </symbol>
      <symbol id="sm-35b">
         <name>vTaskPlaceOnEventListRestricted</name>
         <value>0xdd5</value>
         <object_component_ref idref="oc-7c"/>
      </symbol>
      <symbol id="sm-35c">
         <name>vTaskSetTimeOutState</name>
         <value>0x9f9</value>
         <object_component_ref idref="oc-7c"/>
      </symbol>
      <symbol id="sm-35d">
         <name>xTaskIncrementTick</name>
         <value>0x2ad</value>
         <object_component_ref idref="oc-7c"/>
      </symbol>
      <symbol id="sm-35e">
         <name>vTaskSwitchContext</name>
         <value>0xa53</value>
         <object_component_ref idref="oc-7c"/>
      </symbol>
      <symbol id="sm-35f">
         <name>uxTaskResetEventItemValue</name>
         <value>0x1095</value>
         <object_component_ref idref="oc-7c"/>
      </symbol>
      <symbol id="sm-360">
         <name>xTaskGetSchedulerState</name>
         <value>0x6bd</value>
         <object_component_ref idref="oc-7c"/>
      </symbol>
      <symbol id="sm-361">
         <name>xTaskResumeFromISR</name>
         <value>0x223</value>
         <object_component_ref idref="oc-7c"/>
      </symbol>
      <symbol id="sm-362">
         <name>xTaskGetCurrentTaskHandle</name>
         <value>0x6d5</value>
         <object_component_ref idref="oc-7c"/>
      </symbol>
      <symbol id="sm-363">
         <name>vTaskPlaceOnUnorderedEventList</name>
         <value>0xd71</value>
         <object_component_ref idref="oc-7c"/>
      </symbol>
      <symbol id="sm-364">
         <name>xTaskRemoveFromEventList</name>
         <value>0x495</value>
         <object_component_ref idref="oc-7c"/>
      </symbol>
      <symbol id="sm-3d8">
         <name>xTimerCreateTimerTask</name>
         <value>0x1f61</value>
         <object_component_ref idref="oc-ee"/>
      </symbol>
      <symbol id="sm-3d9">
         <name>pcTimerGetTimerName</name>
         <value>0x2231</value>
         <object_component_ref idref="oc-ee"/>
      </symbol>
      <symbol id="sm-3da">
         <name>xTimerIsTimerActive</name>
         <value>0x1ecd</value>
         <object_component_ref idref="oc-ee"/>
      </symbol>
      <symbol id="sm-3db">
         <name>xTimerCreate</name>
         <value>0x1f93</value>
         <object_component_ref idref="oc-ee"/>
      </symbol>
      <symbol id="sm-3dc">
         <name>xTimerGenericCommand</name>
         <value>0x1ee5</value>
         <object_component_ref idref="oc-ee"/>
      </symbol>
      <symbol id="sm-3dd">
         <name>pvTimerGetTimerID</name>
         <value>0x1fe3</value>
         <object_component_ref idref="oc-ee"/>
      </symbol>
      <symbol id="sm-3de">
         <name>vTimerSetTimerID</name>
         <value>0x1fcd</value>
         <object_component_ref idref="oc-ee"/>
      </symbol>
      <symbol id="sm-408">
         <name>ulMaxSyscallInterruptPriority</name>
         <value>0x372c</value>
         <object_component_ref idref="oc-79"/>
      </symbol>
      <symbol id="sm-409">
         <name>vPortSetupTimerInterrupt</name>
         <value>0x299f</value>
         <object_component_ref idref="oc-2f"/>
      </symbol>
      <symbol id="sm-40a">
         <name>vPortEndScheduler</name>
         <value>0x2a0d</value>
         <object_component_ref idref="oc-2f"/>
      </symbol>
      <symbol id="sm-40b">
         <name>xPortSysTickHandler</name>
         <value>0x2979</value>
         <object_component_ref idref="oc-2f"/>
      </symbol>
      <symbol id="sm-40c">
         <name>pxPortInitialiseStack</name>
         <value>0x2a0f</value>
         <object_component_ref idref="oc-2f"/>
      </symbol>
      <symbol id="sm-40d">
         <name>vPortExitCritical</name>
         <value>0x29e3</value>
         <object_component_ref idref="oc-2f"/>
      </symbol>
      <symbol id="sm-40e">
         <name>xPortStartScheduler</name>
         <value>0x29ab</value>
         <object_component_ref idref="oc-2f"/>
      </symbol>
      <symbol id="sm-40f">
         <name>vPortEnterCritical</name>
         <value>0x29f5</value>
         <object_component_ref idref="oc-2f"/>
      </symbol>
      <symbol id="sm-41e">
         <name>vPortStartFirstTask</name>
         <value>0x2afd</value>
         <object_component_ref idref="oc-2a"/>
      </symbol>
      <symbol id="sm-41f">
         <name>ulPortGetIPSR</name>
         <value>0x2a65</value>
         <object_component_ref idref="oc-2a"/>
      </symbol>
      <symbol id="sm-420">
         <name>vPortEnableVFP</name>
         <value>0x2b19</value>
         <object_component_ref idref="oc-2a"/>
      </symbol>
      <symbol id="sm-421">
         <name>xPortPendSVHandler</name>
         <value>0x2a7d</value>
         <object_component_ref idref="oc-2a"/>
      </symbol>
      <symbol id="sm-422">
         <name>vPortSVCHandler</name>
         <value>0x2add</value>
         <object_component_ref idref="oc-2a"/>
      </symbol>
      <symbol id="sm-465">
         <name>vPortInitialiseBlocks</name>
         <value>0x2867</value>
         <object_component_ref idref="oc-e8"/>
      </symbol>
      <symbol id="sm-466">
         <name>xPortGetFreeHeapSize</name>
         <value>0x2861</value>
         <object_component_ref idref="oc-e8"/>
      </symbol>
      <symbol id="sm-467">
         <name>pvPortMalloc</name>
         <value>0x28c9</value>
         <object_component_ref idref="oc-e8"/>
      </symbol>
      <symbol id="sm-468">
         <name>vPortFree</name>
         <value>0x2869</value>
         <object_component_ref idref="oc-e8"/>
      </symbol>
      <symbol id="sm-48a">
         <name>ButtonsInit</name>
         <value>0x2b9d</value>
         <object_component_ref idref="oc-13a"/>
      </symbol>
      <symbol id="sm-48b">
         <name>ButtonsPoll</name>
         <value>0x2b29</value>
         <object_component_ref idref="oc-13a"/>
      </symbol>
      <symbol id="sm-4b3">
         <name>LEDWrite</name>
         <value>0x2441</value>
         <object_component_ref idref="oc-134"/>
      </symbol>
      <symbol id="sm-4b4">
         <name>LEDRead</name>
         <value>0x24a5</value>
         <object_component_ref idref="oc-134"/>
      </symbol>
      <symbol id="sm-4b5">
         <name>PinoutSet</name>
         <value>0x2259</value>
         <object_component_ref idref="oc-134"/>
      </symbol>
      <symbol id="sm-55b">
         <name>GPIOIntRegister</name>
         <value>0x3165</value>
         <object_component_ref idref="oc-170"/>
      </symbol>
      <symbol id="sm-55c">
         <name>GPIOPinConfigure</name>
         <value>0x2ec1</value>
         <object_component_ref idref="oc-14c"/>
      </symbol>
      <symbol id="sm-55d">
         <name>GPIOIntDisable</name>
         <value>0x31cd</value>
         <object_component_ref idref="oc-164"/>
      </symbol>
      <symbol id="sm-55e">
         <name>GPIOIntEnable</name>
         <value>0x31f7</value>
         <object_component_ref idref="oc-17c"/>
      </symbol>
      <symbol id="sm-55f">
         <name>GPIOIntTypeSet</name>
         <value>0x2e69</value>
         <object_component_ref idref="oc-176"/>
      </symbol>
      <symbol id="sm-560">
         <name>GPIOIntClear</name>
         <value>0x3225</value>
         <object_component_ref idref="oc-16a"/>
      </symbol>
      <symbol id="sm-561">
         <name>GPIOPinTypeUART</name>
         <value>0x31bb</value>
         <object_component_ref idref="oc-146"/>
      </symbol>
      <symbol id="sm-562">
         <name>GPIOIntStatus</name>
         <value>0x31db</value>
         <object_component_ref idref="oc-189"/>
      </symbol>
      <symbol id="sm-563">
         <name>GPIOPinTypeGPIOOutput</name>
         <value>0x317d</value>
         <object_component_ref idref="oc-15e"/>
      </symbol>
      <symbol id="sm-564">
         <name>GPIOPinRead</name>
         <value>0x322b</value>
         <object_component_ref idref="oc-23c"/>
      </symbol>
      <symbol id="sm-565">
         <name>GPIODirModeSet</name>
         <value>0x30f9</value>
         <object_component_ref idref="oc-24b"/>
      </symbol>
      <symbol id="sm-566">
         <name>GPIOPinWrite</name>
         <value>0x3231</value>
         <object_component_ref idref="oc-236"/>
      </symbol>
      <symbol id="sm-567">
         <name>GPIOPadConfigSet</name>
         <value>0x272d</value>
         <object_component_ref idref="oc-22a"/>
      </symbol>
      <symbol id="sm-568">
         <name>GPIOPinTypeEthernetLED</name>
         <value>0x31a9</value>
         <object_component_ref idref="oc-230"/>
      </symbol>
      <symbol id="sm-5a1">
         <name>IntEnable</name>
         <value>0x2d99</value>
         <object_component_ref idref="oc-274"/>
      </symbol>
      <symbol id="sm-5a2">
         <name>IntRegister</name>
         <value>0x3091</value>
         <object_component_ref idref="oc-26e"/>
      </symbol>
      <symbol id="sm-5a3">
         <name>g_pfnRAMVectors</name>
         <value>0x20000000</value>
         <object_component_ref idref="oc-2fa"/>
      </symbol>
      <symbol id="sm-61d">
         <name>SysCtlPeripheralEnable</name>
         <value>0x30c5</value>
         <object_component_ref idref="oc-140"/>
      </symbol>
      <symbol id="sm-61e">
         <name>SysCtlPeripheralReady</name>
         <value>0x3021</value>
         <object_component_ref idref="oc-158"/>
      </symbol>
      <symbol id="sm-61f">
         <name>SysCtlClockFreqSet</name>
         <value>0x252d</value>
         <object_component_ref idref="oc-182"/>
      </symbol>
      <symbol id="sm-649">
         <name>UARTConfigSetExpClk</name>
         <value>0x2f51</value>
         <object_component_ref idref="oc-152"/>
      </symbol>
      <symbol id="sm-64a">
         <name>UARTDisable</name>
         <value>0x3125</value>
         <object_component_ref idref="oc-257"/>
      </symbol>
      <symbol id="sm-64b">
         <name>UARTCharPut</name>
         <value>0x321b</value>
         <object_component_ref idref="oc-12e"/>
      </symbol>
      <symbol id="sm-64c">
         <name>UARTEnable</name>
         <value>0x3195</value>
         <object_component_ref idref="oc-25d"/>
      </symbol>
      <symbol id="sm-669">
         <name>memcpy</name>
         <value>0x2bf5</value>
         <object_component_ref idref="oc-43"/>
      </symbol>
      <symbol id="sm-66a">
         <name>__aeabi_memcpy</name>
         <value>0x2bf5</value>
         <object_component_ref idref="oc-43"/>
      </symbol>
      <symbol id="sm-66b">
         <name>__aeabi_memcpy8</name>
         <value>0x2bf5</value>
         <object_component_ref idref="oc-43"/>
      </symbol>
      <symbol id="sm-66c">
         <name>__aeabi_memcpy4</name>
         <value>0x2bf5</value>
         <object_component_ref idref="oc-43"/>
      </symbol>
      <symbol id="sm-67b">
         <name>__aeabi_memset</name>
         <value>0x2d1f</value>
         <object_component_ref idref="oc-b3"/>
      </symbol>
      <symbol id="sm-67c">
         <name>memset</name>
         <value>0x2d25</value>
         <object_component_ref idref="oc-b3"/>
      </symbol>
      <symbol id="sm-67d">
         <name>__aeabi_memset8</name>
         <value>0x2d1f</value>
         <object_component_ref idref="oc-b3"/>
      </symbol>
      <symbol id="sm-67e">
         <name>__aeabi_memset4</name>
         <value>0x2d1f</value>
         <object_component_ref idref="oc-b3"/>
      </symbol>
      <symbol id="sm-67f">
         <name>__aeabi_memclr8</name>
         <value>0x2d1d</value>
         <object_component_ref idref="oc-b3"/>
      </symbol>
      <symbol id="sm-680">
         <name>__aeabi_memclr4</name>
         <value>0x2d1d</value>
         <object_component_ref idref="oc-b3"/>
      </symbol>
      <symbol id="sm-681">
         <name>__aeabi_memclr</name>
         <value>0x2d1d</value>
         <object_component_ref idref="oc-b3"/>
      </symbol>
      <symbol id="sm-698">
         <name>__TI_zero_init</name>
         <value>0x3203</value>
         <object_component_ref idref="oc-55"/>
      </symbol>
      <symbol id="sm-6af">
         <name>__TI_decompress_none</name>
         <value>0x31e9</value>
         <object_component_ref idref="oc-18"/>
      </symbol>
      <symbol id="sm-6d2">
         <name>__TI_decompress_lzss</name>
         <value>0x2e01</value>
         <object_component_ref idref="oc-12"/>
      </symbol>
      <symbol id="sm-6e5">
         <name>__stack</name>
         <value>0x2000c710</value>
         <object_component_ref idref="oc-21"/>
      </symbol>
      <symbol id="sm-6e6">
         <name>_c_int00_noargs</name>
         <value>0x3059</value>
         <object_component_ref idref="oc-61"/>
      </symbol>
      <symbol id="sm-6f1">
         <name>C$$EXIT</name>
         <value>0x323b</value>
         <object_component_ref idref="oc-193"/>
      </symbol>
      <symbol id="sm-6f2">
         <name>abort</name>
         <value>0x323b</value>
         <object_component_ref idref="oc-193"/>
      </symbol>
      <symbol id="sm-71d">
         <name>__TI_auto_init_nobinit_nopinit</name>
         <value>0x2fdd</value>
         <object_component_ref idref="oc-19f"/>
      </symbol>
      <symbol id="sm-727">
         <name>_system_pre_init</name>
         <value>0x3237</value>
         <object_component_ref idref="oc-b9"/>
      </symbol>
      <symbol id="sm-729">
         <name>__TI_static_base__</name>
         <value>0x0</value>
      </symbol>
      <symbol id="sm-72c">
         <name>__mpu_init</name>
         <value>0x0</value>
      </symbol>
      <symbol id="sm-72d">
         <name>_system_post_cinit</name>
         <value>0x0</value>
      </symbol>
   </symbol_table>
   <title>Link successful</title>
</link_info>
